******************************************************************************
                  TI ARM Linker PC v18.12.3                    
******************************************************************************
>> Linked Tue Oct 29 20:49:11 2019

OUTPUT FILE NAME:   <Lab7.out>
ENTRY POINT SYMBOL: "_c_int00_noargs"  address: 00000c11


MEMORY CONFIGURATION

         name            origin    length      used     unused   attr    fill
----------------------  --------  ---------  --------  --------  ----  --------
  FLASH                 00000000   00040000  00000f64  0003f09c  R  X
  SRAM                  20000000   00008000  0000020c  00007df4  RW X


SEGMENT ALLOCATION MAP

run origin  load origin   length   init length attrs members
----------  ----------- ---------- ----------- ----- -------
00000000    00000000    00000f64   00000f64    r-x
  00000000    00000000    0000026c   0000026c    r-- .intvecs
  0000026c    0000026c    00000b78   00000b78    r-x .text
  00000de4    00000de4    0000016c   0000016c    r-- .const
  00000f50    00000f50    00000014   00000014    r-- .cinit
20000000    20000000    0000020c   00000000    rw-
  20000000    20000000    00000200   00000000    rw- .stack
  20000200    20000200    0000000c   00000000    rw- .bss


SECTION ALLOCATION MAP

 output                                  attributes/
section   page    origin      length       input sections
--------  ----  ----------  ----------   ----------------
.intvecs   0    00000000    0000026c     
                  00000000    0000026c     tm4c123gh6pm_startup_ccs.obj (.intvecs)

.text      0    0000026c    00000b78     
                  0000026c    00000430     main.obj (.text)
                  0000069c    00000132     driverlib.lib : gpio.obj (.text:GPIOPadConfigSet)
                  000007ce    00000002     --HOLE-- [fill = 0]
                  000007d0    00000110                   : sysctl.obj (.text:SysCtlClockGet)
                  000008e0    000000f4                   : sysctl.obj (.text:SysCtlClockSet)
                  000009d4    0000007a                   : adc.obj (.text:ADCSequenceStepConfigure)
                  00000a4e    00000002     --HOLE-- [fill = 0]
                  00000a50    00000068                   : interrupt.obj (.text:IntEnable)
                  00000ab8    00000050                   : adc.obj (.text:ADCSequenceConfigure)
                  00000b08    00000048                   : gpio.obj (.text:GPIOPinConfigure)
                  00000b50    00000046                   : uart.obj (.text:UARTConfigSetExpClk)
                  00000b96    00000002     --HOLE-- [fill = 0]
                  00000b98    00000044     rtsv7M4_T_le_v4SPD16_eabi.lib : autoinit.c.obj (.text:__TI_auto_init_nobinit_nopinit:__TI_auto_init_nobinit_nopinit)
                  00000bdc    00000034     driverlib.lib : sysctl.obj (.text:SysCtlPeripheralEnable)
                  00000c10    00000034     rtsv7M4_T_le_v4SPD16_eabi.lib : boot_cortex_m.c.obj (.text:_c_int00_noargs:_c_int00_noargs)
                  00000c44    0000002e     driverlib.lib : adc.obj (.text:ADCIntStatus)
                  00000c72    0000002a                   : gpio.obj (.text:GPIODirModeSet)
                  00000c9c    00000020                   : uart.obj (.text:UARTDisable)
                  00000cbc    0000001e                   : adc.obj (.text:ADCSequenceDataGet)
                  00000cda    0000001c     rtsv7M4_T_le_v4SPD16_eabi.lib : copy_zero_init.c.obj (.text:decompress:ZI:__TI_zero_init_nomemset:__TI_zero_init_nomemset)
                  00000cf6    00000018     driverlib.lib : adc.obj (.text:ADCProcessorTrigger)
                  00000d0e    00000018                   : gpio.obj (.text:GPIOPinTypeGPIOOutput)
                  00000d26    00000014                   : uart.obj (.text:UARTEnable)
                  00000d3a    00000012                   : gpio.obj (.text:GPIOPinTypeUART)
                  00000d4c    00000010                   : adc.obj (.text:ADCIntEnable)
                  00000d5c    00000010                   : interrupt.obj (.text:IntMasterEnable)
                  00000d6c    0000000e                   : adc.obj (.text:ADCHardwareOversampleConfigure)
                  00000d7a    0000000e                   : adc.obj (.text:ADCSequenceEnable)
                  00000d88    0000000c                   : cpu.obj (.text:CPUcpsie)
                  00000d94    0000000c     tm4c123gh6pm_startup_ccs.obj (.text)
                  00000da0    0000000a     driverlib.lib : adc.obj (.text:ADCIntClear)
                  00000daa    0000000a                   : uart.obj (.text:UARTCharGet)
                  00000db4    0000000a                   : uart.obj (.text:UARTCharPut)
                  00000dbe    0000000a                   : uart.obj (.text:UARTIntStatus)
                  00000dc8    00000008                   : uart.obj (.text:UARTIntEnable)
                  00000dd0    00000006                   : gpio.obj (.text:GPIOPinWrite)
                  00000dd6    00000006                   : sysctl.obj (.text:SysCtlDelay)
                  00000ddc    00000004     rtsv7M4_T_le_v4SPD16_eabi.lib : pre_init.c.obj (.text:_system_pre_init)
                  00000de0    00000004                                   : exit.c.obj (.text:abort:abort)

.const     0    00000de4    0000016c     
                  00000de4    00000090     driverlib.lib : gpio.obj (.const:g_pui32GPIOBaseAddrs)
                  00000e74    00000070                   : interrupt.obj (.const)
                  00000ee4    0000006c                   : sysctl.obj (.const:g_pui32Xtals)

.cinit     0    00000f50    00000014     
                  00000f50    00000008     (.cinit..bss.load) [load image, compression = zero_init]
                  00000f58    00000004     (__TI_handler_table)
                  00000f5c    00000008     (__TI_cinit_table)

.init_array 
*          0    00000000    00000000     UNINITIALIZED

.bss       0    20000200    0000000c     UNINITIALIZED
                  20000200    00000004     (.common:ui32ADC0Value)
                  20000204    00000004     (.common:ui32TempValueC)
                  20000208    00000004     (.common:ui32TempValueF)

.stack     0    20000000    00000200     UNINITIALIZED
                  20000000    00000004     rtsv7M4_T_le_v4SPD16_eabi.lib : boot_cortex_m.c.obj (.stack)
                  20000004    000001fc     --HOLE--

MODULE SUMMARY

       Module                         code   ro data   rw data
       ------                         ----   -------   -------
    .\
       main.obj                       1072   0         12     
       tm4c123gh6pm_startup_ccs.obj   12     620       0      
    +--+------------------------------+------+---------+---------+
       Total:                         1084   620       12     
                                                              
    C:/ti/tivaware_c_series_2_1_4_178/driverlib/ccs/Debug/driverlib.lib
       sysctl.obj                     574    108       0      
       gpio.obj                       468    144       0      
       adc.obj                        356    0         0      
       interrupt.obj                  120    112       0      
       uart.obj                       160    0         0      
       cpu.obj                        12     0         0      
    +--+------------------------------+------+---------+---------+
       Total:                         1690   364       0      
                                                              
    C:\ti\ccs910\ccs\tools\compiler\ti-cgt-arm_18.12.3.LTS\lib\rtsv7M4_T_le_v4SPD16_eabi.lib
       autoinit.c.obj                 68     0         0      
       boot_cortex_m.c.obj            52     0         0      
       copy_zero_init.c.obj           28     0         0      
       exit.c.obj                     4      0         0      
       pre_init.c.obj                 4      0         0      
    +--+------------------------------+------+---------+---------+
       Total:                         156    0         0      
                                                              
       Stack:                         0      0         512    
       Linker Generated:              0      20        0      
    +--+------------------------------+------+---------+---------+
       Grand Total:                   2930   1004      524    


LINKER GENERATED COPY TABLES

__TI_cinit_table @ 00000f5c records: 1, size/record: 8, table size: 8
	.bss: load addr=00000f50, load size=00000008 bytes, run addr=20000200, run size=0000000c bytes, compression=zero_init


LINKER GENERATED HANDLER TABLE

__TI_handler_table @ 00000f58 records: 1, size/record: 4, table size: 4
	index: 0, handler: __TI_zero_init


GLOBAL SYMBOLS: SORTED ALPHABETICALLY BY Name 

address   name                          
-------   ----                          
00000d6d  ADCHardwareOversampleConfigure
00000da1  ADCIntClear                   
00000d4d  ADCIntEnable                  
00000c45  ADCIntStatus                  
00000cf7  ADCProcessorTrigger           
00000ab9  ADCSequenceConfigure          
00000cbd  ADCSequenceDataGet            
00000d7b  ADCSequenceEnable             
000009d5  ADCSequenceStepConfigure      
00000de1  C$$EXIT                       
00000d89  CPUcpsie                      
00000c73  GPIODirModeSet                
0000069d  GPIOPadConfigSet              
00000b09  GPIOPinConfigure              
00000d0f  GPIOPinTypeGPIOOutput         
00000d3b  GPIOPinTypeUART               
00000dd1  GPIOPinWrite                  
00000a51  IntEnable                     
00000d5d  IntMasterEnable               
00000d95  ResetISR                      
000007d1  SysCtlClockGet                
000008e1  SysCtlClockSet                
00000dd7  SysCtlDelay                   
00000bdd  SysCtlPeripheralEnable        
00000dab  UARTCharGet                   
00000db5  UARTCharPut                   
00000b51  UARTConfigSetExpClk           
00000c9d  UARTDisable                   
00000d27  UARTEnable                    
00000dc9  UARTIntEnable                 
00000303  UARTIntHandler                
00000dbf  UARTIntStatus                 
0000066d  UART_OutChar                  
00000639  UART_OutUDec                  
20000200  __STACK_END                   
00000200  __STACK_SIZE                  
20000200  __STACK_TOP                   
00000f5c  __TI_CINIT_Base               
00000f64  __TI_CINIT_Limit              
00000f58  __TI_Handler_Table_Base       
00000f5c  __TI_Handler_Table_Limit      
00000b99  __TI_auto_init_nobinit_nopinit
ffffffff  __TI_pprof_out_hndl           
ffffffff  __TI_prof_data_size           
ffffffff  __TI_prof_data_start          
00000000  __TI_static_base__            
00000cdb  __TI_zero_init_nomemset       
ffffffff  __binit__                     
ffffffff  __c_args__                    
UNDEFED   __mpu_init                    
20000000  __stack                       
00000c11  _c_int00_noargs               
UNDEFED   _system_post_cinit            
00000ddd  _system_pre_init              
00000de1  abort                         
ffffffff  binit                         
00000000  g_pfnVectors                  
0000026d  main                          
20000200  ui32ADC0Value                 
20000204  ui32TempValueC                
20000208  ui32TempValueF                


GLOBAL SYMBOLS: SORTED BY Symbol Address 

address   name                          
-------   ----                          
00000000  __TI_static_base__            
00000000  g_pfnVectors                  
00000200  __STACK_SIZE                  
0000026d  main                          
00000303  UARTIntHandler                
00000639  UART_OutUDec                  
0000066d  UART_OutChar                  
0000069d  GPIOPadConfigSet              
000007d1  SysCtlClockGet                
000008e1  SysCtlClockSet                
000009d5  ADCSequenceStepConfigure      
00000a51  IntEnable                     
00000ab9  ADCSequenceConfigure          
00000b09  GPIOPinConfigure              
00000b51  UARTConfigSetExpClk           
00000b99  __TI_auto_init_nobinit_nopinit
00000bdd  SysCtlPeripheralEnable        
00000c11  _c_int00_noargs               
00000c45  ADCIntStatus                  
00000c73  GPIODirModeSet                
00000c9d  UARTDisable                   
00000cbd  ADCSequenceDataGet            
00000cdb  __TI_zero_init_nomemset       
00000cf7  ADCProcessorTrigger           
00000d0f  GPIOPinTypeGPIOOutput         
00000d27  UARTEnable                    
00000d3b  GPIOPinTypeUART               
00000d4d  ADCIntEnable                  
00000d5d  IntMasterEnable               
00000d6d  ADCHardwareOversampleConfigure
00000d7b  ADCSequenceEnable             
00000d89  CPUcpsie                      
00000d95  ResetISR                      
00000da1  ADCIntClear                   
00000dab  UARTCharGet                   
00000db5  UARTCharPut                   
00000dbf  UARTIntStatus                 
00000dc9  UARTIntEnable                 
00000dd1  GPIOPinWrite                  
00000dd7  SysCtlDelay                   
00000ddd  _system_pre_init              
00000de1  C$$EXIT                       
00000de1  abort                         
00000f58  __TI_Handler_Table_Base       
00000f5c  __TI_CINIT_Base               
00000f5c  __TI_Handler_Table_Limit      
00000f64  __TI_CINIT_Limit              
20000000  __stack                       
20000200  __STACK_END                   
20000200  __STACK_TOP                   
20000200  ui32ADC0Value                 
20000204  ui32TempValueC                
20000208  ui32TempValueF                
ffffffff  __TI_pprof_out_hndl           
ffffffff  __TI_prof_data_size           
ffffffff  __TI_prof_data_start          
ffffffff  __binit__                     
ffffffff  __c_args__                    
ffffffff  binit                         
UNDEFED   __mpu_init                    
UNDEFED   _system_post_cinit            

[61 symbols]
