******************************************************************************
                  TI ARM Linker PC v18.12.3                    
******************************************************************************
>> Linked Tue Oct 29 20:23:31 2019

OUTPUT FILE NAME:   <Midterm.out>
ENTRY POINT SYMBOL: "_c_int00_noinit_noargs"  address: 000007f1


MEMORY CONFIGURATION

         name            origin    length      used     unused   attr    fill
----------------------  --------  ---------  --------  --------  ----  --------
  FLASH                 00000000   00040000  00000a90  0003f570  R  X
  SRAM                  20000000   00008000  00000200  00007e00  RW X


SEGMENT ALLOCATION MAP

run origin  load origin   length   init length attrs members
----------  ----------- ---------- ----------- ----- -------
00000000    00000000    00000a90   00000a90    r-x
  00000000    00000000    0000026c   0000026c    r-- .intvecs
  0000026c    0000026c    000006b8   000006b8    r-x .text
  00000924    00000924    0000016c   0000016c    r-- .const
20000000    20000000    00000200   00000000    rw-
  20000000    20000000    00000200   00000000    rw- .stack


SECTION ALLOCATION MAP

 output                                  attributes/
section   page    origin      length       input sections
--------  ----  ----------  ----------   ----------------
.intvecs   0    00000000    0000026c     
                  00000000    0000026c     tm4c123gh6pm_startup_ccs.obj (.intvecs)

.text      0    0000026c    000006b8     
                  0000026c    00000132     driverlib.lib : gpio.obj (.text:GPIOPadConfigSet)
                  0000039e    00000002     --HOLE-- [fill = 0]
                  000003a0    00000120     main.obj (.text)
                  000004c0    00000110     driverlib.lib : sysctl.obj (.text:SysCtlClockGet)
                  000005d0    000000f4                   : sysctl.obj (.text:SysCtlClockSet)
                  000006c4    00000068                   : interrupt.obj (.text:IntEnable)
                  0000072c    00000048                   : gpio.obj (.text:GPIOPinConfigure)
                  00000774    00000046                   : uart.obj (.text:UARTConfigSetExpClk)
                  000007ba    00000002     --HOLE-- [fill = 0]
                  000007bc    00000034                   : sysctl.obj (.text:SysCtlPeripheralEnable)
                  000007f0    0000002c     rtsv7M4_T_le_v4SPD16_eabi.lib : boot_cortex_m.c.obj (.text:_c_int00_noinit_noargs:_c_int00_noinit_noargs)
                  0000081c    0000002a     driverlib.lib : gpio.obj (.text:GPIODirModeSet)
                  00000846    00000002     --HOLE-- [fill = 0]
                  00000848    00000020                   : uart.obj (.text:UARTDisable)
                  00000868    00000018                   : gpio.obj (.text:GPIOPinTypeGPIOOutput)
                  00000880    00000014                   : uart.obj (.text:UARTEnable)
                  00000894    00000012                   : gpio.obj (.text:GPIOPinTypeUART)
                  000008a6    00000010                   : interrupt.obj (.text:IntMasterEnable)
                  000008b6    0000000e                   : uart.obj (.text:UARTCharGetNonBlocking)
                  000008c4    0000000e                   : uart.obj (.text:UARTCharPutNonBlocking)
                  000008d2    0000000c                   : cpu.obj (.text:CPUcpsie)
                  000008de    0000000c     tm4c123gh6pm_startup_ccs.obj (.text)
                  000008ea    0000000a     driverlib.lib : uart.obj (.text:UARTCharGet)
                  000008f4    0000000a                   : uart.obj (.text:UARTCharPut)
                  000008fe    0000000a                   : uart.obj (.text:UARTIntStatus)
                  00000908    00000008                   : uart.obj (.text:UARTIntEnable)
                  00000910    00000006                   : gpio.obj (.text:GPIOPinWrite)
                  00000916    00000006                   : sysctl.obj (.text:SysCtlDelay)
                  0000091c    00000004     rtsv7M4_T_le_v4SPD16_eabi.lib : pre_init.c.obj (.text:_system_pre_init)
                  00000920    00000004                                   : exit.c.obj (.text:abort:abort)

.const     0    00000924    0000016c     
                  00000924    00000090     driverlib.lib : gpio.obj (.const:g_pui32GPIOBaseAddrs)
                  000009b4    00000070                   : interrupt.obj (.const)
                  00000a24    0000006c                   : sysctl.obj (.const:g_pui32Xtals)

.cinit     0    00000000    00000000     UNINITIALIZED

.init_array 
*          0    00000000    00000000     UNINITIALIZED

.stack     0    20000000    00000200     UNINITIALIZED
                  20000000    00000004     rtsv7M4_T_le_v4SPD16_eabi.lib : boot_cortex_m.c.obj (.stack)
                  20000004    000001fc     --HOLE--

MODULE SUMMARY

       Module                         code   ro data   rw data
       ------                         ----   -------   -------
    .\
       tm4c123gh6pm_startup_ccs.obj   12     620       0      
       main.obj                       288    0         0      
    +--+------------------------------+------+---------+---------+
       Total:                         300    620       0      
                                                              
    C:/ti/tivaware_c_series_2_1_4_178/driverlib/ccs/Debug/driverlib.lib
       sysctl.obj                     574    108       0      
       gpio.obj                       468    144       0      
       interrupt.obj                  120    112       0      
       uart.obj                       188    0         0      
       cpu.obj                        12     0         0      
    +--+------------------------------+------+---------+---------+
       Total:                         1362   364       0      
                                                              
    C:\ti\ccs910\ccs\tools\compiler\ti-cgt-arm_18.12.3.LTS\lib\rtsv7M4_T_le_v4SPD16_eabi.lib
       boot_cortex_m.c.obj            44     0         0      
       exit.c.obj                     4      0         0      
       pre_init.c.obj                 4      0         0      
    +--+------------------------------+------+---------+---------+
       Total:                         52     0         0      
                                                              
       Stack:                         0      0         512    
    +--+------------------------------+------+---------+---------+
       Grand Total:                   1714   984       512    


GLOBAL SYMBOLS: SORTED ALPHABETICALLY BY Name 

address   name                  
-------   ----                  
00000921  C$$EXIT               
000008d3  CPUcpsie              
0000081d  GPIODirModeSet        
0000026d  GPIOPadConfigSet      
0000072d  GPIOPinConfigure      
00000869  GPIOPinTypeGPIOOutput 
00000895  GPIOPinTypeUART       
00000911  GPIOPinWrite          
000006c5  IntEnable             
000008a7  IntMasterEnable       
000008df  ResetISR              
000004c1  SysCtlClockGet        
000005d1  SysCtlClockSet        
00000917  SysCtlDelay           
000007bd  SysCtlPeripheralEnable
000008eb  UARTCharGet           
000008b7  UARTCharGetNonBlocking
000008f5  UARTCharPut           
000008c5  UARTCharPutNonBlocking
00000775  UARTConfigSetExpClk   
00000849  UARTDisable           
00000881  UARTEnable            
00000909  UARTIntEnable         
00000469  UARTIntHandler        
000008ff  UARTIntStatus         
20000200  __STACK_END           
00000200  __STACK_SIZE          
20000200  __STACK_TOP           
ffffffff  __TI_pprof_out_hndl   
ffffffff  __TI_prof_data_size   
ffffffff  __TI_prof_data_start  
00000000  __TI_static_base__    
ffffffff  __binit__             
ffffffff  __c_args__            
UNDEFED   __mpu_init            
20000000  __stack               
000007f1  _c_int00_noinit_noargs
0000091d  _system_pre_init      
00000921  abort                 
ffffffff  binit                 
00000000  g_pfnVectors          
000003a1  main                  


GLOBAL SYMBOLS: SORTED BY Symbol Address 

address   name                  
-------   ----                  
00000000  __TI_static_base__    
00000000  g_pfnVectors          
00000200  __STACK_SIZE          
0000026d  GPIOPadConfigSet      
000003a1  main                  
00000469  UARTIntHandler        
000004c1  SysCtlClockGet        
000005d1  SysCtlClockSet        
000006c5  IntEnable             
0000072d  GPIOPinConfigure      
00000775  UARTConfigSetExpClk   
000007bd  SysCtlPeripheralEnable
000007f1  _c_int00_noinit_noargs
0000081d  GPIODirModeSet        
00000849  UARTDisable           
00000869  GPIOPinTypeGPIOOutput 
00000881  UARTEnable            
00000895  GPIOPinTypeUART       
000008a7  IntMasterEnable       
000008b7  UARTCharGetNonBlocking
000008c5  UARTCharPutNonBlocking
000008d3  CPUcpsie              
000008df  ResetISR              
000008eb  UARTCharGet           
000008f5  UARTCharPut           
000008ff  UARTIntStatus         
00000909  UARTIntEnable         
00000911  GPIOPinWrite          
00000917  SysCtlDelay           
0000091d  _system_pre_init      
00000921  C$$EXIT               
00000921  abort                 
20000000  __stack               
20000200  __STACK_END           
20000200  __STACK_TOP           
ffffffff  __TI_pprof_out_hndl   
ffffffff  __TI_prof_data_size   
ffffffff  __TI_prof_data_start  
ffffffff  __binit__             
ffffffff  __c_args__            
ffffffff  binit                 
UNDEFED   __mpu_init            

[42 symbols]
