******************************************************************************
                  TI ARM Linker PC v18.12.3                    
******************************************************************************
>> Linked Sat Oct 26 23:06:47 2019

OUTPUT FILE NAME:   <Midterm.out>
ENTRY POINT SYMBOL: "_c_int00_noargs"  address: 00003a1d


MEMORY CONFIGURATION

         name            origin    length      used     unused   attr    fill
----------------------  --------  ---------  --------  --------  ----  --------
  FLASH                 00000000   00040000  00003c9e  0003c362  R  X
  SRAM                  20000000   00008000  0000036a  00007c96  RW X


SEGMENT ALLOCATION MAP

run origin  load origin   length   init length attrs members
----------  ----------- ---------- ----------- ----- -------
00000000    00000000    00003ca0   00003ca0    r-x
  00000000    00000000    0000026c   0000026c    r-- .intvecs
  0000026c    0000026c    000038b6   000038b6    r-x .text
  00003b24    00003b24    0000014c   0000014c    r-- .const
  00003c70    00003c70    00000030   00000030    r-- .cinit
20000000    20000000    0000036d   00000000    rw-
  20000000    20000000    00000200   00000000    rw- .stack
  20000200    20000200    0000015d   00000000    rw- .bss
  20000360    20000360    0000000d   00000000    rw- .data


SECTION ALLOCATION MAP

 output                                  attributes/
section   page    origin      length       input sections
--------  ----  ----------  ----------   ----------------
.intvecs   0    00000000    0000026c     
                  00000000    0000026c     tm4c123gh6pm_startup_ccs.obj (.intvecs)

.text      0    0000026c    000038b6     
                  0000026c    00001144     main.obj (.text)
                  000013b0    00000c00     IQmathLib.lib : IQtables.obj (.text:atan2PU_table)
                  00001fb0    00000800                   : IQtables.obj (.text:div_table)
                  000027b0    000005b0     mpu6050.obj (.text)
                  00002d60    000004dc     uartstdio.obj (.text)
                  0000323c    00000132     driverlib.lib : gpio.obj (.text:GPIOPadConfigSet)
                  0000336e    00000002     rtsv7M4_T_le_v4SPD16_eabi.lib : div0.asm.obj (.text)
                  00003370    00000110     driverlib.lib : sysctl.obj (.text:SysCtlClockGet)
                  00003480    000000f4                   : sysctl.obj (.text:SysCtlClockSet)
                  00003574    000000d4     IQmathLib.lib : IQNatan2.obj (.text:_IQ16atan2)
                  00003648    0000009c     rtsv7M4_T_le_v4SPD16_eabi.lib : memcpy_t2.asm.obj (.text)
                  000036e4    00000090     IQmathLib.lib : IQNdiv.obj (.text:_IQ16div)
                  00003774    00000068     rtsv7M4_T_le_v4SPD16_eabi.lib : copy_decompress_lzss.c.obj (.text:decompress:lzss:__TI_decompress_lzss)
                  000037dc    00000050     driverlib.lib : sysctl.obj (.text:SysCtlPeripheralReset)
                  0000382c    0000004c                   : i2c.obj (.text:I2CMasterInitExpClk)
                  00003878    00000048                   : gpio.obj (.text:GPIOPinConfigure)
                  000038c0    00000044     rtsv7M4_T_le_v4SPD16_eabi.lib : autoinit.c.obj (.text:__TI_auto_init_nobinit_nopinit:__TI_auto_init_nobinit_nopinit)
                  00003904    00000040                                   : u_divt2.asm.obj (.text)
                  00003944    00000036     main.obj (.text:I2CMRead)
                  0000397a    00000036     main.obj (.text:I2CMWrite)
                  000039b0    00000036     main.obj (.text:I2CMWriteBatched)
                  000039e6    00000002     --HOLE-- [fill = 0]
                  000039e8    00000034     driverlib.lib : sysctl.obj (.text:SysCtlPeripheralEnable)
                  00003a1c    00000034     rtsv7M4_T_le_v4SPD16_eabi.lib : boot_cortex_m.c.obj (.text:_c_int00_noargs:_c_int00_noargs)
                  00003a50    0000002a     driverlib.lib : gpio.obj (.text:GPIODirModeSet)
                  00003a7a    0000001c     rtsv7M4_T_le_v4SPD16_eabi.lib : copy_zero_init.c.obj (.text:decompress:ZI:__TI_zero_init_nomemset:__TI_zero_init_nomemset)
                  00003a96    00000012     driverlib.lib : gpio.obj (.text:GPIOPinTypeI2C)
                  00003aa8    00000012                   : gpio.obj (.text:GPIOPinTypeI2CSCL)
                  00003aba    00000012                   : gpio.obj (.text:GPIOPinTypeUART)
                  00003acc    00000010     IQmathLib.lib : IQNmpy.obj (.text:_IQ16mpy)
                  00003adc    0000000e     rtsv7M4_T_le_v4SPD16_eabi.lib : copy_decompress_none.c.obj (.text:decompress:none:__TI_decompress_none)
                  00003aea    00000002     --HOLE-- [fill = 0]
                  00003aec    0000000c     driverlib.lib : interrupt.obj (.text:IntTrigger)
                  00003af8    0000000c     tm4c123gh6pm_startup_ccs.obj (.text)
                  00003b04    0000000a     driverlib.lib : i2c.obj (.text:I2CMasterEnable)
                  00003b0e    00000006                   : sysctl.obj (.text:SysCtlDelay)
                  00003b14    00000006                   : uart.obj (.text:UARTClockSourceSet)
                  00003b1a    00000004     rtsv7M4_T_le_v4SPD16_eabi.lib : pre_init.c.obj (.text:_system_pre_init)
                  00003b1e    00000004                                   : exit.c.obj (.text:abort:abort)

.const     0    00003b24    0000014c     
                  00003b24    00000090     driverlib.lib : gpio.obj (.const:g_pui32GPIOBaseAddrs)
                  00003bb4    0000006c                   : sysctl.obj (.const:g_pui32Xtals)
                  00003c20    00000012     uartstdio.obj (.const:.string)
                  00003c32    00000002     --HOLE-- [fill = 0]
                  00003c34    00000010     mpu6050.obj (.const:g_fMPU6050AccelFactors)
                  00003c44    00000010     mpu6050.obj (.const:g_fMPU6050GyroFactors)
                  00003c54    0000000c     uartstdio.obj (.const:g_ui32UARTBase)
                  00003c60    0000000c     uartstdio.obj (.const:g_ui32UARTPeriph)
                  00003c6c    00000004     uartstdio.obj (.const)

.cinit     0    00003c70    00000030     
                  00003c70    0000000c     (__TI_handler_table)
                  00003c7c    00000004     --HOLE-- [fill = 0]
                  00003c80    00000008     (.cinit..bss.load) [load image, compression = zero_init]
                  00003c88    00000007     (.cinit..data.load) [load image, compression = lzss]
                  00003c8f    00000001     --HOLE-- [fill = 0]
                  00003c90    00000010     (__TI_cinit_table)

.init_array 
*          0    00000000    00000000     UNINITIALIZED

.bss       0    20000200    0000015d     UNINITIALIZED
                  20000200    00000124     (.common:I2CMaster)
                  20000324    00000038     (.common:sMPU6050)
                  2000035c    00000001     (.common:MPU6050_DONE)

.data      0    20000360    0000000d     UNINITIALIZED
                  20000360    00000008     main.obj (.data)
                  20000368    00000005     uartstdio.obj (.data)

.stack     0    20000000    00000200     UNINITIALIZED
                  20000000    00000004     rtsv7M4_T_le_v4SPD16_eabi.lib : boot_cortex_m.c.obj (.stack)
                  20000004    000001fc     --HOLE--

MODULE SUMMARY

       Module                         code   ro data   rw data
       ------                         ----   -------   -------
    .\
       main.obj                       4582   0         357    
       mpu6050.obj                    1456   32        0      
       uartstdio.obj                  1244   46        5      
       tm4c123gh6pm_startup_ccs.obj   12     620       0      
    +--+------------------------------+------+---------+---------+
       Total:                         7294   698       362    
                                                              
    C:/ti/tivaware_c_series_2_1_4_178/IQmath/ccs/IQmathLib/Debug/IQmathLib.lib
       IQtables.obj                   0      5120      0      
       IQNatan2.obj                   212    0         0      
       IQNdiv.obj                     144    0         0      
       IQNmpy.obj                     16     0         0      
    +--+------------------------------+------+---------+---------+
       Total:                         372    5120      0      
                                                              
    C:/ti/tivaware_c_series_2_1_4_178/driverlib/ccs/Debug/driverlib.lib
       sysctl.obj                     654    108       0      
       gpio.obj                       474    144       0      
       i2c.obj                        86     0         0      
       interrupt.obj                  12     0         0      
       uart.obj                       6      0         0      
    +--+------------------------------+------+---------+---------+
       Total:                         1232   252       0      
                                                              
    C:\ti\ccs910\ccs\tools\compiler\ti-cgt-arm_18.12.3.LTS\lib\rtsv7M4_T_le_v4SPD16_eabi.lib
       memcpy_t2.asm.obj              156    0         0      
       copy_decompress_lzss.c.obj     104    0         0      
       autoinit.c.obj                 68     0         0      
       u_divt2.asm.obj                64     0         0      
       boot_cortex_m.c.obj            52     0         0      
       copy_zero_init.c.obj           28     0         0      
       copy_decompress_none.c.obj     14     0         0      
       exit.c.obj                     4      0         0      
       pre_init.c.obj                 4      0         0      
       div0.asm.obj                   2      0         0      
    +--+------------------------------+------+---------+---------+
       Total:                         496    0         0      
                                                              
       Stack:                         0      0         512    
       Linker Generated:              0      43        0      
    +--+------------------------------+------+---------+---------+
       Grand Total:                   9394   6113      874    


LINKER GENERATED COPY TABLES

__TI_cinit_table @ 00003c90 records: 2, size/record: 8, table size: 16
	.bss: load addr=00003c80, load size=00000008 bytes, run addr=20000200, run size=0000015d bytes, compression=zero_init
	.data: load addr=00003c88, load size=00000007 bytes, run addr=20000360, run size=0000000d bytes, compression=lzss


LINKER GENERATED HANDLER TABLE

__TI_handler_table @ 00003c70 records: 3, size/record: 4, table size: 12
	index: 0, handler: __TI_decompress_lzss
	index: 1, handler: __TI_decompress_none
	index: 2, handler: __TI_zero_init


GLOBAL SYMBOLS: SORTED ALPHABETICALLY BY Name 

address   name                          
-------   ----                          
00003b1f  C$$EXIT                       
000012dd  CF                            
00001011  Complementary_Filter          
00000fb1  ConfigureUART                 
00003a51  GPIODirModeSet                
0000323d  GPIOPadConfigSet              
00003879  GPIOPinConfigure              
00003a97  GPIOPinTypeI2C                
00003aa9  GPIOPinTypeI2CSCL             
00003abb  GPIOPinTypeUART               
00000923  I2CMCommand                   
000008bb  I2CMInit                      
0000078f  I2CMIntHandler                
00003945  I2CMRead                      
00000e09  I2CMRead16BE                  
00000c2d  I2CMReadModifyWrite16LE       
00000add  I2CMReadModifyWrite8          
00000a07  I2CMTransferResume            
0000397b  I2CMWrite                     
00000ecf  I2CMWrite16BE                 
00000d3d  I2CMWrite8                    
000039b1  I2CMWriteBatched              
20000200  I2CMaster                     
00003b05  I2CMasterEnable               
0000382d  I2CMasterInitExpClk           
00000fff  I2CMasterIntHandler           
00000f55  InitI2C0                      
00003aed  IntTrigger                    
00000fed  MPU6050Callback               
00002be1  MPU6050DataAccelGetFloat      
00002b95  MPU6050DataAccelGetRaw        
00002cc5  MPU6050DataGyroGetFloat       
00002c75  MPU6050DataGyroGetRaw         
00002b31  MPU6050DataRead               
000012ed  MPU6050Example                
0000291b  MPU6050Init                   
0000299d  MPU6050Read                   
00002ad3  MPU6050ReadModifyWrite        
00002a09  MPU6050Write                  
2000035c  MPU6050_DONE                  
000011d7  MPURMW                        
000012a9  MPU_GetAccFloat               
000012c5  MPU_GetGyroFloat              
000011b5  MPU_Init                      
00001255  MPU_R                         
00001285  MPU_ReadData                  
00001215  MPU_Reset                     
20000360  Pitch                         
00003af9  ResetISR                      
20000364  Roll                          
00003371  SysCtlClockGet                
00003481  SysCtlClockSet                
00003b0f  SysCtlDelay                   
000039e9  SysCtlPeripheralEnable        
000037dd  SysCtlPeripheralReset         
00003b15  UARTClockSourceSet            
00002d61  UARTStdioConfig               
00002ed9  UARTgetc                      
00002e13  UARTgets                      
00003207  UARTprintf                    
00002f0d  UARTvprintf                   
00002dc1  UARTwrite                     
00003575  _IQ16atan2                    
000036e5  _IQ16div                      
00003acd  _IQ16mpy                      
20000200  __STACK_END                   
00000200  __STACK_SIZE                  
20000200  __STACK_TOP                   
00003c90  __TI_CINIT_Base               
00003ca0  __TI_CINIT_Limit              
00003c70  __TI_Handler_Table_Base       
00003c7c  __TI_Handler_Table_Limit      
000038c1  __TI_auto_init_nobinit_nopinit
00003775  __TI_decompress_lzss          
00003add  __TI_decompress_none          
ffffffff  __TI_pprof_out_hndl           
ffffffff  __TI_prof_data_size           
ffffffff  __TI_prof_data_start          
00000000  __TI_static_base__            
00003a7b  __TI_zero_init_nomemset       
0000336f  __aeabi_idiv0                 
0000336f  __aeabi_ldiv0                 
00003649  __aeabi_memcpy                
00003649  __aeabi_memcpy4               
00003649  __aeabi_memcpy8               
00003905  __aeabi_uidiv                 
00003905  __aeabi_uidivmod              
ffffffff  __binit__                     
ffffffff  __c_args__                    
UNDEFED   __mpu_init                    
20000000  __stack                       
00003a1d  _c_int00_noargs               
UNDEFED   _system_post_cinit            
00003b1b  _system_pre_init              
00003b1f  abort                         
000013b0  atan2PU_table                 
ffffffff  binit                         
00000f39  delayMS                       
00001fb0  div_table                     
00000000  g_pfnVectors                  
00001329  main                          
00003649  memcpy                        
20000324  sMPU6050                      


GLOBAL SYMBOLS: SORTED BY Symbol Address 

address   name                          
-------   ----                          
00000000  __TI_static_base__            
00000000  g_pfnVectors                  
00000200  __STACK_SIZE                  
0000078f  I2CMIntHandler                
000008bb  I2CMInit                      
00000923  I2CMCommand                   
00000a07  I2CMTransferResume            
00000add  I2CMReadModifyWrite8          
00000c2d  I2CMReadModifyWrite16LE       
00000d3d  I2CMWrite8                    
00000e09  I2CMRead16BE                  
00000ecf  I2CMWrite16BE                 
00000f39  delayMS                       
00000f55  InitI2C0                      
00000fb1  ConfigureUART                 
00000fed  MPU6050Callback               
00000fff  I2CMasterIntHandler           
00001011  Complementary_Filter          
000011b5  MPU_Init                      
000011d7  MPURMW                        
00001215  MPU_Reset                     
00001255  MPU_R                         
00001285  MPU_ReadData                  
000012a9  MPU_GetAccFloat               
000012c5  MPU_GetGyroFloat              
000012dd  CF                            
000012ed  MPU6050Example                
00001329  main                          
000013b0  atan2PU_table                 
00001fb0  div_table                     
0000291b  MPU6050Init                   
0000299d  MPU6050Read                   
00002a09  MPU6050Write                  
00002ad3  MPU6050ReadModifyWrite        
00002b31  MPU6050DataRead               
00002b95  MPU6050DataAccelGetRaw        
00002be1  MPU6050DataAccelGetFloat      
00002c75  MPU6050DataGyroGetRaw         
00002cc5  MPU6050DataGyroGetFloat       
00002d61  UARTStdioConfig               
00002dc1  UARTwrite                     
00002e13  UARTgets                      
00002ed9  UARTgetc                      
00002f0d  UARTvprintf                   
00003207  UARTprintf                    
0000323d  GPIOPadConfigSet              
0000336f  __aeabi_idiv0                 
0000336f  __aeabi_ldiv0                 
00003371  SysCtlClockGet                
00003481  SysCtlClockSet                
00003575  _IQ16atan2                    
00003649  __aeabi_memcpy                
00003649  __aeabi_memcpy4               
00003649  __aeabi_memcpy8               
00003649  memcpy                        
000036e5  _IQ16div                      
00003775  __TI_decompress_lzss          
000037dd  SysCtlPeripheralReset         
0000382d  I2CMasterInitExpClk           
00003879  GPIOPinConfigure              
000038c1  __TI_auto_init_nobinit_nopinit
00003905  __aeabi_uidiv                 
00003905  __aeabi_uidivmod              
00003945  I2CMRead                      
0000397b  I2CMWrite                     
000039b1  I2CMWriteBatched              
000039e9  SysCtlPeripheralEnable        
00003a1d  _c_int00_noargs               
00003a51  GPIODirModeSet                
00003a7b  __TI_zero_init_nomemset       
00003a97  GPIOPinTypeI2C                
00003aa9  GPIOPinTypeI2CSCL             
00003abb  GPIOPinTypeUART               
00003acd  _IQ16mpy                      
00003add  __TI_decompress_none          
00003aed  IntTrigger                    
00003af9  ResetISR                      
00003b05  I2CMasterEnable               
00003b0f  SysCtlDelay                   
00003b15  UARTClockSourceSet            
00003b1b  _system_pre_init              
00003b1f  C$$EXIT                       
00003b1f  abort                         
00003c70  __TI_Handler_Table_Base       
00003c7c  __TI_Handler_Table_Limit      
00003c90  __TI_CINIT_Base               
00003ca0  __TI_CINIT_Limit              
20000000  __stack                       
20000200  I2CMaster                     
20000200  __STACK_END                   
20000200  __STACK_TOP                   
20000324  sMPU6050                      
2000035c  MPU6050_DONE                  
20000360  Pitch                         
20000364  Roll                          
ffffffff  __TI_pprof_out_hndl           
ffffffff  __TI_prof_data_size           
ffffffff  __TI_prof_data_start          
ffffffff  __binit__                     
ffffffff  __c_args__                    
ffffffff  binit                         
UNDEFED   __mpu_init                    
UNDEFED   _system_post_cinit            

[103 symbols]
