******************************************************************************
                  TI ARM Linker PC v18.12.3                    
******************************************************************************
>> Linked Thu Dec 12 13:49:08 2019

OUTPUT FILE NAME:   <Blink TM4C Using BIOS.out>
ENTRY POINT SYMBOL: "_c_int00"  address: 00004241


MEMORY CONFIGURATION

         name            origin    length      used     unused   attr    fill
----------------------  --------  ---------  --------  --------  ----  --------
  FLASH                 00000000   00040000  00007e2b  000381d5  R  X
  SRAM                  20000000   00008000  00001f88  00006078  RW X


SEGMENT ALLOCATION MAP

run origin  load origin   length   init length attrs members
----------  ----------- ---------- ----------- ----- -------
00000000    00000000    00007e38   00007e38    r-x
  00000000    00000000    0000003c   0000003c    r-- .resetVecs
  00000040    00000040    000058fa   000058fa    r-x .text
  0000593c    0000593c    000022a5   000022a5    r-- .const
  00007be8    00007be8    00000250   00000250    r-- .cinit
20000000    20000000    00000360   00000000    rw-
  20000000    20000000    00000360   00000000    rw- .vecs
20000380    20000380    00001c28   00000000    rw-
  20000380    20000380    000012b0   00000000    rw- .bss
  20001630    20001630    00000578   00000000    rw- .data
  20001ba8    20001ba8    00000400   00000000    rw- .stack


SECTION ALLOCATION MAP

 output                                  attributes/
section   page    origin      length       input sections
--------  ----  ----------  ----------   ----------------
.text      0    00000040    000058fa     
                  00000040    00000430     sysbios.aem4f : BIOS.obj (.text:ti_sysbios_family_arm_m3_Hwi_excDumpRegs__I)
                  00000470    0000034c     ti.targets.arm.rtsarm.aem4f : System.oem4f (.text:xdc_runtime_System_doPrint__I)
                  000007bc    00000004     rtsv7M4_T_le_v4SPD16_eabi.lib : exit.c.obj (.text:abort:abort)
                  000007c0    000002ec     sysbios.aem4f : BIOS.obj (.text:ti_sysbios_knl_Semaphore_pend__E)
                  00000aac    00000004     rtos_lab4_pem4f.oem4f (.text:malloc)
                  00000ab0    000001f4     sysbios.aem4f : BIOS.obj (.text:ti_sysbios_family_arm_m3_Hwi_excHandlerMax__I)
                  00000ca4    00000004     rtos_lab4_pem4f.oem4f (.text:ti_sysbios_BIOS_RtsGateProxy_enter__E)
                  00000ca8    00000178     sysbios.aem4f : BIOS.obj (.text:ti_sysbios_family_arm_lm4_TimestampProvider_get64__E)
                  00000e20    00000174                   : BIOS.obj (.text:ti_sysbios_family_arm_m3_Hwi_excBusFault__I)
                  00000f94    00000004     rtos_lab4_pem4f.oem4f (.text:ti_sysbios_BIOS_RtsGateProxy_leave__E)
                  00000f98    00000164     sysbios.aem4f : BIOS.obj (.text:ti_sysbios_family_arm_m3_Hwi_excUsageFault__I)
                  000010fc    00000004                   : BIOS.obj (.text:ti_sysbios_family_arm_lm4_Timer_masterEnable__I)
                  00001100    00000148                   : BIOS.obj (.text:ti_sysbios_family_arm_m3_Hwi_excMemFault__I)
                  00001248    00000144                   : BIOS.obj (.text:ti_sysbios_family_arm_m3_Hwi_dispatchC__I)
                  0000138c    00000144     ti.targets.arm.rtsarm.aem4f : HeapStd.oem4f (.text:xdc_runtime_HeapStd_alloc__E)
                  000014d0    00000140     sysbios.aem4f : BIOS.obj (.text:ti_sysbios_knl_Semaphore_post__E)
                  00001610    0000013c                   : BIOS.obj (.text:ti_sysbios_knl_Clock_workFunc__E)
                  0000174c    00000138     rtos_lab4_pem4f.oem4f (.text:ti_uia_loggers_LoggerStopMode_writeMemoryRange__E)
                  00001884    00000130     driverlib.lib : gpio.obj (.text:GPIOPadConfigSet)
                  000019b4    00000004     rtos_lab4_pem4f.oem4f (.text:ti_sysbios_family_arm_m3_TaskSupport_Module__startupDone__S)
                  000019b8    00000120     sysbios.aem4f : BIOS.obj (.text:ti_sysbios_family_arm_lm4_Timer_start__E)
                  00001ad8    0000011c                   : BIOS.obj (.text:ti_sysbios_knl_Swi_run__I)
                  00001bf4    00000118     ti.targets.arm.rtsarm.aem4f : Error.oem4f (.text:xdc_runtime_Error_policyDefault__E)
                  00001d0c    0000010c     rtos_lab4_pem4f.oem4f (.text:ti_uia_loggers_LoggerStopMode_write8__E)
                  00001e18    00000100     Boot.aem4f : Boot_sysctl.oem4f (.text:ti_catalog_arm_cortexm4_tiva_ce_Boot_sysCtlClockSetI__I)
                  00001f18    00000100     ti.targets.arm.rtsarm.aem4f : Core-mem.oem4f (.text:xdc_runtime_Core_createObject__I)
                  00002018    000000f8                                 : Startup.oem4f (.text:xdc_runtime_Startup_startMods__I)
                  00002110    000000f8     rtos_lab4_pem4f.oem4f (.text:xdc_runtime_System_printfExtend__I)
                  00002208    000000f4     sysbios.aem4f : m3_Hwi_asm.obj (.text:ti_sysbios_family_arm_m3_Hwi_dispatch__I)
                  000022fc    000000f4     rtos_lab4_pem4f.oem4f (.text:ti_uia_loggers_LoggerStopMode_write4__E)
                  000023f0    000000f0     driverlib.lib : sysctl.obj (.text:SysCtlClockSet)
                  000024e0    000000e8     rtos_lab4_pem4f.oem4f (.text:ti_uia_loggers_LoggerStopMode_write1__E)
                  000025c8    000000e8     rtos_lab4_pem4f.oem4f (.text:ti_uia_loggers_LoggerStopMode_write2__E)
                  000026b0    000000d8     sysbios.aem4f : BIOS.obj (.text:ti_sysbios_family_arm_lm4_TimestampProvider_get32__E)
                  00002788    000000d8     rtos_lab4_pem4f.oem4f (.text:ti_uia_loggers_LoggerStopMode_write0__E)
                  00002860    000000d4     rtos_lab4.obj (.text:ledToggle)
                  00002934    00000004     rtos_lab4_pem4f.oem4f (.text:ti_sysbios_knl_Clock_TimerProxy_getMaxTicks__E)
                  00002938    000000cc     sysbios.aem4f : BIOS.obj (.text:ti_sysbios_knl_Task_schedule__I)
                  00002a04    000000cc     ti.targets.arm.rtsarm.aem4f : Core-smem.oem4f (.text:xdc_runtime_Core_constructObject__I)
                  00002ad0    000000cc                                 : HeapStd.oem4f (.text:xdc_runtime_HeapStd_Instance_init__E)
                  00002b9c    00000004     rtos_lab4_pem4f.oem4f (.text:ti_sysbios_knl_Clock_TimerProxy_getPeriod__E)
                  00002ba0    000000bc     sysbios.aem4f : BIOS.obj (.text:ti_sysbios_family_arm_m3_Hwi_excDebugMon__I)
                  00002c5c    00000004     rtos_lab4_pem4f.oem4f (.text:ti_sysbios_knl_Queue_destruct)
                  00002c60    000000bc     sysbios.aem4f : BIOS.obj (.text:ti_sysbios_family_arm_m3_Hwi_excHardFault__I)
                  00002d1c    00000004     rtos_lab4_pem4f.oem4f (.text:ti_sysbios_knl_Semaphore_destruct)
                  00002d20    000000bc     sysbios.aem4f : BIOS.obj (.text:ti_sysbios_knl_Task_startCore__E)
                  00002ddc    00000004     ti.uia.loggers.aem4f : LoggerStopMode.oem4f (.text:ti_uia_loggers_LoggerStopMode_getContents__E)
                  00002de0    000000bc     sysbios.aem4f : BIOS.obj (.text:ti_sysbios_utils_Load_updateLoads__E)
                  00002e9c    00000004     rtos_lab4_pem4f.oem4f (.text:ti_uia_loggers_LoggerStopMode_getFilterLevel__E)
                  00002ea0    000000b4     sysbios.aem4f : BIOS.obj (.text:ti_sysbios_gates_GateMutex_enter__E)
                  00002f54    00000004     ti.uia.loggers.aem4f : LoggerStopMode.oem4f (.text:ti_uia_loggers_LoggerStopMode_getInstanceId__E)
                  00002f58    000000b4     sysbios.aem4f : BIOS.obj (.text:ti_sysbios_knl_Task_checkStacks__E)
                  0000300c    00000004     ti.uia.loggers.aem4f : LoggerStopMode.oem4f (.text:ti_uia_loggers_LoggerStopMode_getMaxLength__E)
                  00003010    000000b0     sysbios.aem4f : BIOS.obj (.text:ti_sysbios_utils_Load_idleFxn__E)
                  000030c0    000000ac                   : BIOS.obj (.text:ti_sysbios_family_arm_lm4_Timer_enableTiva__I)
                  0000316c    00000004     ti.uia.loggers.aem4f : LoggerStopMode.oem4f (.text:ti_uia_loggers_LoggerStopMode_getPriority__E)
                  00003170    000000ac     sysbios.aem4f : BIOS.obj (.text:ti_sysbios_knl_Swi_post__E)
                  0000321c    00000004     ti.uia.loggers.aem4f : LoggerStopMode.oem4f (.text:ti_uia_loggers_LoggerStopMode_getTransferType__E)
                  00003220    000000a8     sysbios.aem4f : BIOS.obj (.text:ti_sysbios_family_arm_lm4_Timer_enableTimers__I)
                  000032c8    000000a8                   : BIOS.obj (.text:ti_sysbios_knl_Task_blockI__E)
                  00003370    000000a8     ti.targets.arm.rtsarm.aem4f : HeapStd.oem4f (.text:xdc_runtime_HeapStd_free__E)
                  00003418    000000a0     auto_init.aem4f : auto_init.oem4f (.text)
                  000034b8    000000a0     ti.targets.arm.rtsarm.aem4f : Text.oem4f (.text:xdc_runtime_Text_putMod__E)
                  00003558    0000009c     rtsv7M4_T_le_v4SPD16_eabi.lib : memcpy_t2.asm.obj (.text)
                  000035f4    00000004     ti.targets.arm.rtsarm.aem4f : Error.oem4f (.text:xdc_runtime_Error_getSite__E)
                  000035f8    0000009c     sysbios.aem4f : BIOS.obj (.text:ti_sysbios_knl_Semaphore_Instance_init__E)
                  00003694    0000009a     ti.targets.arm.rtsarm.aem4f : Text.oem4f (.text:xdc_runtime_Text_putSite__E)
                  0000372e    00000002     rtsv7M4_T_le_v4SPD16_eabi.lib : _lock.c.obj (.text:_nop)
                  00003730    00000098     Boot.aem4f : Boot.oem4f (.text:ti_catalog_arm_cortexm4_tiva_ce_Boot_sysCtlClockSet__E)
                  000037c8    00000094     sysbios.aem4f : BIOS.obj (.text:ti_sysbios_family_arm_m3_Hwi_initNVIC__E)
                  0000385c    00000004     ti.targets.arm.rtsarm.aem4f : HeapStd.oem4f (.text:xdc_runtime_HeapStd_isBlocking__E)
                  00003860    00000094     sysbios.aem4f : BIOS.obj (.text:ti_sysbios_knl_Task_exit__E)
                  000038f4    00000004     rtos_lab4_pem4f.oem4f (.text:xdc_runtime_System_Module_GateProxy_enter__E)
                  000038f8    00000094     sysbios.aem4f : BIOS.obj (.text:ti_sysbios_knl_Task_postInit__I)
                  0000398c    00000004     rtos_lab4_pem4f.oem4f (.text:xdc_runtime_System_Module_GateProxy_leave__E)
                  00003990    00000090     sysbios.aem4f : BIOS.obj (.text:ti_sysbios_knl_Task_unblockI__E)
                  00003a20    00000090     ti.uia.loggers.aem4f : LoggerStopMode.oem4f (.text:ti_uia_loggers_LoggerStopMode_initQueueDescriptor__E)
                  00003ab0    0000008c     sysbios.aem4f : m3_TaskSupport_asm.obj (.text:ti_sysbios_family_arm_m3_TaskSupport_buildTaskStack)
                  00003b3c    00000004     ti.targets.arm.rtsarm.aem4f : System.oem4f (.text:xdc_runtime_System_aprintf_va__F)
                  00003b40    00000084     sysbios.aem4f : BIOS.obj (.text:ti_sysbios_family_arm_m3_Hwi_postInit__I)
                  00003bc4    0000007a     rtsv7M4_T_le_v4SPD16_eabi.lib : memset_t2.asm.obj (.text)
                  00003c3e    00000002     rtos_lab4_pem4f.oem4f (.text:free)
                  00003c40    00000074     ti.uia.runtime.aem4f : QueueDescriptor.oem4f (.text:ti_uia_runtime_QueueDescriptor_addToList__E)
                  00003cb4    0000006d     ti.targets.arm.rtsarm.aem4f : System.oem4f (.text:xdc_runtime_System_formatNum__I)
                  00003d21    00000001     --HOLE-- [fill = 0]
                  00003d22    00000006     driverlib.lib : gpio.obj (.text:GPIOPinRead)
                  00003d28    0000006c     sysbios.aem4f : BIOS.obj (.text:ti_sysbios_knl_Swi_restoreHwi__E)
                  00003d94    0000006c     ti.targets.arm.rtsarm.aem4f : Error.oem4f (.text:xdc_runtime_Error_print__E)
                  00003e00    0000006c                                 : Memory.oem4f (.text:xdc_runtime_Memory_alloc__E)
                  00003e6c    00000068     rtsv7M4_T_le_v4SPD16_eabi.lib : copy_decompress_lzss.c.obj (.text:decompress:lzss:__TI_decompress_lzss)
                  00003ed4    00000066     ti.uia.loggers.aem4f : LoggerStopMode.oem4f (.text:ti_uia_loggers_LoggerStopMode_flush__E)
                  00003f3a    00000066     ti.targets.arm.rtsarm.aem4f : Core-mem.oem4f (.text:xdc_runtime_Core_deleteObject__I)
                  00003fa0    00000064     sysbios.aem4f : BIOS.obj (.text:ti_sysbios_family_arm_lm4_Timer_Module_startup__E)
                  00004004    00000004     ti.targets.arm.rtsarm.aem4f : System.oem4f (.text:xdc_runtime_System_printf_va__F)
                  00004008    00000060     sysbios.aem4f : BIOS.obj (.text:ti_sysbios_family_arm_lm4_Timer_isrStub__E)
                  00004068    00000060                   : BIOS.obj (.text:ti_sysbios_knl_Clock_logTick__E)
                  000040c8    00000060                   : BIOS.obj (.text:ti_sysbios_utils_Load_logCPULoad__I)
                  00004128    0000005c                   : BIOS.obj (.text:ti_sysbios_knl_Swi_schedule__I)
                  00004184    00000002     rtsv7M4_T_le_v4SPD16_eabi.lib : div0.asm.obj (.text)
                  00004186    00000002     rtos_lab4_pem4f.oem4f (.text:ti_sysbios_BIOS_nullFunc__I)
                  00004188    0000005c     sysbios.aem4f : BIOS.obj (.text:ti_sysbios_knl_Task_Module_startup__E)
                  000041e4    0000005b     ti.targets.arm.rtsarm.aem4f : Text.oem4f (.text:xdc_runtime_Text_putLab__E)
                  0000423f    00000001     --HOLE-- [fill = 0]
                  00004240    00000058     boot.aem4f : boot.oem4f (.text)
                  00004298    00000058     rtsv7M4_T_le_v4SPD16_eabi.lib : hostwrite.c.obj (.text:HOSTwrite)
                  000042f0    00000058     sysbios.aem4f : m3_Hwi_asm_switch.obj (.text:ti_sysbios_family_arm_m3_Hwi_initStacks__E)
                  00004348    00000058     rtos_lab4_pem4f.oem4f (.text:xdc_runtime_HeapStd_Object__create__S)
                  000043a0    00000054     ti.targets.arm.rtsarm.aem4f : Assert.oem4f (.text:xdc_runtime_Assert_raise__I)
                  000043f4    00000002     rtos_lab4_pem4f.oem4f (.text:ti_uia_loggers_LoggerStopMode_setFilterLevel__E)
                  000043f6    00000002     ti.uia.loggers.aem4f : LoggerStopMode.oem4f (.text:ti_uia_loggers_LoggerStopMode_setPriority__E)
                  000043f8    00000050     sysbios.aem4f : BIOS.obj (.text:ti_sysbios_family_arm_m3_Hwi_Module_startup__E)
                  00004448    00000050     ti.targets.arm.rtsarm.aem4f : Startup.oem4f (.text:xdc_runtime_Startup_exec__E)
                  00004498    00000050                                 : Text.oem4f (.text:xdc_runtime_Text_visitRope2__I)
                  000044e8    0000004c     rtsv7M4_T_le_v4SPD16_eabi.lib : cpy_tbl.c.obj (.text:copy_in)
                  00004534    00000002     rtos_lab4_pem4f.oem4f (.text:xdc_runtime_Startup_reset__I)
                  00004536    00000002     --HOLE-- [fill = 0]
                  00004538    0000004c     sysbios.aem4f : BIOS.obj (.text:ti_sysbios_knl_Swi_runLoop__I)
                  00004584    00000004     --HOLE-- [fill = 0]
                  00004588    0000004c                   : BIOS.obj (.text:ti_sysbios_knl_Task_allBlockedFunction__I)
                  000045d4    0000004c     ti.uia.loggers.aem4f : LoggerStopMode.oem4f (.text:ti_uia_loggers_LoggerStopMode_Module_startup__E)
                  00004620    00000048     sysbios.aem4f : BIOS.obj (.text:ti_sysbios_family_arm_m3_Hwi_disableInterrupt__E)
                  00004668    00000048                   : BIOS.obj (.text:ti_sysbios_family_arm_m3_Hwi_enableInterrupt__E)
                  000046b0    00000048                   : BIOS.obj (.text:ti_sysbios_family_arm_m3_Hwi_excReserved__I)
                  000046f8    00000046     ti.targets.arm.rtsarm.aem4f : Core-params.oem4f (.text:xdc_runtime_Core_assignParams__I)
                  0000473e    00000002     --HOLE-- [fill = 0]
                  00004740    00000044     sysbios.aem4f : BIOS.obj (.text:ti_sysbios_family_arm_m3_Hwi_getStackInfo__E)
                  00004784    00000044     ti.uia.loggers.aem4f : LoggerStopMode.oem4f (.text:ti_uia_loggers_LoggerStopMode_initBuffer__I)
                  000047c8    00000044     ti.targets.arm.rtsarm.aem4f : Error.oem4f (.text:xdc_runtime_Error_setX__E)
                  0000480c    00000044                                 : SysMin.oem4f (.text:xdc_runtime_SysMin_flush__E)
                  00004850    00000044                                 : Text.oem4f (.text:xdc_runtime_Text_xprintf__I)
                  00004894    00000040     rtsv7M4_T_le_v4SPD16_eabi.lib : u_divt2.asm.obj (.text)
                  000048d4    00000004     --HOLE-- [fill = 0]
                  000048d8    00000040     sysbios.aem4f : BIOS.obj (.text:ti_sysbios_family_arm_lm4_Timer_startup__E)
                  00004918    0000003c                   : BIOS.obj (.text:ti_sysbios_family_arm_m3_Hwi_excSvCall__I)
                  00004954    00000004     --HOLE-- [fill = 0]
                  00004958    0000003c                   : BIOS.obj (.text:ti_sysbios_knl_Swi_restore__E)
                  00004994    00000038     rtsv7M4_T_le_v4SPD16_eabi.lib : trgmsg.c.obj (.text:__TI_writemsg)
                  000049cc    00000004     --HOLE-- [fill = 0]
                  000049d0    00000038     sysbios.aem4f : BIOS.obj (.text:ti_sysbios_family_arm_m3_Hwi_excNoIsr__I)
                  00004a08    00000038                   : BIOS.obj (.text:ti_sysbios_knl_Task_processVitalTaskFlag__I)
                  00004a40    00000038     ti.targets.arm.rtsarm.aem4f : SysMin.oem4f (.text:xdc_runtime_SysMin_putch__E)
                  00004a78    00000038                                 : System.oem4f (.text:xdc_runtime_System_atexit__E)
                  00004ab0    00000034     driverlib.lib : sysctl.obj (.text:SysCtlPeripheralEnable)
                  00004ae4    00000034     rtsv7M4_T_le_v4SPD16_eabi.lib : trgmsg.c.obj (.text:__TI_readmsg)
                  00004b18    00000034     sysbios.aem4f : BIOS.obj (.text:ti_sysbios_family_arm_m3_Hwi_excNmi__I)
                  00004b4c    00000004     --HOLE-- [fill = 0]
                  00004b50    00000034                   : BIOS.obj (.text:ti_sysbios_hal_Hwi_checkStack)
                  00004b84    00000034     ti.uia.loggers.aem4f : LoggerStopMode.oem4f (.text:ti_uia_loggers_LoggerStopMode_reset__E)
                  00004bb8    00000034     ti.targets.arm.rtsarm.aem4f : Core-label.oem4f (.text:xdc_runtime_Core_assignLabel__I)
                  00004bec    00000033                                 : Text.oem4f (.text:xdc_runtime_Text_printVisFxn__I)
                  00004c1f    00000001     --HOLE-- [fill = 0]
                  00004c20    00000032     sysbios.aem4f : BIOS.obj (.text:ti_sysbios_hal_Hwi_initStack)
                  00004c52    00000006     driverlib.lib : gpio.obj (.text:GPIOPinWrite)
                  00004c58    00000032     sysbios.aem4f : BIOS.obj (.text:ti_sysbios_knl_Semaphore_pendTimeout__I)
                  00004c8a    00000002     --HOLE-- [fill = 0]
                  00004c8c    00000030     rtos_lab4.obj (.text:hardware_init)
                  00004cbc    00000030     rtos_lab4_pem4f.oem4f (.text:ti_sysbios_BIOS_atExitFunc__I)
                  00004cec    00000004     --HOLE-- [fill = 0]
                  00004cf0    00000030     sysbios.aem4f : BIOS.obj (.text:ti_sysbios_family_arm_lm4_Timer_stop__E)
                  00004d20    00000030                   : BIOS.obj (.text:ti_sysbios_family_arm_m3_TaskSupport_start__E)
                  00004d50    00000030     rtos_lab4_pem4f.oem4f (.text:ti_sysbios_gates_GateHwi_Object__create__S)
                  00004d80    00000030     rtos_lab4_pem4f.oem4f (.text:ti_sysbios_gates_GateMutex_Object__create__S)
                  00004db0    00000030     rtos_lab4_pem4f.oem4f (.text:ti_sysbios_knl_Semaphore_construct)
                  00004de0    00000030     sysbios.aem4f : BIOS.obj (.text:ti_sysbios_utils_Load_updateCurrentThreadTime__E)
                  00004e10    00000030     rtos_lab4_pem4f.oem4f (.text:ti_uia_loggers_LoggerStopMode_Object__create__S)
                  00004e40    00000030     ti.targets.arm.rtsarm.aem4f : SysMin.oem4f (.text:xdc_runtime_SysMin_abort__E)
                  00004e70    00000030                                 : System.oem4f (.text:xdc_runtime_System_processAtExit__E)
                  00004ea0    0000002c     rtos_lab4_pem4f.oem4f (.text:ti_sysbios_knl_Clock_doTick__I)
                  00004ecc    0000002c     rtos_lab4_pem4f.oem4f (.text:ti_sysbios_knl_Queue_construct)
                  00004ef8    0000002c     sysbios.aem4f : BIOS.obj (.text:ti_sysbios_knl_Task_restore__E)
                  00004f24    0000002c     ti.targets.arm.rtsarm.aem4f : Text.oem4f (.text:xdc_runtime_Text_cordText__E)
                  00004f50    0000002a     driverlib.lib : gpio.obj (.text:GPIODirModeSet)
                  00004f7a    0000002a     ti.targets.arm.rtsarm.aem4f : System.oem4f (.text:xdc_runtime_System_putchar__I)
                  00004fa4    00000004     --HOLE-- [fill = 0]
                  00004fa8    00000028     sysbios.aem4f : BIOS.obj (.text:ti_sysbios_knl_Swi_Module_startup__E)
                  00004fd0    00000026                   : m3_Hwi_asm.obj (.text:ti_sysbios_family_arm_m3_Hwi_pendSV__I)
                  00004ff6    00000026     ti.targets.arm.rtsarm.aem4f : System.oem4f (.text:xdc_runtime_System_avprintf__E)
                  0000501c    00000024     rtos_lab4_pem4f.oem4f (.text:ti_sysbios_BIOS_errorRaiseHook__I)
                  00005040    00000024     rtos_lab4_pem4f.oem4f (.text:ti_sysbios_BIOS_registerRTSLock__I)
                  00005064    00000024     rtos_lab4_pem4f.oem4f (.text:ti_sysbios_BIOS_removeRTSLock__I)
                  00005088    00000024     rtos_lab4_pem4f.oem4f (.text:ti_sysbios_BIOS_startFunc__I)
                  000050ac    00000024     rtos_lab4_pem4f.oem4f (.text:ti_sysbios_gates_GateMutex_Object__delete__S)
                  000050d0    00000024     sysbios.aem4f : BIOS.obj (.text:ti_sysbios_knl_Clock_Module_startup__E)
                  000050f4    00000004     --HOLE-- [fill = 0]
                  000050f8    00000024                   : BIOS.obj (.text:ti_sysbios_knl_Task_restoreHwi__E)
                  0000511c    00000024     ti.targets.arm.rtsarm.aem4f : System.oem4f (.text:xdc_runtime_System_vprintf__E)
                  00005140    00000022     sysbios.aem4f : BIOS.obj (.text:ti_sysbios_family_arm_lm4_Timer_write__I)
                  00005162    00000022     rtos_lab4_pem4f.oem4f (.text:xdc_runtime_SysMin_output__I)
                  00005184    00000020     rtos_lab4_pem4f.oem4f (.text:ti_sysbios_BIOS_rtsLock__I)
                  000051a4    00000020     sysbios.aem4f : m3_Hwi_asm.obj (.text:ti_sysbios_family_arm_m3_Hwi_excHandlerAsm__I)
                  000051c4    00000004     --HOLE-- [fill = 0]
                  000051c8    00000020                   : BIOS.obj (.text:ti_sysbios_family_arm_m3_Hwi_excHandler__I)
                  000051e8    00000020     rtos_lab4_pem4f.oem4f (.text:ti_sysbios_gates_GateHwi_Object__delete__S)
                  00005208    00000020     sysbios.aem4f : BIOS.obj (.text:ti_sysbios_knl_Idle_run__E)
                  00005228    00000020     rtos_lab4_pem4f.oem4f (.text:ti_sysbios_knl_Semaphore_Object__destruct__S)
                  00005248    00000020     rtos_lab4_pem4f.oem4f (.text:ti_uia_loggers_LoggerStopMode_Object__delete__S)
                  00005268    00000020     ti.targets.arm.rtsarm.aem4f : Registry.oem4f (.text:xdc_runtime_Registry_findById__E)
                  00005288    00000020                                 : SysMin.oem4f (.text:xdc_runtime_SysMin_Module_startup__E)
                  000052a8    0000001e     sysbios.aem4f : m3_Hwi_asm_switch.obj (.text:ti_sysbios_family_xxx_Hwi_switchAndRunFunc)
                  000052c6    00000002     --HOLE-- [fill = 0]
                  000052c8    0000001c                   : BIOS.obj (.text:ti_sysbios_gates_GateMutex_Instance_init__E)
                  000052e4    0000001c     rtos_lab4_pem4f.oem4f (.text:ti_sysbios_knl_Queue_Object__destruct__S)
                  00005300    0000001c     sysbios.aem4f : BIOS.obj (.text:ti_sysbios_knl_Queue_put__E)
                  0000531c    00000004     --HOLE-- [fill = 0]
                  00005320    0000001c                   : BIOS.obj (.text:ti_sysbios_knl_Task_enter__I)
                  0000533c    0000001c     ti.uia.loggers.aem4f : LoggerStopMode.oem4f (.text:ti_uia_loggers_LoggerStopMode_Instance_init__E)
                  00005358    0000001c     ti.targets.arm.rtsarm.aem4f : Error.oem4f (.text:xdc_runtime_Error_raiseX__E)
                  00005374    0000001c     rtos_lab4_pem4f.oem4f (.text:xdc_runtime_HeapStd_Object__delete__S)
                  00005390    0000001c     ti.targets.arm.rtsarm.aem4f : Memory.oem4f (.text:xdc_runtime_Memory_valloc__E)
                  000053ac    0000001c                                 : SysMin.oem4f (.text:xdc_runtime_SysMin_exit__E)
                  000053c8    0000001c                                 : System.oem4f (.text:xdc_runtime_System_abort__E)
                  000053e4    0000001a     rtos_lab4_pem4f.oem4f (.text:ti_sysbios_family_arm_m3_Hwi_Handle__label__S)
                  000053fe    0000001a     rtos_lab4_pem4f.oem4f (.text:ti_sysbios_gates_GateHwi_Handle__label__S)
                  00005418    0000001a     rtos_lab4_pem4f.oem4f (.text:ti_sysbios_gates_GateMutex_Handle__label__S)
                  00005432    0000001a     rtos_lab4_pem4f.oem4f (.text:ti_sysbios_knl_Swi_Handle__label__S)
                  0000544c    0000001a     rtos_lab4_pem4f.oem4f (.text:ti_sysbios_knl_Task_Handle__label__S)
                  00005466    0000001a     rtos_lab4_pem4f.oem4f (.text:ti_uia_loggers_LoggerStopMode_Handle__label__S)
                  00005480    0000001a     rtos_lab4_pem4f.oem4f (.text:xdc_runtime_HeapStd_Handle__label__S)
                  0000549a    0000001a     rtos_lab4_pem4f.oem4f (.text:xdc_runtime_System_aprintf__E)
                  000054b4    0000001a     rtos_lab4_pem4f.oem4f (.text:xdc_runtime_System_printf__E)
                  000054ce    00000018     driverlib.lib : gpio.obj (.text:GPIOPinTypeGPIOOutput)
                  000054e6    00000002     --HOLE-- [fill = 0]
                  000054e8    00000018     rtsv7M4_T_le_v4SPD16_eabi.lib : args_main.c.obj (.text:_args_main)
                  00005500    00000018     rtos_lab4_pem4f.oem4f (.text:ti_sysbios_BIOS_rtsUnlock__I)
                  00005518    00000018     rtos_lab4_pem4f.oem4f (.text:ti_sysbios_family_arm_lm4_Timer_Module__startupDone__F)
                  00005530    00000018     rtos_lab4_pem4f.oem4f (.text:ti_sysbios_family_arm_m3_Hwi_Module__startupDone__F)
                  00005548    00000018     sysbios.aem4f : m3_TaskSupport_asm.obj (.text:ti_sysbios_family_arm_m3_TaskSupport_swap__E)
                  00005560    00000018                   : BIOS.obj (.text:ti_sysbios_gates_GateMutex_leave__E)
                  00005578    00000018     ti.targets.arm.rtsarm.aem4f : Error.oem4f (.text:xdc_runtime_Error_check__E)
                  00005590    00000018                                 : System.oem4f (.text:xdc_runtime_System_exit__E)
                  000055a8    00000018                                 : Text.oem4f (.text:xdc_runtime_Text_ropeText__E)
                  000055c0    00000016     rtos_lab4_pem4f.oem4f (.text:ti_sysbios_BIOS_exitFunc__I)
                  000055d6    00000016     ti.uia.loggers.aem4f : LoggerStopMode.oem4f (.text:ti_uia_loggers_LoggerStopMode_disable__E)
                  000055ec    00000016                          : LoggerStopMode.oem4f (.text:ti_uia_loggers_LoggerStopMode_enable__E)
                  00005602    00000014     rtsv7M4_T_le_v4SPD16_eabi.lib : strlen.c.obj (.text:strlen)
                  00005616    00000002     --HOLE-- [fill = 0]
                  00005618    00000014     rtos_lab4_pem4f.oem4f (.text:ti_sysbios_family_arm_m3_Hwi_Object__get__S)
                  0000562c    00000004     --HOLE-- [fill = 0]
                  00005630    00000014     sysbios.aem4f : BIOS.obj (.text:ti_sysbios_family_arm_m3_Hwi_switchFromBootStack__E)
                  00005644    00000014     rtos_lab4_pem4f.oem4f (.text:ti_sysbios_knl_Swi_Object__get__S)
                  00005658    00000012     sysbios.aem4f : BIOS.obj (.text:ti_sysbios_hal_Hwi_Module_startup__E)
                  0000566a    00000012     rtos_lab4_pem4f.oem4f (.text:xdc_runtime_Startup_exec__I)
                  0000567c    00000010     rtos_lab4.obj (.text:delay)
                  0000568c    00000004     --HOLE-- [fill = 0]
                  00005690    00000010     sysbios.aem4f : BIOS.obj (.text:ti_sysbios_BIOS_getCpuFreq__E)
                  000056a0    00000010                   : BIOS.obj (.text:ti_sysbios_BIOS_setThreadType__E)
                  000056b0    00000010                   : BIOS.obj (.text:ti_sysbios_BIOS_start__E)
                  000056c0    00000010                   : BIOS.obj (.text:ti_sysbios_family_arm_lm4_TimestampProvider_rolloverFunc__E)
                  000056d0    00000010                   : m3_TaskSupport_asm.obj (.text:ti_sysbios_family_arm_m3_TaskSupport_glue)
                  000056e0    00000010                   : BIOS.obj (.text:ti_sysbios_gates_GateMutex_Instance_finalize__E)
                  000056f0    00000010                   : BIOS.obj (.text:ti_sysbios_knl_Semaphore_Instance_finalize__E)
                  00005700    00000010                   : BIOS.obj (.text:ti_sysbios_knl_Swi_disable__E)
                  00005710    00000010     rtos_lab4_pem4f.oem4f (.text:ti_sysbios_knl_Task_Object__get__S)
                  00005720    00000010     sysbios.aem4f : BIOS.obj (.text:ti_sysbios_knl_Task_disable__E)
                  00005730    00000010     rtos_lab4_pem4f.oem4f (.text:ti_uia_loggers_LoggerStopMode_Object__get__S)
                  00005740    00000010     ti.uia.loggers.aem4f : LoggerStopMode.oem4f (.text:ti_uia_loggers_LoggerStopMode_isEmpty__E)
                  00005750    00000010     ti.targets.arm.rtsarm.aem4f : Gate.oem4f (.text:xdc_runtime_Gate_leaveSystem__E)
                  00005760    00000010                                 : Memory.oem4f (.text:xdc_runtime_Memory_free__E)
                  00005770    00000010                                 : SysMin.oem4f (.text:xdc_runtime_SysMin_ready__E)
                  00005780    00000010                                 : System.oem4f (.text:xdc_runtime_System_vsnprintf__E)
                  00005790    00000010     rtos_lab4_pem4f.oem4f (.text:xdc_runtime_Text_visitRope__I)
                  000057a0    0000000e     rtsv7M4_T_le_v4SPD16_eabi.lib : copy_decompress_none.c.obj (.text:decompress:none:__TI_decompress_none)
                  000057ae    00000002     --HOLE-- [fill = 0]
                  000057b0    0000000e     sysbios.aem4f : BIOS.obj (.text:ti_sysbios_knl_Idle_loop__E)
                  000057be    00000002     --HOLE-- [fill = 0]
                  000057c0    0000000e                   : BIOS.obj (.text:ti_sysbios_knl_Queue_empty__E)
                  000057ce    0000000e     ti.targets.arm.rtsarm.aem4f : HeapStd.oem4f (.text:xdc_runtime_HeapStd_getStats__E)
                  000057dc    0000000c     rtos_lab4_pem4f.oem4f (.text:.bootCodeSection:ti_catalog_arm_cortexm4_tiva_ce_Boot_init__I)
                  000057e8    0000000c     rtsv7M4_T_le_v4SPD16_eabi.lib : _lock.c.obj (.text:_register_lock)
                  000057f4    0000000c                                   : _lock.c.obj (.text:_register_unlock)
                  00005800    0000000c                                   : copy_zero_init.c.obj (.text:decompress:ZI:__TI_zero_init)
                  0000580c    0000000c     rtos_lab4.obj (.text:main)
                  00005818    0000000c     sysbios.aem4f : BIOS.obj (.text:ti_sysbios_family_arm_lm4_Timer_getMaxTicks__E)
                  00005824    00000004     --HOLE-- [fill = 0]
                  00005828    0000000c                   : BIOS.obj (.text:ti_sysbios_family_arm_lm4_TimestampProvider_startTimer__E)
                  00005834    00000004     --HOLE-- [fill = 0]
                  00005838    0000000c                   : BIOS.obj (.text:ti_sysbios_family_arm_m3_Hwi_disableFxn__E)
                  00005844    00000004     --HOLE-- [fill = 0]
                  00005848    0000000c                   : BIOS.obj (.text:ti_sysbios_family_arm_m3_TaskSupport_checkStack__E)
                  00005854    00000004     --HOLE-- [fill = 0]
                  00005858    0000000c                   : BIOS.obj (.text:ti_sysbios_gates_GateHwi_enter__E)
                  00005864    0000000c     rtos_lab4_pem4f.oem4f (.text:ti_sysbios_knl_Queue_Object__get__S)
                  00005870    0000000c     ti.targets.arm.rtsarm.aem4f : Error.oem4f (.text:xdc_runtime_Error_init__E)
                  0000587c    0000000c                                 : Gate.oem4f (.text:xdc_runtime_Gate_enterSystem__E)
                  00005888    0000000c                                 : Memory.oem4f (.text:xdc_runtime_Memory_calloc__E)
                  00005894    0000000c                                 : Memory.oem4f (.text:xdc_runtime_Memory_getMaxDefaultTypeAlign__E)
                  000058a0    0000000a     rtos_lab4_pem4f.oem4f (.text:xdc_runtime_IHeap_alloc)
                  000058aa    0000000a     rtos_lab4_pem4f.oem4f (.text:xdc_runtime_IHeap_free)
                  000058b4    00000008     sysbios.aem4f : BIOS.obj (.text:ti_sysbios_family_arm_lm4_Timer_masterDisable__I)
                  000058bc    00000004     --HOLE-- [fill = 0]
                  000058c0    00000008                   : BIOS.obj (.text:ti_sysbios_family_arm_m3_Hwi_doSwiRestore__I)
                  000058c8    00000008                   : BIOS.obj (.text:ti_sysbios_family_arm_m3_Hwi_startup__E)
                  000058d0    00000006     driverlib.lib : sysctl.obj (.text:SysCtlDelay)
                  000058d6    00000006     Boot.aem4f : Boot_sysctl.oem4f (.text:ti_catalog_arm_cortexm4_tiva_ce_Boot_sysCtlDelayI__I)
                  000058dc    00000004     --HOLE-- [fill = 0]
                  000058e0    00000006     sysbios.aem4f : BIOS.obj (.text:ti_sysbios_family_arm_lm4_TimestampProvider_Module_startup__E)
                  000058e6    00000002     --HOLE-- [fill = 0]
                  000058e8    00000006                   : BIOS.obj (.text:ti_sysbios_family_arm_m3_Hwi_doTaskRestore__I)
                  000058ee    00000002     --HOLE-- [fill = 0]
                  000058f0    00000006                   : BIOS.obj (.text:ti_sysbios_family_arm_m3_Hwi_restoreFxn__E)
                  000058f6    00000002     --HOLE-- [fill = 0]
                  000058f8    00000006                   : BIOS.obj (.text:ti_sysbios_gates_GateHwi_leave__E)
                  000058fe    00000002     --HOLE-- [fill = 0]
                  00005900    00000006                   : BIOS.obj (.text:ti_sysbios_knl_Queue_Instance_init__E)
                  00005906    00000002     --HOLE-- [fill = 0]
                  00005908    00000006                   : BIOS.obj (.text:ti_sysbios_knl_Swi_startup__E)
                  0000590e    00000006     ti.targets.arm.rtsarm.aem4f : System.oem4f (.text:xdc_runtime_System_Module_startup__E)
                  00005914    00000004     --HOLE-- [fill = 0]
                  00005918    00000004     sysbios.aem4f : BIOS.obj (.text:ti_sysbios_family_arm_lm4_Timer_getPeriod__E)
                  0000591c    00000004     --HOLE-- [fill = 0]
                  00005920    00000004                   : BIOS.obj (.text:ti_sysbios_gates_GateHwi_query__E)
                  00005924    00000004     --HOLE-- [fill = 0]
                  00005928    00000004                   : BIOS.obj (.text:ti_sysbios_gates_GateMutex_query__E)
                  0000592c    00000004     --HOLE-- [fill = 0]
                  00005930    00000004                   : BIOS.obj (.text:ti_sysbios_knl_Task_startup__E)
                  00005934    00000004     --HOLE-- [fill = 0]
                  00005938    00000002                   : BIOS.obj (.text:ti_sysbios_gates_GateHwi_Instance_init__E)

.const     0    0000593c    000022a5     
                  0000593c    00001c0a     rtos_lab4_pem4f.oem4f (.const:xdc_runtime_Text_charTab__A)
                  00007546    00000100     rtos_lab4_pem4f.oem4f (.const:xdc_runtime_Text_nodeTab__A)
                  00007646    00000002     rtos_lab4_pem4f.oem4f (.const:ti_catalog_arm_cortexm4_tiva_ce_Boot_Module__id__C)
                  00007648    00000060     rtos_lab4_pem4f.oem4f (.const:ti_uia_loggers_LoggerStopMode_Module__FXNS__C)
                  000076a8    00000048     rtos_lab4_pem4f.oem4f (.const:.string)
                  000076f0    00000028     rtos_lab4_pem4f.oem4f (.const:ti_uia_loggers_LoggerStopMode_Object__PARAMS__C)
                  00007718    00000028     rtos_lab4_pem4f.oem4f (.const:xdc_runtime_HeapStd_Module__FXNS__C)
                  00007740    00000028     rtos_lab4_pem4f.oem4f (.const:xdc_runtime_Startup_sfxnTab__A)
                  00007768    00000024     rtos_lab4_pem4f.oem4f (.const:ti_sysbios_gates_GateHwi_Module__FXNS__C)
                  0000778c    00000024     rtos_lab4_pem4f.oem4f (.const:ti_sysbios_gates_GateMutex_Module__FXNS__C)
                  000077b0    00000024     rtos_lab4_pem4f.oem4f (.const:ti_sysbios_knl_Semaphore_Object__PARAMS__C)
                  000077d4    00000020     rtos_lab4_pem4f.oem4f (.const:ti_sysbios_gates_GateHwi_Object__DESC__C)
                  000077f4    00000020     rtos_lab4_pem4f.oem4f (.const:ti_sysbios_gates_GateMutex_Object__DESC__C)
                  00007814    00000020     rtos_lab4_pem4f.oem4f (.const:ti_sysbios_knl_Queue_Object__DESC__C)
                  00007834    00000020     rtos_lab4_pem4f.oem4f (.const:ti_sysbios_knl_Semaphore_Object__DESC__C)
                  00007854    00000020     rtos_lab4_pem4f.oem4f (.const:ti_uia_loggers_LoggerStopMode_Object__DESC__C)
                  00007874    00000020     rtos_lab4_pem4f.oem4f (.const:xdc_runtime_HeapStd_Object__DESC__C)
                  00007894    0000001c     rtos_lab4_pem4f.oem4f (.const:xdc_runtime_HeapStd_Object__PARAMS__C)
                  000078b0    00000018     rtos_lab4_pem4f.oem4f (.const:ti_sysbios_gates_GateHwi_Object__PARAMS__C)
                  000078c8    00000018     rtos_lab4_pem4f.oem4f (.const:ti_sysbios_gates_GateMutex_Object__PARAMS__C)
                  000078e0    00000018     rtos_lab4_pem4f.oem4f (.const:ti_sysbios_knl_Queue_Object__PARAMS__C)
                  000078f8    00000014     rtos_lab4_pem4f.oem4f (.const:xdc_runtime_Startup_sfxnRts__A)
                  0000790c    00000010     rtos_lab4_pem4f.oem4f (.const:xdc_runtime_Startup_firstFxns__A)
                  0000791c    0000000c     rtos_lab4_pem4f.oem4f (.const:ti_sysbios_knl_Idle_funcList__A)
                  00007928    00000008     rtos_lab4_pem4f.oem4f (.const:ti_sysbios_family_arm_m3_Hwi_excHookFuncs__A)
                  00007930    00000008     rtos_lab4_pem4f.oem4f (.const:ti_sysbios_knl_Idle_funcList__C)
                  00007938    00000008     rtos_lab4_pem4f.oem4f (.const:xdc_runtime_Startup_firstFxns__C)
                  00007940    00000008     rtos_lab4_pem4f.oem4f (.const:xdc_runtime_Startup_lastFxns__C)
                  00007948    00000004     rtos_lab4_pem4f.oem4f (.const:ti_catalog_arm_cortexm4_tiva_ce_Boot_A_mustUseEnhancedClockMode__C)
                  0000794c    00000004     rtos_lab4_pem4f.oem4f (.const:ti_catalog_arm_cortexm4_tiva_ce_Boot_Module__diagsEnabled__C)
                  00007950    00000004     rtos_lab4_pem4f.oem4f (.const:ti_catalog_arm_cortexm4_tiva_ce_Boot_Module__diagsIncluded__C)
                  00007954    00000004     rtos_lab4_pem4f.oem4f (.const:ti_catalog_arm_cortexm4_tiva_ce_Boot_Module__diagsMask__C)
                  00007958    00000004     rtos_lab4_pem4f.oem4f (.const:ti_sysbios_family_arm_lm4_Timer_enableFunc__C)
                  0000795c    00000004     rtos_lab4_pem4f.oem4f (.const:ti_sysbios_family_arm_lm4_Timer_numTimerDevices__C)
                  00007960    00000004     rtos_lab4_pem4f.oem4f (.const:ti_sysbios_family_arm_lm4_Timer_startupNeeded__C)
                  00007964    00000004     rtos_lab4_pem4f.oem4f (.const:ti_sysbios_family_arm_m3_Hwi_E_NMI__C)
                  00007968    00000004     rtos_lab4_pem4f.oem4f (.const:ti_sysbios_family_arm_m3_Hwi_E_busFault__C)
                  0000796c    00000004     rtos_lab4_pem4f.oem4f (.const:ti_sysbios_family_arm_m3_Hwi_E_debugMon__C)
                  00007970    00000004     rtos_lab4_pem4f.oem4f (.const:ti_sysbios_family_arm_m3_Hwi_E_hardFault__C)
                  00007974    00000004     rtos_lab4_pem4f.oem4f (.const:ti_sysbios_family_arm_m3_Hwi_E_memFault__C)
                  00007978    00000004     rtos_lab4_pem4f.oem4f (.const:ti_sysbios_family_arm_m3_Hwi_E_noIsr__C)
                  0000797c    00000004     rtos_lab4_pem4f.oem4f (.const:ti_sysbios_family_arm_m3_Hwi_E_reserved__C)
                  00007980    00000004     rtos_lab4_pem4f.oem4f (.const:ti_sysbios_family_arm_m3_Hwi_E_svCall__C)
                  00007984    00000004     rtos_lab4_pem4f.oem4f (.const:ti_sysbios_family_arm_m3_Hwi_E_usageFault__C)
                  00007988    00000004     rtos_lab4_pem4f.oem4f (.const:ti_sysbios_family_arm_m3_Hwi_LD_end__C)
                  0000798c    00000004     rtos_lab4_pem4f.oem4f (.const:ti_sysbios_family_arm_m3_Hwi_LM_begin__C)
                  00007990    00000004     rtos_lab4_pem4f.oem4f (.const:ti_sysbios_family_arm_m3_Hwi_Module__diagsEnabled__C)
                  00007994    00000004     rtos_lab4_pem4f.oem4f (.const:ti_sysbios_family_arm_m3_Hwi_Module__diagsIncluded__C)
                  00007998    00000004     rtos_lab4_pem4f.oem4f (.const:ti_sysbios_family_arm_m3_Hwi_Module__diagsMask__C)
                  0000799c    00000004     rtos_lab4_pem4f.oem4f (.const:ti_sysbios_family_arm_m3_Hwi_Module__loggerFxn1__C)
                  000079a0    00000004     rtos_lab4_pem4f.oem4f (.const:ti_sysbios_family_arm_m3_Hwi_Module__loggerFxn8__C)
                  000079a4    00000004     rtos_lab4_pem4f.oem4f (.const:ti_sysbios_family_arm_m3_Hwi_Module__loggerObj__C)
                  000079a8    00000004     rtos_lab4_pem4f.oem4f (.const:ti_sysbios_family_arm_m3_Hwi_NUM_INTERRUPTS__C)
                  000079ac    00000004     rtos_lab4_pem4f.oem4f (.const:ti_sysbios_family_arm_m3_Hwi_Object__count__C)
                  000079b0    00000004     rtos_lab4_pem4f.oem4f (.const:ti_sysbios_family_arm_m3_Hwi_ccr__C)
                  000079b4    00000004     rtos_lab4_pem4f.oem4f (.const:ti_sysbios_family_arm_m3_Hwi_excHandlerFunc__C)
                  000079b8    00000004     rtos_lab4_pem4f.oem4f (.const:ti_sysbios_family_arm_m3_Hwi_excHookFuncs__C)
                  000079bc    00000004     rtos_lab4_pem4f.oem4f (.const:ti_sysbios_family_arm_m3_Hwi_nullIsrFunc__C)
                  000079c0    00000004     rtos_lab4_pem4f.oem4f (.const:ti_sysbios_family_arm_m3_Hwi_priGroup__C)
                  000079c4    00000004     rtos_lab4_pem4f.oem4f (.const:ti_sysbios_gates_GateMutex_A_badContext__C)
                  000079c8    00000004     rtos_lab4_pem4f.oem4f (.const:ti_sysbios_gates_GateMutex_Instance_State_sem__O)
                  000079cc    00000004     rtos_lab4_pem4f.oem4f (.const:ti_sysbios_gates_GateMutex_Module__diagsEnabled__C)
                  000079d0    00000004     rtos_lab4_pem4f.oem4f (.const:ti_sysbios_gates_GateMutex_Module__diagsIncluded__C)
                  000079d4    00000004     rtos_lab4_pem4f.oem4f (.const:ti_sysbios_gates_GateMutex_Module__diagsMask__C)
                  000079d8    00000004     rtos_lab4_pem4f.oem4f (.const:ti_sysbios_hal_Hwi_E_stackOverflow__C)
                  000079dc    00000004     rtos_lab4_pem4f.oem4f (.const:ti_sysbios_knl_Clock_LM_begin__C)
                  000079e0    00000004     rtos_lab4_pem4f.oem4f (.const:ti_sysbios_knl_Clock_LM_tick__C)
                  000079e4    00000004     rtos_lab4_pem4f.oem4f (.const:ti_sysbios_knl_Clock_LW_delayed__C)
                  000079e8    00000004     rtos_lab4_pem4f.oem4f (.const:ti_sysbios_knl_Clock_Module_State_clockQ__O)
                  000079ec    00000004     rtos_lab4_pem4f.oem4f (.const:ti_sysbios_knl_Clock_Module__diagsEnabled__C)
                  000079f0    00000004     rtos_lab4_pem4f.oem4f (.const:ti_sysbios_knl_Clock_Module__diagsIncluded__C)
                  000079f4    00000004     rtos_lab4_pem4f.oem4f (.const:ti_sysbios_knl_Clock_Module__diagsMask__C)
                  000079f8    00000004     rtos_lab4_pem4f.oem4f (.const:ti_sysbios_knl_Clock_Module__loggerFxn1__C)
                  000079fc    00000004     rtos_lab4_pem4f.oem4f (.const:ti_sysbios_knl_Clock_Module__loggerFxn2__C)
                  00007a00    00000004     rtos_lab4_pem4f.oem4f (.const:ti_sysbios_knl_Clock_Module__loggerObj__C)
                  00007a04    00000004     rtos_lab4_pem4f.oem4f (.const:ti_sysbios_knl_Semaphore_A_badContext__C)
                  00007a08    00000004     rtos_lab4_pem4f.oem4f (.const:ti_sysbios_knl_Semaphore_A_noEvents__C)
                  00007a0c    00000004     rtos_lab4_pem4f.oem4f (.const:ti_sysbios_knl_Semaphore_A_overflow__C)
                  00007a10    00000004     rtos_lab4_pem4f.oem4f (.const:ti_sysbios_knl_Semaphore_A_pendTaskDisabled__C)
                  00007a14    00000004     rtos_lab4_pem4f.oem4f (.const:ti_sysbios_knl_Semaphore_Instance_State_pendQ__O)
                  00007a18    00000004     rtos_lab4_pem4f.oem4f (.const:ti_sysbios_knl_Semaphore_LM_pend__C)
                  00007a1c    00000004     rtos_lab4_pem4f.oem4f (.const:ti_sysbios_knl_Semaphore_LM_post__C)
                  00007a20    00000004     rtos_lab4_pem4f.oem4f (.const:ti_sysbios_knl_Semaphore_Module__diagsEnabled__C)
                  00007a24    00000004     rtos_lab4_pem4f.oem4f (.const:ti_sysbios_knl_Semaphore_Module__diagsIncluded__C)
                  00007a28    00000004     rtos_lab4_pem4f.oem4f (.const:ti_sysbios_knl_Semaphore_Module__diagsMask__C)
                  00007a2c    00000004     rtos_lab4_pem4f.oem4f (.const:ti_sysbios_knl_Semaphore_Module__loggerFxn2__C)
                  00007a30    00000004     rtos_lab4_pem4f.oem4f (.const:ti_sysbios_knl_Semaphore_Module__loggerFxn4__C)
                  00007a34    00000004     rtos_lab4_pem4f.oem4f (.const:ti_sysbios_knl_Semaphore_Module__loggerObj__C)
                  00007a38    00000004     rtos_lab4_pem4f.oem4f (.const:ti_sysbios_knl_Swi_LD_end__C)
                  00007a3c    00000004     rtos_lab4_pem4f.oem4f (.const:ti_sysbios_knl_Swi_LM_begin__C)
                  00007a40    00000004     rtos_lab4_pem4f.oem4f (.const:ti_sysbios_knl_Swi_LM_post__C)
                  00007a44    00000004     rtos_lab4_pem4f.oem4f (.const:ti_sysbios_knl_Swi_Module__diagsEnabled__C)
                  00007a48    00000004     rtos_lab4_pem4f.oem4f (.const:ti_sysbios_knl_Swi_Module__diagsIncluded__C)
                  00007a4c    00000004     rtos_lab4_pem4f.oem4f (.const:ti_sysbios_knl_Swi_Module__diagsMask__C)
                  00007a50    00000004     rtos_lab4_pem4f.oem4f (.const:ti_sysbios_knl_Swi_Module__loggerFxn1__C)
                  00007a54    00000004     rtos_lab4_pem4f.oem4f (.const:ti_sysbios_knl_Swi_Module__loggerFxn4__C)
                  00007a58    00000004     rtos_lab4_pem4f.oem4f (.const:ti_sysbios_knl_Swi_Module__loggerObj__C)
                  00007a5c    00000004     rtos_lab4_pem4f.oem4f (.const:ti_sysbios_knl_Swi_Object__count__C)
                  00007a60    00000004     rtos_lab4_pem4f.oem4f (.const:ti_sysbios_knl_Task_E_spOutOfBounds__C)
                  00007a64    00000004     rtos_lab4_pem4f.oem4f (.const:ti_sysbios_knl_Task_E_stackOverflow__C)
                  00007a68    00000004     rtos_lab4_pem4f.oem4f (.const:ti_sysbios_knl_Task_LD_block__C)
                  00007a6c    00000004     rtos_lab4_pem4f.oem4f (.const:ti_sysbios_knl_Task_LD_exit__C)
                  00007a70    00000004     rtos_lab4_pem4f.oem4f (.const:ti_sysbios_knl_Task_LD_ready__C)
                  00007a74    00000004     rtos_lab4_pem4f.oem4f (.const:ti_sysbios_knl_Task_LM_switch__C)
                  00007a78    00000004     rtos_lab4_pem4f.oem4f (.const:ti_sysbios_knl_Task_Module_State_inactiveQ__O)
                  00007a7c    00000004     rtos_lab4_pem4f.oem4f (.const:ti_sysbios_knl_Task_Module__diagsEnabled__C)
                  00007a80    00000004     rtos_lab4_pem4f.oem4f (.const:ti_sysbios_knl_Task_Module__diagsIncluded__C)
                  00007a84    00000004     rtos_lab4_pem4f.oem4f (.const:ti_sysbios_knl_Task_Module__diagsMask__C)
                  00007a88    00000004     rtos_lab4_pem4f.oem4f (.const:ti_sysbios_knl_Task_Module__loggerFxn2__C)
                  00007a8c    00000004     rtos_lab4_pem4f.oem4f (.const:ti_sysbios_knl_Task_Module__loggerFxn4__C)
                  00007a90    00000004     rtos_lab4_pem4f.oem4f (.const:ti_sysbios_knl_Task_Module__loggerObj__C)
                  00007a94    00000004     rtos_lab4_pem4f.oem4f (.const:ti_sysbios_knl_Task_Object__count__C)
                  00007a98    00000004     rtos_lab4_pem4f.oem4f (.const:ti_sysbios_knl_Task_allBlockedFunc__C)
                  00007a9c    00000004     rtos_lab4_pem4f.oem4f (.const:ti_sysbios_knl_Task_numConstructedTasks__C)
                  00007aa0    00000004     rtos_lab4_pem4f.oem4f (.const:ti_sysbios_utils_Load_LS_cpuLoad__C)
                  00007aa4    00000004     rtos_lab4_pem4f.oem4f (.const:ti_sysbios_utils_Load_Module__diagsEnabled__C)
                  00007aa8    00000004     rtos_lab4_pem4f.oem4f (.const:ti_sysbios_utils_Load_Module__diagsIncluded__C)
                  00007aac    00000004     rtos_lab4_pem4f.oem4f (.const:ti_sysbios_utils_Load_Module__diagsMask__C)
                  00007ab0    00000004     rtos_lab4_pem4f.oem4f (.const:ti_sysbios_utils_Load_Module__loggerFxn1__C)
                  00007ab4    00000004     rtos_lab4_pem4f.oem4f (.const:ti_sysbios_utils_Load_Module__loggerObj__C)
                  00007ab8    00000004     rtos_lab4_pem4f.oem4f (.const:ti_sysbios_utils_Load_postUpdate__C)
                  00007abc    00000004     rtos_lab4_pem4f.oem4f (.const:ti_sysbios_utils_Load_windowInMs__C)
                  00007ac0    00000004     rtos_lab4_pem4f.oem4f (.const:ti_uia_loggers_LoggerStopMode_Module__diagsEnabled__C)
                  00007ac4    00000004     rtos_lab4_pem4f.oem4f (.const:ti_uia_loggers_LoggerStopMode_Module__diagsIncluded__C)
                  00007ac8    00000004     rtos_lab4_pem4f.oem4f (.const:ti_uia_loggers_LoggerStopMode_Module__diagsMask__C)
                  00007acc    00000004     rtos_lab4_pem4f.oem4f (.const:ti_uia_loggers_LoggerStopMode_Object__count__C)
                  00007ad0    00000004     rtos_lab4_pem4f.oem4f (.const:ti_uia_runtime_ILoggerSnapshot_Interface__BASE__C)
                  00007ad4    00000004     rtos_lab4_pem4f.oem4f (.const:ti_uia_runtime_IUIATransfer_Interface__BASE__C)
                  00007ad8    00000004     rtos_lab4_pem4f.oem4f (.const:xdc_runtime_Assert_E_assertFailed__C)
                  00007adc    00000004     rtos_lab4_pem4f.oem4f (.const:xdc_runtime_Core_A_initializedParams__C)
                  00007ae0    00000004     rtos_lab4_pem4f.oem4f (.const:xdc_runtime_Core_Module__diagsEnabled__C)
                  00007ae4    00000004     rtos_lab4_pem4f.oem4f (.const:xdc_runtime_Core_Module__diagsIncluded__C)
                  00007ae8    00000004     rtos_lab4_pem4f.oem4f (.const:xdc_runtime_Core_Module__diagsMask__C)
                  00007aec    00000004     rtos_lab4_pem4f.oem4f (.const:xdc_runtime_Error_E_memory__C)
                  00007af0    00000004     rtos_lab4_pem4f.oem4f (.const:xdc_runtime_Error_Module__diagsEnabled__C)
                  00007af4    00000004     rtos_lab4_pem4f.oem4f (.const:xdc_runtime_Error_Module__diagsIncluded__C)
                  00007af8    00000004     rtos_lab4_pem4f.oem4f (.const:xdc_runtime_Error_Module__diagsMask__C)
                  00007afc    00000004     rtos_lab4_pem4f.oem4f (.const:xdc_runtime_Error_Module__loggerFxn8__C)
                  00007b00    00000004     rtos_lab4_pem4f.oem4f (.const:xdc_runtime_Error_Module__loggerObj__C)
                  00007b04    00000004     rtos_lab4_pem4f.oem4f (.const:xdc_runtime_Error_policyFxn__C)
                  00007b08    00000004     rtos_lab4_pem4f.oem4f (.const:xdc_runtime_Error_raiseHook__C)
                  00007b0c    00000004     rtos_lab4_pem4f.oem4f (.const:xdc_runtime_HeapStd_A_align__C)
                  00007b10    00000004     rtos_lab4_pem4f.oem4f (.const:xdc_runtime_HeapStd_A_invalidTotalFreeSize__C)
                  00007b14    00000004     rtos_lab4_pem4f.oem4f (.const:xdc_runtime_HeapStd_A_zeroSize__C)
                  00007b18    00000004     rtos_lab4_pem4f.oem4f (.const:xdc_runtime_HeapStd_E_noRTSMemory__C)
                  00007b1c    00000004     rtos_lab4_pem4f.oem4f (.const:xdc_runtime_HeapStd_Module__diagsEnabled__C)
                  00007b20    00000004     rtos_lab4_pem4f.oem4f (.const:xdc_runtime_HeapStd_Module__diagsIncluded__C)
                  00007b24    00000004     rtos_lab4_pem4f.oem4f (.const:xdc_runtime_HeapStd_Module__diagsMask__C)
                  00007b28    00000004     rtos_lab4_pem4f.oem4f (.const:xdc_runtime_IFilterLogger_Interface__BASE__C)
                  00007b2c    00000004     rtos_lab4_pem4f.oem4f (.const:xdc_runtime_IGateProvider_Interface__BASE__C)
                  00007b30    00000004     rtos_lab4_pem4f.oem4f (.const:xdc_runtime_IHeap_Interface__BASE__C)
                  00007b34    00000004     rtos_lab4_pem4f.oem4f (.const:xdc_runtime_ILogger_Interface__BASE__C)
                  00007b38    00000004     rtos_lab4_pem4f.oem4f (.const:xdc_runtime_IModule_Interface__BASE__C)
                  00007b3c    00000004     rtos_lab4_pem4f.oem4f (.const:xdc_runtime_Log_L_error__C)
                  00007b40    00000004     rtos_lab4_pem4f.oem4f (.const:xdc_runtime_Log_L_info__C)
                  00007b44    00000004     rtos_lab4_pem4f.oem4f (.const:xdc_runtime_Main_Module__diagsEnabled__C)
                  00007b48    00000004     rtos_lab4_pem4f.oem4f (.const:xdc_runtime_Main_Module__diagsIncluded__C)
                  00007b4c    00000004     rtos_lab4_pem4f.oem4f (.const:xdc_runtime_Main_Module__diagsMask__C)
                  00007b50    00000004     rtos_lab4_pem4f.oem4f (.const:xdc_runtime_Main_Module__loggerFxn4__C)
                  00007b54    00000004     rtos_lab4_pem4f.oem4f (.const:xdc_runtime_Main_Module__loggerObj__C)
                  00007b58    00000004     rtos_lab4_pem4f.oem4f (.const:xdc_runtime_Memory_defaultHeapInstance__C)
                  00007b5c    00000004     rtos_lab4_pem4f.oem4f (.const:xdc_runtime_Startup_execImpl__C)
                  00007b60    00000004     rtos_lab4_pem4f.oem4f (.const:xdc_runtime_Startup_lastFxns__A)
                  00007b64    00000004     rtos_lab4_pem4f.oem4f (.const:xdc_runtime_Startup_maxPasses__C)
                  00007b68    00000004     rtos_lab4_pem4f.oem4f (.const:xdc_runtime_Startup_sfxnRts__C)
                  00007b6c    00000004     rtos_lab4_pem4f.oem4f (.const:xdc_runtime_Startup_sfxnTab__C)
                  00007b70    00000004     rtos_lab4_pem4f.oem4f (.const:xdc_runtime_SysMin_bufSize__C)
                  00007b74    00000004     rtos_lab4_pem4f.oem4f (.const:xdc_runtime_SysMin_outputFunc__C)
                  00007b78    00000004     rtos_lab4_pem4f.oem4f (.const:xdc_runtime_System_Module__gateObj__C)
                  00007b7c    00000004     rtos_lab4_pem4f.oem4f (.const:xdc_runtime_System_abortFxn__C)
                  00007b80    00000004     rtos_lab4_pem4f.oem4f (.const:xdc_runtime_System_exitFxn__C)
                  00007b84    00000004     rtos_lab4_pem4f.oem4f (.const:xdc_runtime_System_extendFxn__C)
                  00007b88    00000004     rtos_lab4_pem4f.oem4f (.const:xdc_runtime_System_maxAtexitHandlers__C)
                  00007b8c    00000004     rtos_lab4_pem4f.oem4f (.const:xdc_runtime_Text_charTab__C)
                  00007b90    00000004     rtos_lab4_pem4f.oem4f (.const:xdc_runtime_Text_nameEmpty__C)
                  00007b94    00000004     rtos_lab4_pem4f.oem4f (.const:xdc_runtime_Text_nameStatic__C)
                  00007b98    00000004     rtos_lab4_pem4f.oem4f (.const:xdc_runtime_Text_nameUnknown__C)
                  00007b9c    00000004     rtos_lab4_pem4f.oem4f (.const:xdc_runtime_Text_nodeTab__C)
                  00007ba0    00000004     rtos_lab4_pem4f.oem4f (.const:xdc_runtime_Text_visitRopeFxn__C)
                  00007ba4    00000002     rtos_lab4_pem4f.oem4f (.const:ti_sysbios_family_arm_lm4_TimestampProvider_useClockTimer__C)
                  00007ba6    00000002     rtos_lab4_pem4f.oem4f (.const:ti_sysbios_family_arm_m3_Hwi_Module__id__C)
                  00007ba8    00000002     rtos_lab4_pem4f.oem4f (.const:ti_sysbios_family_arm_m3_Hwi_Module__loggerDefined__C)
                  00007baa    00000002     rtos_lab4_pem4f.oem4f (.const:ti_sysbios_gates_GateMutex_Module__id__C)
                  00007bac    00000002     rtos_lab4_pem4f.oem4f (.const:ti_sysbios_hal_Hwi_Module__id__C)
                  00007bae    00000002     rtos_lab4_pem4f.oem4f (.const:ti_sysbios_knl_Clock_Module__id__C)
                  00007bb0    00000002     rtos_lab4_pem4f.oem4f (.const:ti_sysbios_knl_Clock_Module__loggerDefined__C)
                  00007bb2    00000002     rtos_lab4_pem4f.oem4f (.const:ti_sysbios_knl_Semaphore_Module__id__C)
                  00007bb4    00000002     rtos_lab4_pem4f.oem4f (.const:ti_sysbios_knl_Semaphore_Module__loggerDefined__C)
                  00007bb6    00000002     rtos_lab4_pem4f.oem4f (.const:ti_sysbios_knl_Swi_Module__id__C)
                  00007bb8    00000002     rtos_lab4_pem4f.oem4f (.const:ti_sysbios_knl_Swi_Module__loggerDefined__C)
                  00007bba    00000002     rtos_lab4_pem4f.oem4f (.const:ti_sysbios_knl_Task_Module__id__C)
                  00007bbc    00000002     rtos_lab4_pem4f.oem4f (.const:ti_sysbios_knl_Task_Module__loggerDefined__C)
                  00007bbe    00000002     rtos_lab4_pem4f.oem4f (.const:ti_sysbios_utils_Load_Module__id__C)
                  00007bc0    00000002     rtos_lab4_pem4f.oem4f (.const:ti_sysbios_utils_Load_Module__loggerDefined__C)
                  00007bc2    00000002     rtos_lab4_pem4f.oem4f (.const:ti_sysbios_utils_Load_updateInIdle__C)
                  00007bc4    00000002     rtos_lab4_pem4f.oem4f (.const:ti_uia_loggers_LoggerStopMode_Module__id__C)
                  00007bc6    00000002     rtos_lab4_pem4f.oem4f (.const:ti_uia_loggers_LoggerStopMode_isTimestampEnabled__C)
                  00007bc8    00000002     rtos_lab4_pem4f.oem4f (.const:xdc_runtime_Core_Module__id__C)
                  00007bca    00000002     rtos_lab4_pem4f.oem4f (.const:xdc_runtime_Error_Module__loggerDefined__C)
                  00007bcc    00000002     rtos_lab4_pem4f.oem4f (.const:xdc_runtime_Error_maxDepth__C)
                  00007bce    00000002     rtos_lab4_pem4f.oem4f (.const:xdc_runtime_HeapStd_Module__id__C)
                  00007bd0    00000002     rtos_lab4_pem4f.oem4f (.const:xdc_runtime_Main_Module__id__C)
                  00007bd2    00000002     rtos_lab4_pem4f.oem4f (.const:xdc_runtime_Main_Module__loggerDefined__C)
                  00007bd4    00000002     rtos_lab4_pem4f.oem4f (.const:xdc_runtime_Memory_Module__id__C)
                  00007bd6    00000002     rtos_lab4_pem4f.oem4f (.const:xdc_runtime_SysMin_flushAtExit__C)
                  00007bd8    00000002     rtos_lab4_pem4f.oem4f (.const:xdc_runtime_Text_charCnt__C)
                  00007bda    00000002     rtos_lab4_pem4f.oem4f (.const:xdc_runtime_Text_isLoaded__C)
                  00007bdc    00000002     rtos_lab4_pem4f.oem4f (.const:xdc_runtime_Text_registryModsLastId__C)
                  00007bde    00000002     rtos_lab4_pem4f.oem4f (.const:xdc_runtime_Text_unnamedModsLastId__C)
                  00007be0    00000001     rtos_lab4_pem4f.oem4f (.const:xdc_runtime_Error_policy__C)

.cinit     0    00007be8    00000250     
                  00007be8    00000219     (.cinit..data.load) [load image, compression = lzss]
                  00007e01    00000003     --HOLE-- [fill = 0]
                  00007e04    0000000c     (__TI_handler_table)
                  00007e10    00000008     (.cinit..bss.load) [load image, compression = zero_init]
                  00007e18    00000008     (.cinit..vecs.load) [load image, compression = zero_init]
                  00007e20    00000018     (__TI_cinit_table)

.init_array 
*          0    00000000    00000000     UNINITIALIZED

.resetVecs 
*          0    00000000    0000003c     
                  00000000    0000003c     rtos_lab4_pem4f.oem4f (.resetVecs)

.bss       0    20000380    000012b0     UNINITIALIZED
                  20000380    00000400     (.common:ti_uia_loggers_LoggerStopMode_Instance_State_1_packetArray__A)
                  20000780    00000400     (.common:ti_uia_loggers_LoggerStopMode_Instance_State_2_packetArray__A)
                  20000b80    00000360     (.common:ti_sysbios_family_arm_m3_Hwi_dispatchTable)
                  20000ee0    00000200     rtos_lab4_pem4f.oem4f (.bss:taskStackSection)
                  200010e0    00000008     (.common:parmbuf)
                  200010e8    00000018     --HOLE--
                  20001100    00000200     (.common:ti_uia_loggers_LoggerStopMode_Instance_State_0_packetArray__A)
                  20001300    00000120     rtsv7M4_T_le_v4SPD16_eabi.lib : trgmsg.c.obj (.bss:_CIOBUF_)
                  20001420    00000080     (.common:xdc_runtime_SysMin_Module_State_0_outbuf__A)
                  200014a0    00000060     --HOLE--
                  20001500    00000030     (.common:ti_uia_loggers_LoggerStopMode_Instance_State_0_hdr__A)
                  20001530    00000050     --HOLE--
                  20001580    00000030     (.common:ti_uia_loggers_LoggerStopMode_Instance_State_1_hdr__A)
                  200015b0    00000050     --HOLE--
                  20001600    00000030     (.common:ti_uia_loggers_LoggerStopMode_Instance_State_2_hdr__A)

.data      0    20001630    00000578     UNINITIALIZED
                  20001630    0000009c     rtos_lab4_pem4f.oem4f (.data:ti_uia_loggers_LoggerStopMode_Object__table__V)
                  200016cc    00000098     rtos_lab4_pem4f.oem4f (.data:ti_sysbios_utils_Load_Module__state__V)
                  20001764    00000080     rtos_lab4_pem4f.oem4f (.data:ti_sysbios_family_arm_lm4_Timer_Object__table__V)
                  200017e4    00000080     rtos_lab4_pem4f.oem4f (.data:ti_sysbios_knl_Swi_Module_State_0_readyQ__A)
                  20001864    00000080     rtos_lab4_pem4f.oem4f (.data:ti_sysbios_knl_Task_Module_State_0_readyQ__A)
                  200018e4    0000004c     rtos_lab4_pem4f.oem4f (.data:ti_sysbios_knl_Task_Object__table__V)
                  20001930    00000044     rtos_lab4_pem4f.oem4f (.data:ti_sysbios_knl_Task_Module__state__V)
                  20001974    00000034     rtos_lab4_pem4f.oem4f (.data:ti_sysbios_family_arm_m3_Hwi_Module__state__V)
                  200019a8    00000030     rtos_lab4_pem4f.oem4f (.data:ti_sysbios_family_arm_lm4_Timer_Module_State_0_device__A)
                  200019d8    00000030     rtos_lab4_pem4f.oem4f (.data:ti_sysbios_family_arm_m3_Hwi_Object__table__V)
                  20001a08    00000030     rtos_lab4_pem4f.oem4f (.data:ti_sysbios_knl_Swi_Object__table__V)
                  20001a38    0000002c     rtos_lab4_pem4f.oem4f (.data:ti_sysbios_knl_Clock_Module__state__V)
                  20001a64    00000024     rtos_lab4_pem4f.oem4f (.data:ti_sysbios_BIOS_Module__state__V)
                  20001a88    0000001c     rtos_lab4_pem4f.oem4f (.data:ti_sysbios_gates_GateMutex_Object__table__V)
                  20001aa4    0000001c     rtos_lab4_pem4f.oem4f (.data:ti_sysbios_knl_Swi_Module__state__V)
                  20001ac0    00000018     rtos_lab4_pem4f.oem4f (.data:ti_sysbios_family_arm_lm4_Timer_Module_State_0_handles__A)
                  20001ad8    0000000c     rtos_lab4_pem4f.oem4f (.data:ti_sysbios_family_arm_lm4_Timer_Module__state__V)
                  20001ae4    0000000c     rtos_lab4_pem4f.oem4f (.data:ti_sysbios_knl_Task_Module__root__V)
                  20001af0    0000000c     rtos_lab4_pem4f.oem4f (.data:ti_uia_runtime_QueueDescriptor_Module__state__V)
                  20001afc    0000000c     rtos_lab4_pem4f.oem4f (.data:xdc_runtime_HeapStd_Object__table__V)
                  20001b08    0000000c     rtos_lab4_pem4f.oem4f (.data:xdc_runtime_SysMin_Module__state__V)
                  20001b14    00000008     rtsv7M4_T_le_v4SPD16_eabi.lib : _lock.c.obj (.data:$O1$$)
                  20001b1c    00000008     ti.uia.runtime.aem4f : QueueDescriptor.oem4f (.data)
                  20001b24    00000008     rtos_lab4_pem4f.oem4f (.data:ti_sysbios_family_arm_lm4_TimestampProvider_Module__state__V)
                  20001b2c    00000008     rtos_lab4_pem4f.oem4f (.data:ti_sysbios_gates_GateHwi_Module__root__V)
                  20001b34    00000008     rtos_lab4_pem4f.oem4f (.data:ti_sysbios_gates_GateMutex_Module__root__V)
                  20001b3c    00000008     rtos_lab4_pem4f.oem4f (.data:ti_sysbios_knl_Queue_Module__root__V)
                  20001b44    00000008     rtos_lab4_pem4f.oem4f (.data:ti_sysbios_knl_Semaphore_Module__root__V)
                  20001b4c    00000008     rtos_lab4_pem4f.oem4f (.data:ti_uia_loggers_LoggerStopMode_Module__root__V)
                  20001b54    00000008     rtos_lab4_pem4f.oem4f (.data:xdc_runtime_HeapStd_Module__root__V)
                  20001b5c    00000008     rtos_lab4_pem4f.oem4f (.data:xdc_runtime_Registry_Module__state__V)
                  20001b64    00000008     rtos_lab4_pem4f.oem4f (.data:xdc_runtime_Startup_Module__state__V)
                  20001b6c    00000008     rtos_lab4_pem4f.oem4f (.data:xdc_runtime_System_Module_State_0_atexitHandlers__A)
                  20001b74    00000008     rtos_lab4_pem4f.oem4f (.data:xdc_runtime_System_Module__state__V)
                  20001b7c    00000004     rtsv7M4_T_le_v4SPD16_eabi.lib : stkdepth_vars.c.obj (.data)
                  20001b80    00000004     rtos_lab4_pem4f.oem4f (.data:ti_sysbios_family_arm_m3_Hwi_Module_State_0_excContext__A)
                  20001b84    00000004     rtos_lab4_pem4f.oem4f (.data:ti_sysbios_family_arm_m3_Hwi_Module_State_0_excStack__A)
                  20001b88    00000004     rtos_lab4_pem4f.oem4f (.data:ti_sysbios_gates_GateHwi_Object__table__V)
                  20001b8c    00000004     rtos_lab4_pem4f.oem4f (.data:ti_sysbios_knl_Task_Module_State_0_idleTask__A)
                  20001b90    00000004     rtos_lab4_pem4f.oem4f (.data:ti_sysbios_utils_Load_Module_State_0_runningTask__A)
                  20001b94    00000004     rtos_lab4_pem4f.oem4f (.data:ti_sysbios_utils_Load_Module_State_0_taskStartTime__A)
                  20001b98    00000004     rtos_lab4_pem4f.oem4f (.data:xdc_runtime_HeapStd_Module__state__V)
                  20001b9c    00000004     rtos_lab4_pem4f.oem4f (.data:xdc_runtime_Memory_Module__state__V)
                  20001ba0    00000002     rtos_lab4.obj (.data)
                  20001ba2    00000002     rtos_lab4_pem4f.oem4f (.data:ti_sysbios_family_arm_m3_Hwi_Module_State_0_excActive__A)
                  20001ba4    00000002     rtos_lab4_pem4f.oem4f (.data:xdc_runtime_Error_Module__state__V)
                  20001ba6    00000002     rtos_lab4_pem4f.oem4f (.data:xdc_runtime_Main_Module__root__V)

.stack     0    20001ba8    00000400     UNINITIALIZED
                  20001ba8    00000400     --HOLE--

.bootVecs 
*          0    00000000    00000008     DSECT
                  00000000    00000008     boot.aem4f : boot.oem4f (.bootVecs)

.vecs      0    20000000    00000360     UNINITIALIZED
                  20000000    00000360     rtos_lab4_pem4f.oem4f (.vecs)

xdc.meta   0    00000000    000000ee     COPY SECTION
                  00000000    000000ee     rtos_lab4_pem4f.oem4f (xdc.meta)

MODULE SUMMARY

       Module                       code    ro data   rw data
       ------                       ----    -------   -------
    .\
       rtos_lab4.obj                288     0         2      
    +--+----------------------------+-------+---------+---------+
       Total:                       288     0         2      
                                                             
    C:\Users\perez\workspace_v9\Blink TM4C Using BIOS\Debug\configPkg\package\cfg\
       rtos_lab4_pem4f.oem4f        3096    8929      6450   
    +--+----------------------------+-------+---------+---------+
       Total:                       3096    8929      6450   
                                                             
    C:/ti/tirtos_tivac_2_16_00_08/products/TivaWare_C_Series-2.1.1.71b/driverlib/ccs/Debug/driverlib.lib
       gpio.obj                     382     0         0      
       sysctl.obj                   298     0         0      
    +--+----------------------------+-------+---------+---------+
       Total:                       680     0         0      
                                                             
    C:\Users\perez\workspace_v9\Blink TM4C Using BIOS\src\sysbios\sysbios.aem4f
       BIOS.obj                     11086   0         0      
       m3_Hwi_asm.obj               314     0         0      
       m3_TaskSupport_asm.obj       180     0         0      
       m3_Hwi_asm_switch.obj        118     0         0      
    +--+----------------------------+-------+---------+---------+
       Total:                       11698   0         0      
                                                             
    C:\ti\ccs910\ccs\tools\compiler\ti-cgt-arm_18.12.3.LTS\lib\rtsv7M4_T_le_v4SPD16_eabi.lib
       trgmsg.c.obj                 108     0         288    
       memcpy_t2.asm.obj            156     0         0      
       memset_t2.asm.obj            122     0         0      
       copy_decompress_lzss.c.obj   104     0         0      
       hostwrite.c.obj              88      0         0      
       cpy_tbl.c.obj                76      0         0      
       u_divt2.asm.obj              64      0         0      
       _lock.c.obj                  26      0         8      
       args_main.c.obj              24      0         0      
       strlen.c.obj                 20      0         0      
       copy_decompress_none.c.obj   14      0         0      
       copy_zero_init.c.obj         12      0         0      
       hostopen.c.obj               0       0         8      
       exit.c.obj                   4       0         0      
       stkdepth_vars.c.obj          0       0         4      
       div0.asm.obj                 2       0         0      
    +--+----------------------------+-------+---------+---------+
       Total:                       820     0         308    
                                                             
    C:\ti\tirtos_tivac_2_16_00_08\products\bios_6_45_01_29\packages\ti\catalog\arm\cortexm4\tiva\ce\lib\Boot.aem4f
       Boot_sysctl.oem4f            262     0         0      
       Boot.oem4f                   152     0         0      
    +--+----------------------------+-------+---------+---------+
       Total:                       414     0         0      
                                                             
    C:\ti\tirtos_tivac_2_16_00_08\products\bios_6_45_01_29\packages\ti\targets\arm\rtsarm\lib\auto_init.aem4f
       auto_init.oem4f              160     0         0      
    +--+----------------------------+-------+---------+---------+
       Total:                       160     0         0      
                                                             
    C:\ti\tirtos_tivac_2_16_00_08\products\bios_6_45_01_29\packages\ti\targets\arm\rtsarm\lib\boot.aem4f
       boot.oem4f                   88      0         0      
    +--+----------------------------+-------+---------+---------+
       Total:                       88      0         0      
                                                             
    C:\ti\tirtos_tivac_2_16_00_08\products\bios_6_45_01_29\packages\ti\targets\arm\rtsarm\lib\ti.targets.arm.rtsarm.aem4f
       System.oem4f                 1255    0         0      
       HeapStd.oem4f                714     0         0      
       Text.oem4f                   672     0         0      
       Error.oem4f                  524     0         0      
       Core-mem.oem4f               358     0         0      
       Startup.oem4f                328     0         0      
       SysMin.oem4f                 248     0         0      
       Core-smem.oem4f              204     0         0      
       Memory.oem4f                 176     0         0      
       Assert.oem4f                 84      0         0      
       Core-params.oem4f            70      0         0      
       Core-label.oem4f             52      0         0      
       Registry.oem4f               32      0         0      
       Gate.oem4f                   28      0         0      
    +--+----------------------------+-------+---------+---------+
       Total:                       4745    0         0      
                                                             
    C:\ti\tirtos_tivac_2_16_00_08\products\uia_2_00_05_50\packages\ti\uia\loggers\lib\release\ti.uia.loggers.aem4f
       LoggerStopMode.oem4f         552     0         0      
    +--+----------------------------+-------+---------+---------+
       Total:                       552     0         0      
                                                             
    C:\ti\tirtos_tivac_2_16_00_08\products\uia_2_00_05_50\packages\ti\uia\runtime\lib\release\ti.uia.runtime.aem4f
       QueueDescriptor.oem4f        116     0         8      
    +--+----------------------------+-------+---------+---------+
       Total:                       116     0         8      
                                                             
       Stack:                       0       0         1024   
       Linker Generated:            0       589       0      
    +--+----------------------------+-------+---------+---------+
       Grand Total:                 22657   9518      7792   


LINKER GENERATED COPY TABLES

__TI_cinit_table @ 00007e20 records: 3, size/record: 8, table size: 24
	.data: load addr=00007be8, load size=00000219 bytes, run addr=20001630, run size=00000578 bytes, compression=lzss
	.bss: load addr=00007e10, load size=00000008 bytes, run addr=20000380, run size=000012b0 bytes, compression=zero_init
	.vecs: load addr=00007e18, load size=00000008 bytes, run addr=20000000, run size=00000360 bytes, compression=zero_init


LINKER GENERATED HANDLER TABLE

__TI_handler_table @ 00007e04 records: 3, size/record: 4, table size: 12
	index: 0, handler: __TI_decompress_lzss
	index: 1, handler: __TI_decompress_none
	index: 2, handler: __TI_zero_init


GLOBAL SYMBOLS: SORTED ALPHABETICALLY BY Name 

address   name                                                              
-------   ----                                                              
000007bd  C$$EXIT                                                           
000049c3  C$$IO$$                                                           
00004f51  GPIODirModeSet                                                    
00001885  GPIOPadConfigSet                                                  
00003d23  GPIOPinRead                                                       
000054cf  GPIOPinTypeGPIOOutput                                             
00004c53  GPIOPinWrite                                                      
00004299  HOSTwrite                                                         
UNDEFED   SHT$$INIT_ARRAY$$Base                                             
UNDEFED   SHT$$INIT_ARRAY$$Limit                                            
000023f1  SysCtlClockSet                                                    
000058d1  SysCtlDelay                                                       
00004ab1  SysCtlPeripheralEnable                                            
00000000  __ASM__                                                           
20001300  __CIOBUF_                                                         
0000006c  __ISA__                                                           
0000007f  __PLAT__                                                          
20001fa8  __STACK_END                                                       
00000400  __STACK_SIZE                                                      
000000a0  __TARG__                                                          
00007e20  __TI_CINIT_Base                                                   
00007e38  __TI_CINIT_Limit                                                  
00007e04  __TI_Handler_Table_Base                                           
00007e10  __TI_Handler_Table_Limit                                          
00003419  __TI_auto_init                                                    
00003e6d  __TI_decompress_lzss                                              
000057a1  __TI_decompress_none                                              
ffffffff  __TI_pprof_out_hndl                                               
ffffffff  __TI_prof_data_size                                               
ffffffff  __TI_prof_data_start                                              
00004ae5  __TI_readmsg                                                      
00007be8  __TI_static_base__                                                
00004995  __TI_writemsg                                                     
00005801  __TI_zero_init                                                    
000000c6  __TRDR__                                                          
00004185  __aeabi_idiv0                                                     
00004185  __aeabi_ldiv0                                                     
00003bc5  __aeabi_memclr                                                    
00003bc5  __aeabi_memclr4                                                   
00003bc5  __aeabi_memclr8                                                   
00003559  __aeabi_memcpy                                                    
00003559  __aeabi_memcpy4                                                   
00003559  __aeabi_memcpy8                                                   
00003bc7  __aeabi_memset                                                    
00003bc7  __aeabi_memset4                                                   
00003bc7  __aeabi_memset8                                                   
00004895  __aeabi_uidiv                                                     
00004895  __aeabi_uidivmod                                                  
ffffffff  __binit__                                                         
ffffffff  __c_args__                                                        
20001ba8  __stack                                                           
000054e9  _args_main                                                        
00004241  _c_int00                                                          
20001b14  _lock                                                             
0000372f  _nop                                                              
[...]
00007948  ti_catalog_arm_cortexm4_tiva_ce_Boot_A_mustUseEnhancedClockMode__C
0000794c  ti_catalog_arm_cortexm4_tiva_ce_Boot_Module__diagsEnabled__C      
00007950  ti_catalog_arm_cortexm4_tiva_ce_Boot_Module__diagsIncluded__C     
00007954  ti_catalog_arm_cortexm4_tiva_ce_Boot_Module__diagsMask__C         
00007958  ti_sysbios_family_arm_lm4_Timer_enableFunc__C                     
0000795c  ti_sysbios_family_arm_lm4_Timer_numTimerDevices__C                
00007960  ti_sysbios_family_arm_lm4_Timer_startupNeeded__C                  
00007964  ti_sysbios_family_arm_m3_Hwi_E_NMI__C                             
00007968  ti_sysbios_family_arm_m3_Hwi_E_busFault__C                        
0000796c  ti_sysbios_family_arm_m3_Hwi_E_debugMon__C                        
00007970  ti_sysbios_family_arm_m3_Hwi_E_hardFault__C                       
00007974  ti_sysbios_family_arm_m3_Hwi_E_memFault__C                        
00007978  ti_sysbios_family_arm_m3_Hwi_E_noIsr__C                           
0000797c  ti_sysbios_family_arm_m3_Hwi_E_reserved__C                        
00007980  ti_sysbios_family_arm_m3_Hwi_E_svCall__C                          
00007984  ti_sysbios_family_arm_m3_Hwi_E_usageFault__C                      
00007988  ti_sysbios_family_arm_m3_Hwi_LD_end__C                            
0000798c  ti_sysbios_family_arm_m3_Hwi_LM_begin__C                          
00007990  ti_sysbios_family_arm_m3_Hwi_Module__diagsEnabled__C              
00007994  ti_sysbios_family_arm_m3_Hwi_Module__diagsIncluded__C             
00007998  ti_sysbios_family_arm_m3_Hwi_Module__diagsMask__C                 
0000799c  ti_sysbios_family_arm_m3_Hwi_Module__loggerFxn1__C                
000079a0  ti_sysbios_family_arm_m3_Hwi_Module__loggerFxn8__C                
000079a4  ti_sysbios_family_arm_m3_Hwi_Module__loggerObj__C                 
000079a8  ti_sysbios_family_arm_m3_Hwi_NUM_INTERRUPTS__C                    
000079ac  ti_sysbios_family_arm_m3_Hwi_Object__count__C                     
000079b0  ti_sysbios_family_arm_m3_Hwi_ccr__C                               
000079b4  ti_sysbios_family_arm_m3_Hwi_excHandlerFunc__C                    
000079b8  ti_sysbios_family_arm_m3_Hwi_excHookFuncs__C                      
000079bc  ti_sysbios_family_arm_m3_Hwi_nullIsrFunc__C                       
000079c0  ti_sysbios_family_arm_m3_Hwi_priGroup__C                          
000079c4  ti_sysbios_gates_GateMutex_A_badContext__C                        
000079c8  ti_sysbios_gates_GateMutex_Instance_State_sem__O                  
000079cc  ti_sysbios_gates_GateMutex_Module__diagsEnabled__C                
000079d0  ti_sysbios_gates_GateMutex_Module__diagsIncluded__C               
000079d4  ti_sysbios_gates_GateMutex_Module__diagsMask__C                   
000079d8  ti_sysbios_hal_Hwi_E_stackOverflow__C                             
000079dc  ti_sysbios_knl_Clock_LM_begin__C                                  
000079e0  ti_sysbios_knl_Clock_LM_tick__C                                   
000079e4  ti_sysbios_knl_Clock_LW_delayed__C                                
000079e8  ti_sysbios_knl_Clock_Module_State_clockQ__O                       
000079ec  ti_sysbios_knl_Clock_Module__diagsEnabled__C                      
000079f0  ti_sysbios_knl_Clock_Module__diagsIncluded__C                     
000079f4  ti_sysbios_knl_Clock_Module__diagsMask__C                         
000079f8  ti_sysbios_knl_Clock_Module__loggerFxn1__C                        
000079fc  ti_sysbios_knl_Clock_Module__loggerFxn2__C                        
00007a00  ti_sysbios_knl_Clock_Module__loggerObj__C                         
00007a04  ti_sysbios_knl_Semaphore_A_badContext__C                          
00007a08  ti_sysbios_knl_Semaphore_A_noEvents__C                            
00007a0c  ti_sysbios_knl_Semaphore_A_overflow__C                            
00007a10  ti_sysbios_knl_Semaphore_A_pendTaskDisabled__C                    
00007a14  ti_sysbios_knl_Semaphore_Instance_State_pendQ__O                  
00007a18  ti_sysbios_knl_Semaphore_LM_pend__C                               
00007a1c  ti_sysbios_knl_Semaphore_LM_post__C                               
00007a20  ti_sysbios_knl_Semaphore_Module__diagsEnabled__C                  
00007a24  ti_sysbios_knl_Semaphore_Module__diagsIncluded__C                 
00007a28  ti_sysbios_knl_Semaphore_Module__diagsMask__C                     
00007a2c  ti_sysbios_knl_Semaphore_Module__loggerFxn2__C                    
00007a30  ti_sysbios_knl_Semaphore_Module__loggerFxn4__C                    
00007a34  ti_sysbios_knl_Semaphore_Module__loggerObj__C                     
00007a38  ti_sysbios_knl_Swi_LD_end__C                                      
00007a3c  ti_sysbios_knl_Swi_LM_begin__C                                    
00007a40  ti_sysbios_knl_Swi_LM_post__C                                     
00007a44  ti_sysbios_knl_Swi_Module__diagsEnabled__C                        
00007a48  ti_sysbios_knl_Swi_Module__diagsIncluded__C                       
00007a4c  ti_sysbios_knl_Swi_Module__diagsMask__C                           
00007a50  ti_sysbios_knl_Swi_Module__loggerFxn1__C                          
00007a54  ti_sysbios_knl_Swi_Module__loggerFxn4__C                          
00007a58  ti_sysbios_knl_Swi_Module__loggerObj__C                           
00007a5c  ti_sysbios_knl_Swi_Object__count__C                               
00007a60  ti_sysbios_knl_Task_E_spOutOfBounds__C                            
00007a64  ti_sysbios_knl_Task_E_stackOverflow__C                            
00007a68  ti_sysbios_knl_Task_LD_block__C                                   
00007a6c  ti_sysbios_knl_Task_LD_exit__C                                    
00007a70  ti_sysbios_knl_Task_LD_ready__C                                   
00007a74  ti_sysbios_knl_Task_LM_switch__C                                  
00007a78  ti_sysbios_knl_Task_Module_State_inactiveQ__O                     
00007a7c  ti_sysbios_knl_Task_Module__diagsEnabled__C                       
00007a80  ti_sysbios_knl_Task_Module__diagsIncluded__C                      
00007a84  ti_sysbios_knl_Task_Module__diagsMask__C                          
00007a88  ti_sysbios_knl_Task_Module__loggerFxn2__C                         
00007a8c  ti_sysbios_knl_Task_Module__loggerFxn4__C                         
00007a90  ti_sysbios_knl_Task_Module__loggerObj__C                          
00007a94  ti_sysbios_knl_Task_Object__count__C                              
00007a98  ti_sysbios_knl_Task_allBlockedFunc__C                             
00007a9c  ti_sysbios_knl_Task_numConstructedTasks__C                        
00007aa0  ti_sysbios_utils_Load_LS_cpuLoad__C                               
00007aa4  ti_sysbios_utils_Load_Module__diagsEnabled__C                     
00007aa8  ti_sysbios_utils_Load_Module__diagsIncluded__C                    
00007aac  ti_sysbios_utils_Load_Module__diagsMask__C                        
00007ab0  ti_sysbios_utils_Load_Module__loggerFxn1__C                       
00007ab4  ti_sysbios_utils_Load_Module__loggerObj__C                        
00007ab8  ti_sysbios_utils_Load_postUpdate__C                               
00007abc  ti_sysbios_utils_Load_windowInMs__C                               
00007ac0  ti_uia_loggers_LoggerStopMode_Module__diagsEnabled__C             
00007ac4  ti_uia_loggers_LoggerStopMode_Module__diagsIncluded__C            
00007ac8  ti_uia_loggers_LoggerStopMode_Module__diagsMask__C                
00007acc  ti_uia_loggers_LoggerStopMode_Object__count__C                    
00007ad0  ti_uia_runtime_ILoggerSnapshot_Interface__BASE__C                 
00007ad4  ti_uia_runtime_IUIATransfer_Interface__BASE__C                    
00007ad8  xdc_runtime_Assert_E_assertFailed__C                              
00007adc  xdc_runtime_Core_A_initializedParams__C                           
00007ae0  xdc_runtime_Core_Module__diagsEnabled__C                          
00007ae4  xdc_runtime_Core_Module__diagsIncluded__C                         
00007ae8  xdc_runtime_Core_Module__diagsMask__C                             
00007aec  xdc_runtime_Error_E_memory__C                                     
00007af0  xdc_runtime_Error_Module__diagsEnabled__C                         
00007af4  xdc_runtime_Error_Module__diagsIncluded__C                        
00007af8  xdc_runtime_Error_Module__diagsMask__C                            
00007afc  xdc_runtime_Error_Module__loggerFxn8__C                           
00007b00  xdc_runtime_Error_Module__loggerObj__C                            
00007b04  xdc_runtime_Error_policyFxn__C                                    
00007b08  xdc_runtime_Error_raiseHook__C                                    
00007b0c  xdc_runtime_HeapStd_A_align__C                                    
00007b10  xdc_runtime_HeapStd_A_invalidTotalFreeSize__C                     
00007b14  xdc_runtime_HeapStd_A_zeroSize__C                                 
00007b18  xdc_runtime_HeapStd_E_noRTSMemory__C                              
00007b1c  xdc_runtime_HeapStd_Module__diagsEnabled__C                       
00007b20  xdc_runtime_HeapStd_Module__diagsIncluded__C                      
00007b24  xdc_runtime_HeapStd_Module__diagsMask__C                          
00007b28  xdc_runtime_IFilterLogger_Interface__BASE__C                      
00007b2c  xdc_runtime_IGateProvider_Interface__BASE__C                      
00007b30  xdc_runtime_IHeap_Interface__BASE__C                              
00007b34  xdc_runtime_ILogger_Interface__BASE__C                            
00007b38  xdc_runtime_IModule_Interface__BASE__C                            
00007b3c  xdc_runtime_Log_L_error__C                                        
00007b40  xdc_runtime_Log_L_info__C                                         
00007b44  xdc_runtime_Main_Module__diagsEnabled__C                          
00007b48  xdc_runtime_Main_Module__diagsIncluded__C                         
00007b4c  xdc_runtime_Main_Module__diagsMask__C                             
00007b50  xdc_runtime_Main_Module__loggerFxn4__C                            
00007b54  xdc_runtime_Main_Module__loggerObj__C                             
00007b58  xdc_runtime_Memory_defaultHeapInstance__C                         
00007b5c  xdc_runtime_Startup_execImpl__C                                   
00007b60  xdc_runtime_Startup_lastFxns__A                                   
00007b64  xdc_runtime_Startup_maxPasses__C                                  
00007b68  xdc_runtime_Startup_sfxnRts__C                                    
00007b6c  xdc_runtime_Startup_sfxnTab__C                                    
00007b70  xdc_runtime_SysMin_bufSize__C                                     
00007b74  xdc_runtime_SysMin_outputFunc__C                                  
00007b78  xdc_runtime_System_Module__gateObj__C                             
00007b7c  xdc_runtime_System_abortFxn__C                                    
00007b80  xdc_runtime_System_exitFxn__C                                     
00007b84  xdc_runtime_System_extendFxn__C                                   
00007b88  xdc_runtime_System_maxAtexitHandlers__C                           
00007b8c  xdc_runtime_Text_charTab__C                                       
00007b90  xdc_runtime_Text_nameEmpty__C                                     
00007b94  xdc_runtime_Text_nameStatic__C                                    
00007b98  xdc_runtime_Text_nameUnknown__C                                   
00007b9c  xdc_runtime_Text_nodeTab__C                                       
00007ba0  xdc_runtime_Text_visitRopeFxn__C                                  
00007ba4  ti_sysbios_family_arm_lm4_TimestampProvider_useClockTimer__C      
00007ba6  ti_sysbios_family_arm_m3_Hwi_Module__id__C                        
00007ba8  ti_sysbios_family_arm_m3_Hwi_Module__loggerDefined__C             
00007baa  ti_sysbios_gates_GateMutex_Module__id__C                          
00007bac  ti_sysbios_hal_Hwi_Module__id__C                                  
00007bae  ti_sysbios_knl_Clock_Module__id__C                                
00007bb0  ti_sysbios_knl_Clock_Module__loggerDefined__C                     
00007bb2  ti_sysbios_knl_Semaphore_Module__id__C                            
00007bb4  ti_sysbios_knl_Semaphore_Module__loggerDefined__C                 
00007bb6  ti_sysbios_knl_Swi_Module__id__C                                  
00007bb8  ti_sysbios_knl_Swi_Module__loggerDefined__C                       
00007bba  ti_sysbios_knl_Task_Module__id__C                                 
00007bbc  ti_sysbios_knl_Task_Module__loggerDefined__C                      
00007bbe  ti_sysbios_utils_Load_Module__id__C                               
00007bc0  ti_sysbios_utils_Load_Module__loggerDefined__C                    
00007bc2  ti_sysbios_utils_Load_updateInIdle__C                             
00007bc4  ti_uia_loggers_LoggerStopMode_Module__id__C                       
00007bc6  ti_uia_loggers_LoggerStopMode_isTimestampEnabled__C               
00007bc8  xdc_runtime_Core_Module__id__C                                    
00007bca  xdc_runtime_Error_Module__loggerDefined__C                        
00007bcc  xdc_runtime_Error_maxDepth__C                                     
00007bce  xdc_runtime_HeapStd_Module__id__C                                 
00007bd0  xdc_runtime_Main_Module__id__C                                    
00007bd2  xdc_runtime_Main_Module__loggerDefined__C                         
00007bd4  xdc_runtime_Memory_Module__id__C                                  
00007bd6  xdc_runtime_SysMin_flushAtExit__C                                 
00007bd8  xdc_runtime_Text_charCnt__C                                       
00007bda  xdc_runtime_Text_isLoaded__C                                      
00007bdc  xdc_runtime_Text_registryModsLastId__C                            
00007bde  xdc_runtime_Text_unnamedModsLastId__C                             
00007be0  xdc_runtime_Error_policy__C                                       
00007be8  __TI_static_base__                                                
00007e04  __TI_Handler_Table_Base                                           
00007e10  __TI_Handler_Table_Limit                                          
00007e20  __TI_CINIT_Base                                                   
00007e38  __TI_CINIT_Limit                                                  
20000000  ti_sysbios_family_arm_m3_Hwi_ramVectors                           
20000380  ti_uia_loggers_LoggerStopMode_Instance_State_1_packetArray__A     
20000780  ti_uia_loggers_LoggerStopMode_Instance_State_2_packetArray__A     
20000b80  ti_sysbios_family_arm_m3_Hwi_dispatchTable                        
20000ee0  ti_sysbios_knl_Task_Instance_State_0_stack__A                     
200010e0  parmbuf                                                           
20001100  ti_uia_loggers_LoggerStopMode_Instance_State_0_packetArray__A     
20001300  __CIOBUF_                                                         
20001420  xdc_runtime_SysMin_Module_State_0_outbuf__A                       
20001500  ti_uia_loggers_LoggerStopMode_Instance_State_0_hdr__A             
20001580  ti_uia_loggers_LoggerStopMode_Instance_State_1_hdr__A             
20001600  ti_uia_loggers_LoggerStopMode_Instance_State_2_hdr__A             
20001630  ti_uia_loggers_LoggerStopMode_Object__table__V                    
200016cc  ti_sysbios_utils_Load_Module__state__V                            
20001764  ti_sysbios_family_arm_lm4_Timer_Object__table__V                  
200017e4  ti_sysbios_knl_Swi_Module_State_0_readyQ__A                       
20001864  ti_sysbios_knl_Task_Module_State_0_readyQ__A                      
200018e4  ti_sysbios_knl_Task_Object__table__V                              
20001930  ti_sysbios_knl_Task_Module__state__V                              
20001974  ti_sysbios_family_arm_m3_Hwi_Module__state__V                     
200019a8  ti_sysbios_family_arm_lm4_Timer_Module_State_0_device__A          
200019d8  ti_sysbios_family_arm_m3_Hwi_Object__table__V                     
20001a08  ti_sysbios_knl_Swi_Object__table__V                               
20001a38  ti_sysbios_knl_Clock_Module__state__V                             
20001a64  ti_sysbios_BIOS_Module__state__V                                  
20001a88  ti_sysbios_gates_GateMutex_Object__table__V                       
20001aa4  ti_sysbios_knl_Swi_Module__state__V                               
20001ac0  ti_sysbios_family_arm_lm4_Timer_Module_State_0_handles__A         
20001ad8  ti_sysbios_family_arm_lm4_Timer_Module__state__V                  
20001ae4  ti_sysbios_knl_Task_Module__root__V                               
20001af0  ti_uia_runtime_QueueDescriptor_Module__state__V                   
20001afc  xdc_runtime_HeapStd_Object__table__V                              
20001b08  xdc_runtime_SysMin_Module__state__V                               
20001b14  _lock                                                             
20001b18  _unlock                                                           
20001b1c  ti_uia_runtime_QueueDescriptor_gPtrToFirstDescriptor              
20001b20  ti_uia_runtime_QueueDescriptor_gUpdateCount                       
20001b24  ti_sysbios_family_arm_lm4_TimestampProvider_Module__state__V      
20001b2c  ti_sysbios_gates_GateHwi_Module__root__V                          
20001b34  ti_sysbios_gates_GateMutex_Module__root__V                        
20001b3c  ti_sysbios_knl_Queue_Module__root__V                              
20001b44  ti_sysbios_knl_Semaphore_Module__root__V                          
20001b4c  ti_uia_loggers_LoggerStopMode_Module__root__V                     
20001b54  xdc_runtime_HeapStd_Module__root__V                               
20001b5c  xdc_runtime_Registry_Module__state__V                             
20001b64  xdc_runtime_Startup_Module__state__V                              
20001b6c  xdc_runtime_System_Module_State_0_atexitHandlers__A               
20001b74  xdc_runtime_System_Module__state__V                               
20001b7c  main_func_sp                                                      
20001b80  ti_sysbios_family_arm_m3_Hwi_Module_State_0_excContext__A         
20001b84  ti_sysbios_family_arm_m3_Hwi_Module_State_0_excStack__A           
20001b88  ti_sysbios_gates_GateHwi_Object__table__V                         
20001b8c  ti_sysbios_knl_Task_Module_State_0_idleTask__A                    
20001b90  ti_sysbios_utils_Load_Module_State_0_runningTask__A               
20001b94  ti_sysbios_utils_Load_Module_State_0_taskStartTime__A             
20001b98  xdc_runtime_HeapStd_Module__state__V                              
20001b9c  xdc_runtime_Memory_Module__state__V                               
20001ba0  i16ToggleCount                                                    
20001ba2  ti_sysbios_family_arm_m3_Hwi_Module_State_0_excActive__A          
20001ba4  xdc_runtime_Error_Module__state__V                                
20001ba6  xdc_runtime_Main_Module__root__V                                  
20001ba8  __stack                                                           
20001fa8  __STACK_END                                                       
e000e000  ti_sysbios_family_arm_m3_Hwi_nvic                                 
ffffffff  __TI_pprof_out_hndl                                               
ffffffff  __TI_prof_data_size                                               
ffffffff  __TI_prof_data_start                                              
ffffffff  __binit__                                                         
ffffffff  __c_args__                                                        
ffffffff  binit                                                             
UNDEFED   SHT$$INIT_ARRAY$$Base                                             
UNDEFED   SHT$$INIT_ARRAY$$Limit                                            

[637 symbols]
