******************************************************************************
                  TI ARM Linker PC v18.12.3                    
******************************************************************************
>> Linked Mon Nov  4 23:14:13 2019

OUTPUT FILE NAME:   <Lab8.out>
ENTRY POINT SYMBOL: "_c_int00_noargs"  address: 000009f9


MEMORY CONFIGURATION

         name            origin    length      used     unused   attr    fill
----------------------  --------  ---------  --------  --------  ----  --------
  FLASH                 00000000   00040000  00000c14  0003f3ec  R  X
  SRAM                  20000000   00008000  00000238  00007dc8  RW X


SEGMENT ALLOCATION MAP

run origin  load origin   length   init length attrs members
----------  ----------- ---------- ----------- ----- -------
00000000    00000000    00000c18   00000c18    r-x
  00000000    00000000    0000026c   0000026c    r-- .intvecs
  0000026c    0000026c    00000864   00000864    r-x .text
  00000ad0    00000ad0    000000fc   000000fc    r-- .const
  00000bd0    00000bd0    00000048   00000048    r-- .cinit
20000000    20000000    00000238   00000000    rw-
  20000000    20000000    00000200   00000000    rw- .stack
  20000200    20000200    00000020   00000000    rw- .data
  20000220    20000220    00000018   00000000    rw- .bss


SECTION ALLOCATION MAP

 output                                  attributes/
section   page    origin      length       input sections
--------  ----  ----------  ----------   ----------------
.intvecs   0    00000000    0000026c     
                  00000000    0000026c     tm4c123gh6pm_startup_ccs.obj (.intvecs)

.text      0    0000026c    00000864     
                  0000026c    00000254     main.obj (.text)
                  000004c0    00000132     driverlib.lib : gpio.obj (.text:GPIOPadConfigSet)
                  000005f2    00000002     --HOLE-- [fill = 0]
                  000005f4    00000110                   : sysctl.obj (.text:SysCtlClockGet)
                  00000704    000000f4                   : sysctl.obj (.text:SysCtlClockSet)
                  000007f8    0000009c     rtsv7M4_T_le_v4SPD16_eabi.lib : memcpy_t2.asm.obj (.text)
                  00000894    00000068                                   : copy_decompress_lzss.c.obj (.text:decompress:lzss:__TI_decompress_lzss)
                  000008fc    00000048     driverlib.lib : gpio.obj (.text:GPIOPinConfigure)
                  00000944    00000044     rtsv7M4_T_le_v4SPD16_eabi.lib : autoinit.c.obj (.text:__TI_auto_init_nobinit_nopinit:__TI_auto_init_nobinit_nopinit)
                  00000988    0000003c     driverlib.lib : ssi.obj (.text:SSIConfigSetExpClk)
                  000009c4    00000034                   : sysctl.obj (.text:SysCtlPeripheralEnable)
                  000009f8    00000034     rtsv7M4_T_le_v4SPD16_eabi.lib : boot_cortex_m.c.obj (.text:_c_int00_noargs:_c_int00_noargs)
                  00000a2c    0000002a     driverlib.lib : gpio.obj (.text:GPIODirModeSet)
                  00000a56    0000001c     rtsv7M4_T_le_v4SPD16_eabi.lib : copy_zero_init.c.obj (.text:decompress:ZI:__TI_zero_init_nomemset:__TI_zero_init_nomemset)
                  00000a72    00000012     driverlib.lib : gpio.obj (.text:GPIOPinTypeSSI)
                  00000a84    00000010                   : fpu.obj (.text:FPULazyStackingEnable)
                  00000a94    0000000e     rtsv7M4_T_le_v4SPD16_eabi.lib : copy_decompress_none.c.obj (.text:decompress:none:__TI_decompress_none)
                  00000aa2    0000000c     tm4c123gh6pm_startup_ccs.obj (.text)
                  00000aae    0000000a     driverlib.lib : ssi.obj (.text:SSIDataPut)
                  00000ab8    0000000a                   : ssi.obj (.text:SSIEnable)
                  00000ac2    00000006                   : sysctl.obj (.text:SysCtlDelay)
                  00000ac8    00000004     rtsv7M4_T_le_v4SPD16_eabi.lib : pre_init.c.obj (.text:_system_pre_init)
                  00000acc    00000004                                   : exit.c.obj (.text:abort:abort)

.const     0    00000ad0    000000fc     
                  00000ad0    00000090     driverlib.lib : gpio.obj (.const:g_pui32GPIOBaseAddrs)
                  00000b60    0000006c                   : sysctl.obj (.const:g_pui32Xtals)

.cinit     0    00000bd0    00000048     
                  00000bd0    0000001f     (.cinit..data.load) [load image, compression = lzss]
                  00000bef    00000001     --HOLE-- [fill = 0]
                  00000bf0    0000000c     (__TI_handler_table)
                  00000bfc    00000004     --HOLE-- [fill = 0]
                  00000c00    00000008     (.cinit..bss.load) [load image, compression = zero_init]
                  00000c08    00000010     (__TI_cinit_table)

.init_array 
*          0    00000000    00000000     UNINITIALIZED

.data      0    20000200    00000020     UNINITIALIZED
                  20000200    00000020     main.obj (.data:ssi_lut)

.bss       0    20000220    00000018     UNINITIALIZED
                  20000220    00000018     (.common:frame_buffer)

.stack     0    20000000    00000200     UNINITIALIZED
                  20000000    00000004     rtsv7M4_T_le_v4SPD16_eabi.lib : boot_cortex_m.c.obj (.stack)
                  20000004    000001fc     --HOLE--

MODULE SUMMARY

       Module                         code   ro data   rw data
       ------                         ----   -------   -------
    .\
       main.obj                       596    0         56     
       tm4c123gh6pm_startup_ccs.obj   12     620       0      
    +--+------------------------------+------+---------+---------+
       Total:                         608    620       56     
                                                              
    C:/ti/tivaware_c_series_2_1_4_178/driverlib/ccs/Debug/driverlib.lib
       sysctl.obj                     574    108       0      
       gpio.obj                       438    144       0      
       ssi.obj                        80     0         0      
       fpu.obj                        16     0         0      
    +--+------------------------------+------+---------+---------+
       Total:                         1108   252       0      
                                                              
    C:\ti\ccs910\ccs\tools\compiler\ti-cgt-arm_18.12.3.LTS\lib\rtsv7M4_T_le_v4SPD16_eabi.lib
       memcpy_t2.asm.obj              156    0         0      
       copy_decompress_lzss.c.obj     104    0         0      
       autoinit.c.obj                 68     0         0      
       boot_cortex_m.c.obj            52     0         0      
       copy_zero_init.c.obj           28     0         0      
       copy_decompress_none.c.obj     14     0         0      
       exit.c.obj                     4      0         0      
       pre_init.c.obj                 4      0         0      
    +--+------------------------------+------+---------+---------+
       Total:                         430    0         0      
                                                              
       Stack:                         0      0         512    
       Linker Generated:              0      67        0      
    +--+------------------------------+------+---------+---------+
       Grand Total:                   2146   939       568    


LINKER GENERATED COPY TABLES

__TI_cinit_table @ 00000c08 records: 2, size/record: 8, table size: 16
	.data: load addr=00000bd0, load size=0000001f bytes, run addr=20000200, run size=00000020 bytes, compression=lzss
	.bss: load addr=00000c00, load size=00000008 bytes, run addr=20000220, run size=00000018 bytes, compression=zero_init


LINKER GENERATED HANDLER TABLE

__TI_handler_table @ 00000bf0 records: 3, size/record: 4, table size: 12
	index: 0, handler: __TI_decompress_lzss
	index: 1, handler: __TI_decompress_none
	index: 2, handler: __TI_zero_init


GLOBAL SYMBOLS: SORTED ALPHABETICALLY BY Name 

address   name                          
-------   ----                          
00000acd  C$$EXIT                       
00000a85  FPULazyStackingEnable         
00000a2d  GPIODirModeSet                
000004c1  GPIOPadConfigSet              
000008fd  GPIOPinConfigure              
00000a73  GPIOPinTypeSSI                
00000aa3  ResetISR                      
00000989  SSIConfigSetExpClk            
00000aaf  SSIDataPut                    
00000ab9  SSIEnable                     
000005f5  SysCtlClockGet                
00000705  SysCtlClockSet                
00000ac3  SysCtlDelay                   
000009c5  SysCtlPeripheralEnable        
20000200  __STACK_END                   
00000200  __STACK_SIZE                  
20000200  __STACK_TOP                   
00000c08  __TI_CINIT_Base               
00000c18  __TI_CINIT_Limit              
00000bf0  __TI_Handler_Table_Base       
00000bfc  __TI_Handler_Table_Limit      
00000945  __TI_auto_init_nobinit_nopinit
00000895  __TI_decompress_lzss          
00000a95  __TI_decompress_none          
ffffffff  __TI_pprof_out_hndl           
ffffffff  __TI_prof_data_size           
ffffffff  __TI_prof_data_start          
00000000  __TI_static_base__            
00000a57  __TI_zero_init_nomemset       
000007f9  __aeabi_memcpy                
000007f9  __aeabi_memcpy4               
000007f9  __aeabi_memcpy8               
ffffffff  __binit__                     
ffffffff  __c_args__                    
UNDEFED   __mpu_init                    
20000000  __stack                       
000009f9  _c_int00_noargs               
UNDEFED   _system_post_cinit            
00000ac9  _system_pre_init              
00000acd  abort                         
ffffffff  binit                         
00000385  config_SET_LEDs               
00000447  fill_frame_buffer             
20000220  frame_buffer                  
00000000  g_pfnVectors                  
0000026d  main                          
000007f9  memcpy                        
000003c5  send_data                     


GLOBAL SYMBOLS: SORTED BY Symbol Address 

address   name                          
-------   ----                          
00000000  __TI_static_base__            
00000000  g_pfnVectors                  
00000200  __STACK_SIZE                  
0000026d  main                          
00000385  config_SET_LEDs               
000003c5  send_data                     
00000447  fill_frame_buffer             
000004c1  GPIOPadConfigSet              
000005f5  SysCtlClockGet                
00000705  SysCtlClockSet                
000007f9  __aeabi_memcpy                
000007f9  __aeabi_memcpy4               
000007f9  __aeabi_memcpy8               
000007f9  memcpy                        
00000895  __TI_decompress_lzss          
000008fd  GPIOPinConfigure              
00000945  __TI_auto_init_nobinit_nopinit
00000989  SSIConfigSetExpClk            
000009c5  SysCtlPeripheralEnable        
000009f9  _c_int00_noargs               
00000a2d  GPIODirModeSet                
00000a57  __TI_zero_init_nomemset       
00000a73  GPIOPinTypeSSI                
00000a85  FPULazyStackingEnable         
00000a95  __TI_decompress_none          
00000aa3  ResetISR                      
00000aaf  SSIDataPut                    
00000ab9  SSIEnable                     
00000ac3  SysCtlDelay                   
00000ac9  _system_pre_init              
00000acd  C$$EXIT                       
00000acd  abort                         
00000bf0  __TI_Handler_Table_Base       
00000bfc  __TI_Handler_Table_Limit      
00000c08  __TI_CINIT_Base               
00000c18  __TI_CINIT_Limit              
20000000  __stack                       
20000200  __STACK_END                   
20000200  __STACK_TOP                   
20000220  frame_buffer                  
ffffffff  __TI_pprof_out_hndl           
ffffffff  __TI_prof_data_size           
ffffffff  __TI_prof_data_start          
ffffffff  __binit__                     
ffffffff  __c_args__                    
ffffffff  binit                         
UNDEFED   __mpu_init                    
UNDEFED   _system_post_cinit            

[48 symbols]
