******************************************************************************
                  TI ARM Linker PC v18.12.2                    
******************************************************************************
>> Linked Thu Dec  5 15:19:48 2019

OUTPUT FILE NAME:   <blink_TM4C_TASK.out>
ENTRY POINT SYMBOL: "_c_int00"  address: 00004b69


MEMORY CONFIGURATION

         name            origin    length      used     unused   attr    fill
----------------------  --------  ---------  --------  --------  ----  --------
  FLASH                 00000000   00040000  00008cf8  00037308  R  X
  SRAM                  20000000   00008000  000031c8  00004e38  RW X


SEGMENT ALLOCATION MAP

run origin  load origin   length   init length attrs members
----------  ----------- ---------- ----------- ----- -------
00000000    00000000    00008d00   00008d00    r-x
  00000000    00000000    0000003c   0000003c    r-- .resetVecs
  00000040    00000040    0000631a   0000631a    r-x .text
  0000635c    0000635c    0000270a   0000270a    r-- .const
  00008a68    00008a68    00000298   00000298    r-- .cinit
20000000    20000000    00000360   00000000    rw-
  20000000    20000000    00000360   00000000    rw- .vecs
20000380    20000380    00002e68   00000000    rw-
  20000380    20000380    00002430   00000000    rw- .bss
  200027b0    200027b0    00000638   00000000    rw- .data
  20002de8    20002de8    00000400   00000000    rw- .stack


SECTION ALLOCATION MAP

 output                                  attributes/
section   page    origin      length       input sections
--------  ----  ----------  ----------   ----------------
.resetVecs 
*          0    00000000    0000003c     
                  00000000    0000003c     empty_pem4f.oem4f (.resetVecs)

.text      0    00000040    0000631a     
                  00000040    00000430     sysbios.aem4f : BIOS.obj (.text:ti_sysbios_family_arm_m3_Hwi_excDumpRegs__I)
                  00000470    0000034c     ti.targets.arm.rtsarm.aem4f : System.oem4f (.text:xdc_runtime_System_doPrint__I)
                  000007bc    00000004     rtsv7M4_T_le_v4SPD16_eabi.lib : exit.c.obj (.text:abort:abort)
                  000007c0    0000031c     sysbios.aem4f : BIOS.obj (.text:ti_sysbios_knl_Semaphore_pend__E)
                  00000adc    00000004     empty_pem4f.oem4f (.text:malloc)
                  00000ae0    00000208     sysbios.aem4f : BIOS.obj (.text:ti_sysbios_knl_Task_sleep__E)
                  00000ce8    000001f4                   : BIOS.obj (.text:ti_sysbios_family_arm_m3_Hwi_excHandlerMax__I)
                  00000edc    00000004     empty_pem4f.oem4f (.text:ti_sysbios_BIOS_RtsGateProxy_enter__E)
                  00000ee0    00000178     sysbios.aem4f : BIOS.obj (.text:ti_sysbios_family_arm_lm4_TimestampProvider_get64__E)
                  00001058    00000174                   : BIOS.obj (.text:ti_sysbios_family_arm_m3_Hwi_excBusFault__I)
                  000011cc    00000004     empty_pem4f.oem4f (.text:ti_sysbios_BIOS_RtsGateProxy_leave__E)
                  000011d0    00000168     sysbios.aem4f : BIOS.obj (.text:ti_sysbios_family_arm_lm4_Timer_start__E)
                  00001338    00000164                   : BIOS.obj (.text:ti_sysbios_family_arm_m3_Hwi_excUsageFault__I)
                  0000149c    00000004                   : BIOS.obj (.text:ti_sysbios_family_arm_lm4_Timer_masterEnable__I)
                  000014a0    00000148                   : BIOS.obj (.text:ti_sysbios_family_arm_m3_Hwi_excMemFault__I)
                  000015e8    00000144     ti.targets.arm.rtsarm.aem4f : HeapStd.oem4f (.text:xdc_runtime_HeapStd_alloc__E)
                  0000172c    00000004     empty_pem4f.oem4f (.text:ti_sysbios_family_arm_m3_TaskSupport_Module__startupDone__S)
                  00001730    00000140     sysbios.aem4f : BIOS.obj (.text:ti_sysbios_knl_Semaphore_post__E)
                  00001870    0000013c                   : BIOS.obj (.text:ti_sysbios_knl_Clock_workFunc__E)
                  000019ac    00000004     empty_pem4f.oem4f (.text:ti_sysbios_knl_Clock_TimerProxy_getMaxTicks__E)
                  000019b0    00000138     sysbios.aem4f : BIOS.obj (.text:ti_sysbios_family_arm_m3_Hwi_dispatchC__I)
                  00001ae8    00000138     empty_pem4f.oem4f (.text:ti_uia_loggers_LoggerStopMode_writeMemoryRange__E)
                  00001c20    00000130     driverlib.lib : gpio.obj (.text:GPIOPadConfigSet)
                  00001d50    0000011c     sysbios.aem4f : BIOS.obj (.text:ti_sysbios_knl_Swi_run__I)
                  00001e6c    00000118     ti.targets.arm.rtsarm.aem4f : Error.oem4f (.text:xdc_runtime_Error_policyDefault__E)
                  00001f84    00000004     empty_pem4f.oem4f (.text:ti_sysbios_knl_Clock_TimerProxy_getPeriod__E)
                  00001f88    00000110     sysbios.aem4f : BIOS.obj (.text:ti_sysbios_knl_Task_schedule__I)
                  00002098    0000010c     driverlib.lib : sysctl.obj (.text:SysCtlClockGet)
                  000021a4    0000010c     empty_pem4f.oem4f (.text:ti_uia_loggers_LoggerStopMode_write8__E)
                  000022b0    00000100     Boot.aem4f : Boot_sysctl.oem4f (.text:ti_catalog_arm_cortexm4_tiva_ce_Boot_sysCtlClockSetI__I)
                  000023b0    00000100     ti.targets.arm.rtsarm.aem4f : Core-mem.oem4f (.text:xdc_runtime_Core_createObject__I)
                  000024b0    000000fc     sysbios.aem4f : BIOS.obj (.text:ti_sysbios_knl_Task_postInit__I)
                  000025ac    00000004     empty_pem4f.oem4f (.text:ti_sysbios_knl_Queue_destruct)
                  000025b0    000000fc     sysbios.aem4f : BIOS.obj (.text:ti_sysbios_knl_Task_startCore__E)
                  000026ac    00000004     empty_pem4f.oem4f (.text:ti_sysbios_knl_Semaphore_destruct)
                  000026b0    000000f8     sysbios.aem4f : BIOS.obj (.text:ti_sysbios_utils_Load_updateThreadContexts__E)
                  000027a8    000000f8     ti.targets.arm.rtsarm.aem4f : Startup.oem4f (.text:xdc_runtime_Startup_startMods__I)
                  000028a0    000000f8     empty_pem4f.oem4f (.text:xdc_runtime_System_printfExtend__I)
                  00002998    000000f4     sysbios.aem4f : m3_Hwi_asm.obj (.text:ti_sysbios_family_arm_m3_Hwi_dispatch__I)
                  00002a8c    000000f4     empty_pem4f.oem4f (.text:ti_uia_loggers_LoggerStopMode_write4__E)
                  00002b80    000000f0     driverlib.lib : sysctl.obj (.text:SysCtlClockSet)
                  00002c70    000000e8     empty_pem4f.oem4f (.text:ti_uia_loggers_LoggerStopMode_write1__E)
                  00002d58    000000e8     empty_pem4f.oem4f (.text:ti_uia_loggers_LoggerStopMode_write2__E)
                  00002e40    000000d8     main.obj (.text:ledToggle)
                  00002f18    000000d8     sysbios.aem4f : BIOS.obj (.text:ti_sysbios_family_arm_lm4_TimestampProvider_get32__E)
                  00002ff0    000000d8     empty_pem4f.oem4f (.text:ti_uia_loggers_LoggerStopMode_write0__E)
                  000030c8    000000d0     sysbios.aem4f : BIOS.obj (.text:ti_sysbios_family_arm_m3_Hwi_Module_startup__E)
                  00003198    000000cc     ti.targets.arm.rtsarm.aem4f : Core-smem.oem4f (.text:xdc_runtime_Core_constructObject__I)
                  00003264    000000cc                                 : HeapStd.oem4f (.text:xdc_runtime_HeapStd_Instance_init__E)
                  00003330    000000c8     sysbios.aem4f : BIOS.obj (.text:ti_sysbios_knl_Task_exit__E)
                  000033f8    000000c4                   : BIOS.obj (.text:ti_sysbios_utils_Load_logLoads__I)
                  000034bc    00000004     ti.uia.loggers.aem4f : LoggerStopMode.oem4f (.text:ti_uia_loggers_LoggerStopMode_getContents__E)
                  000034c0    000000bc     sysbios.aem4f : BIOS.obj (.text:ti_sysbios_family_arm_m3_Hwi_excDebugMon__I)
                  0000357c    00000004     empty_pem4f.oem4f (.text:ti_uia_loggers_LoggerStopMode_getFilterLevel__E)
                  00003580    000000bc     sysbios.aem4f : BIOS.obj (.text:ti_sysbios_family_arm_m3_Hwi_excHardFault__I)
                  0000363c    00000004     ti.uia.loggers.aem4f : LoggerStopMode.oem4f (.text:ti_uia_loggers_LoggerStopMode_getInstanceId__E)
                  00003640    000000bc     sysbios.aem4f : BIOS.obj (.text:ti_sysbios_knl_Task_unblockI__E)
                  000036fc    00000004     ti.uia.loggers.aem4f : LoggerStopMode.oem4f (.text:ti_uia_loggers_LoggerStopMode_getMaxLength__E)
                  00003700    000000b4     sysbios.aem4f : BIOS.obj (.text:ti_sysbios_gates_GateMutex_enter__E)
                  000037b4    00000004     ti.uia.loggers.aem4f : LoggerStopMode.oem4f (.text:ti_uia_loggers_LoggerStopMode_getPriority__E)
                  000037b8    000000b4     sysbios.aem4f : BIOS.obj (.text:ti_sysbios_knl_Task_checkStacks__E)
                  0000386c    00000004     ti.uia.loggers.aem4f : LoggerStopMode.oem4f (.text:ti_uia_loggers_LoggerStopMode_getTransferType__E)
                  00003870    000000b0     sysbios.aem4f : BIOS.obj (.text:ti_sysbios_utils_Load_idleFxn__E)
                  00003920    000000b0                   : BIOS.obj (.text:ti_sysbios_utils_Load_updateLoads__E)
                  000039d0    000000ac                   : BIOS.obj (.text:ti_sysbios_family_arm_lm4_Timer_enableTiva__I)
                  00003a7c    00000004     ti.targets.arm.rtsarm.aem4f : Error.oem4f (.text:xdc_runtime_Error_getSite__E)
                  00003a80    000000ac     sysbios.aem4f : BIOS.obj (.text:ti_sysbios_knl_Swi_post__E)
                  00003b2c    00000004     ti.targets.arm.rtsarm.aem4f : HeapStd.oem4f (.text:xdc_runtime_HeapStd_isBlocking__E)
                  00003b30    000000a8     sysbios.aem4f : BIOS.obj (.text:ti_sysbios_family_arm_lm4_Timer_enableTimers__I)
                  00003bd8    000000a8                   : BIOS.obj (.text:ti_sysbios_knl_Task_blockI__E)
                  00003c80    000000a8     ti.targets.arm.rtsarm.aem4f : HeapStd.oem4f (.text:xdc_runtime_HeapStd_free__E)
                  00003d28    000000a0     auto_init.aem4f : auto_init.oem4f (.text)
                  00003dc8    000000a0     ti.targets.arm.rtsarm.aem4f : Text.oem4f (.text:xdc_runtime_Text_putMod__E)
                  00003e68    0000009c     rtsv7M4_T_le_v4SPD16_eabi.lib : memcpy_t2.asm.obj (.text)
                  00003f04    00000004     empty_pem4f.oem4f (.text:xdc_runtime_System_Module_GateProxy_enter__E)
                  00003f08    0000009c     sysbios.aem4f : BIOS.obj (.text:ti_sysbios_knl_Semaphore_Instance_init__E)
                  00003fa4    0000009a     ti.targets.arm.rtsarm.aem4f : Text.oem4f (.text:xdc_runtime_Text_putSite__E)
                  0000403e    00000002     rtsv7M4_T_le_v4SPD16_eabi.lib : _lock.c.obj (.text:_nop)
                  00004040    00000098     Boot.aem4f : Boot.oem4f (.text:ti_catalog_arm_cortexm4_tiva_ce_Boot_sysCtlClockSet__E)
                  000040d8    00000094     sysbios.aem4f : BIOS.obj (.text:ti_sysbios_family_arm_m3_Hwi_initNVIC__E)
                  0000416c    00000004     empty_pem4f.oem4f (.text:xdc_runtime_System_Module_GateProxy_leave__E)
                  00004170    00000090     sysbios.aem4f : BIOS.obj (.text:ti_sysbios_knl_Task_Module_startup__E)
                  00004200    00000090                   : BIOS.obj (.text:ti_sysbios_utils_Load_startup__E)
                  00004290    00000090     ti.uia.loggers.aem4f : LoggerStopMode.oem4f (.text:ti_uia_loggers_LoggerStopMode_initQueueDescriptor__E)
                  00004320    0000008c     sysbios.aem4f : m3_TaskSupport_asm.obj (.text:ti_sysbios_family_arm_m3_TaskSupport_buildTaskStack)
                  000043ac    0000007a     rtsv7M4_T_le_v4SPD16_eabi.lib : memset_t2.asm.obj (.text)
                  00004426    00000002     empty_pem4f.oem4f (.text:free)
                  00004428    00000074     ti.uia.runtime.aem4f : QueueDescriptor.oem4f (.text:ti_uia_runtime_QueueDescriptor_addToList__E)
                  0000449c    0000006d     ti.targets.arm.rtsarm.aem4f : System.oem4f (.text:xdc_runtime_System_formatNum__I)
                  00004509    00000001     --HOLE-- [fill = 0]
                  0000450a    00000006     driverlib.lib : gpio.obj (.text:GPIOPinRead)
                  00004510    0000006c     sysbios.aem4f : BIOS.obj (.text:ti_sysbios_knl_Swi_restoreHwi__E)
                  0000457c    00000004     ti.targets.arm.rtsarm.aem4f : System.oem4f (.text:xdc_runtime_System_aprintf_va__F)
                  00004580    0000006c     sysbios.aem4f : BIOS.obj (.text:ti_sysbios_utils_Load_taskCreateHook__E)
                  000045ec    0000006c     ti.targets.arm.rtsarm.aem4f : Error.oem4f (.text:xdc_runtime_Error_print__E)
                  00004658    0000006c                                 : Memory.oem4f (.text:xdc_runtime_Memory_alloc__E)
                  000046c4    00000068     rtsv7M4_T_le_v4SPD16_eabi.lib : copy_decompress_lzss.c.obj (.text:decompress:lzss:__TI_decompress_lzss)
                  0000472c    00000004     ti.targets.arm.rtsarm.aem4f : System.oem4f (.text:xdc_runtime_System_printf_va__F)
                  00004730    00000068     sysbios.aem4f : BIOS.obj (.text:ti_sysbios_utils_Load_addTask__E)
                  00004798    00000066     ti.uia.loggers.aem4f : LoggerStopMode.oem4f (.text:ti_uia_loggers_LoggerStopMode_flush__E)
                  000047fe    00000066     ti.targets.arm.rtsarm.aem4f : Core-mem.oem4f (.text:xdc_runtime_Core_deleteObject__I)
                  00004864    00000002     rtsv7M4_T_le_v4SPD16_eabi.lib : div0.asm.obj (.text)
                  00004866    00000002     empty_pem4f.oem4f (.text:ti_sysbios_BIOS_nullFunc__I)
                  00004868    00000064     sysbios.aem4f : BIOS.obj (.text:ti_sysbios_family_arm_lm4_Timer_Module_startup__E)
                  000048cc    00000060     driverlib.lib : timer.obj (.text:TimerConfigure)
                  0000492c    00000002     empty_pem4f.oem4f (.text:ti_uia_loggers_LoggerStopMode_setFilterLevel__E)
                  0000492e    00000002     ti.uia.loggers.aem4f : LoggerStopMode.oem4f (.text:ti_uia_loggers_LoggerStopMode_setPriority__E)
                  00004930    00000060     sysbios.aem4f : BIOS.obj (.text:ti_sysbios_family_arm_lm4_Timer_isrStub__E)
                  00004990    00000060                   : BIOS.obj (.text:ti_sysbios_knl_Clock_logTick__E)
                  000049f0    00000060                   : BIOS.obj (.text:ti_sysbios_utils_Load_logCPULoad__I)
                  00004a50    00000060                   : BIOS.obj (.text:ti_sysbios_utils_Load_updateCurrentThreadTime__E)
                  00004ab0    0000005c                   : BIOS.obj (.text:ti_sysbios_knl_Swi_schedule__I)
                  00004b0c    0000005b     ti.targets.arm.rtsarm.aem4f : Text.oem4f (.text:xdc_runtime_Text_putLab__E)
                  00004b67    00000001     --HOLE-- [fill = 0]
                  00004b68    00000058     boot.aem4f : boot.oem4f (.text)
                  00004bc0    00000058     rtsv7M4_T_le_v4SPD16_eabi.lib : hostwrite.c.obj (.text:HOSTwrite)
                  00004c18    00000058     main.obj (.text:hardware_init)
                  00004c70    00000058     sysbios.aem4f : m3_Hwi_asm_switch.obj (.text:ti_sysbios_family_arm_m3_Hwi_initStacks__E)
                  00004cc8    00000058     empty_pem4f.oem4f (.text:xdc_runtime_HeapStd_Object__create__S)
                  00004d20    00000054     sysbios.aem4f : BIOS.obj (.text:ti_sysbios_utils_Load_taskSwitchHook__E)
                  00004d74    00000054     ti.targets.arm.rtsarm.aem4f : Assert.oem4f (.text:xdc_runtime_Assert_raise__I)
                  00004dc8    00000050                                 : Startup.oem4f (.text:xdc_runtime_Startup_exec__E)
                  00004e18    00000050                                 : Text.oem4f (.text:xdc_runtime_Text_visitRope2__I)
                  00004e68    0000004c     rtsv7M4_T_le_v4SPD16_eabi.lib : cpy_tbl.c.obj (.text:copy_in)
                  00004eb4    00000002     empty_pem4f.oem4f (.text:xdc_runtime_Startup_reset__I)
                  00004eb6    00000002     --HOLE-- [fill = 0]
                  00004eb8    0000004c     sysbios.aem4f : BIOS.obj (.text:ti_sysbios_knl_Swi_runLoop__I)
                  00004f04    00000004     --HOLE-- [fill = 0]
                  00004f08    0000004c                   : BIOS.obj (.text:ti_sysbios_knl_Task_allBlockedFunction__I)
                  00004f54    0000004c     ti.uia.loggers.aem4f : LoggerStopMode.oem4f (.text:ti_uia_loggers_LoggerStopMode_Module_startup__E)
                  00004fa0    00000048     sysbios.aem4f : BIOS.obj (.text:ti_sysbios_family_arm_m3_Hwi_disableInterrupt__E)
                  00004fe8    00000048                   : BIOS.obj (.text:ti_sysbios_family_arm_m3_Hwi_enableInterrupt__E)
                  00005030    00000048                   : BIOS.obj (.text:ti_sysbios_family_arm_m3_Hwi_excReserved__I)
                  00005078    00000048                   : BIOS.obj (.text:ti_sysbios_utils_Load_taskDeleteHook__E)
                  000050c0    00000046     ti.targets.arm.rtsarm.aem4f : Core-params.oem4f (.text:xdc_runtime_Core_assignParams__I)
                  00005106    00000002     --HOLE-- [fill = 0]
                  00005108    00000044     sysbios.aem4f : BIOS.obj (.text:ti_sysbios_family_arm_lm4_Timer_stop__E)
                  0000514c    00000004     --HOLE-- [fill = 0]
                  00005150    00000044                   : BIOS.obj (.text:ti_sysbios_family_arm_m3_Hwi_getStackInfo__E)
                  00005194    00000004     --HOLE-- [fill = 0]
                  00005198    00000044                   : BIOS.obj (.text:ti_sysbios_utils_Load_removeTask__E)
                  000051dc    00000044     ti.uia.loggers.aem4f : LoggerStopMode.oem4f (.text:ti_uia_loggers_LoggerStopMode_initBuffer__I)
                  00005220    00000044     ti.targets.arm.rtsarm.aem4f : Error.oem4f (.text:xdc_runtime_Error_setX__E)
                  00005264    00000044                                 : SysMin.oem4f (.text:xdc_runtime_SysMin_flush__E)
                  000052a8    00000044                                 : Text.oem4f (.text:xdc_runtime_Text_xprintf__I)
                  000052ec    00000040     rtsv7M4_T_le_v4SPD16_eabi.lib : u_divt2.asm.obj (.text)
                  0000532c    00000004     --HOLE-- [fill = 0]
                  00005330    00000040     sysbios.aem4f : BIOS.obj (.text:ti_sysbios_family_arm_lm4_Timer_startup__E)
                  00005370    0000003c                   : BIOS.obj (.text:ti_sysbios_family_arm_m3_Hwi_excSvCall__I)
                  000053ac    00000004     --HOLE-- [fill = 0]
                  000053b0    0000003c                   : BIOS.obj (.text:ti_sysbios_heaps_HeapMem_init__I)
                  000053ec    00000004     --HOLE-- [fill = 0]
                  000053f0    0000003c                   : BIOS.obj (.text:ti_sysbios_knl_Swi_restore__E)
                  0000542c    00000038     rtsv7M4_T_le_v4SPD16_eabi.lib : trgmsg.c.obj (.text:__TI_writemsg)
                  00005464    00000004     --HOLE-- [fill = 0]
                  00005468    00000038     sysbios.aem4f : BIOS.obj (.text:ti_sysbios_family_arm_m3_Hwi_excNoIsr__I)
                  000054a0    00000038                   : BIOS.obj (.text:ti_sysbios_knl_Task_processVitalTaskFlag__I)
                  000054d8    00000038     ti.targets.arm.rtsarm.aem4f : SysMin.oem4f (.text:xdc_runtime_SysMin_putch__E)
                  00005510    00000038                                 : System.oem4f (.text:xdc_runtime_System_atexit__E)
                  00005548    00000034     driverlib.lib : sysctl.obj (.text:SysCtlPeripheralEnable)
                  0000557c    00000034     rtsv7M4_T_le_v4SPD16_eabi.lib : trgmsg.c.obj (.text:__TI_readmsg)
                  000055b0    00000034     sysbios.aem4f : BIOS.obj (.text:ti_sysbios_family_arm_m3_Hwi_excNmi__I)
                  000055e4    00000004     --HOLE-- [fill = 0]
                  000055e8    00000034                   : BIOS.obj (.text:ti_sysbios_hal_Hwi_checkStack)
                  0000561c    00000034     ti.uia.loggers.aem4f : LoggerStopMode.oem4f (.text:ti_uia_loggers_LoggerStopMode_reset__E)
                  00005650    00000034     ti.targets.arm.rtsarm.aem4f : Core-label.oem4f (.text:xdc_runtime_Core_assignLabel__I)
                  00005684    00000033                                 : Text.oem4f (.text:xdc_runtime_Text_printVisFxn__I)
                  000056b7    00000001     --HOLE-- [fill = 0]
                  000056b8    00000032     sysbios.aem4f : BIOS.obj (.text:ti_sysbios_hal_Hwi_initStack)
                  000056ea    00000006     driverlib.lib : gpio.obj (.text:GPIOPinWrite)
                  000056f0    00000032     sysbios.aem4f : BIOS.obj (.text:ti_sysbios_knl_Semaphore_pendTimeout__I)
                  00005722    00000002     --HOLE-- [fill = 0]
                  00005724    00000030     empty_pem4f.oem4f (.text:ti_sysbios_BIOS_atExitFunc__I)
                  00005754    00000004     --HOLE-- [fill = 0]
                  00005758    00000030     sysbios.aem4f : BIOS.obj (.text:ti_sysbios_family_arm_m3_TaskSupport_start__E)
                  00005788    00000030     empty_pem4f.oem4f (.text:ti_sysbios_gates_GateHwi_Object__create__S)
                  000057b8    00000030     empty_pem4f.oem4f (.text:ti_sysbios_gates_GateMutex_Object__create__S)
                  000057e8    00000030     empty_pem4f.oem4f (.text:ti_sysbios_knl_Semaphore_construct)
                  00005818    00000030     empty_pem4f.oem4f (.text:ti_uia_loggers_LoggerStopMode_Object__create__S)
                  00005848    00000030     ti.targets.arm.rtsarm.aem4f : SysMin.oem4f (.text:xdc_runtime_SysMin_abort__E)
                  00005878    00000030                                 : System.oem4f (.text:xdc_runtime_System_processAtExit__E)
                  000058a8    0000002c     empty_pem4f.oem4f (.text:ti_sysbios_knl_Clock_doTick__I)
                  000058d4    0000002c     empty_pem4f.oem4f (.text:ti_sysbios_knl_Queue_construct)
                  00005900    0000002c     sysbios.aem4f : BIOS.obj (.text:ti_sysbios_knl_Task_restore__E)
                  0000592c    0000002c     ti.targets.arm.rtsarm.aem4f : Text.oem4f (.text:xdc_runtime_Text_cordText__E)
                  00005958    0000002a     driverlib.lib : gpio.obj (.text:GPIODirModeSet)
                  00005982    0000002a     ti.targets.arm.rtsarm.aem4f : System.oem4f (.text:xdc_runtime_System_putchar__I)
                  000059ac    00000028     empty_pem4f.oem4f (.text:ti_sysbios_BIOS_startFunc__I)
                  000059d4    00000004     --HOLE-- [fill = 0]
                  000059d8    00000028     sysbios.aem4f : BIOS.obj (.text:ti_sysbios_knl_Swi_Module_startup__E)
                  00005a00    00000026                   : m3_Hwi_asm.obj (.text:ti_sysbios_family_arm_m3_Hwi_pendSV__I)
                  00005a26    00000026     ti.targets.arm.rtsarm.aem4f : System.oem4f (.text:xdc_runtime_System_avprintf__E)
                  00005a4c    00000024     empty_pem4f.oem4f (.text:ti_sysbios_BIOS_registerRTSLock__I)
                  00005a70    00000024     empty_pem4f.oem4f (.text:ti_sysbios_BIOS_removeRTSLock__I)
                  00005a94    00000004     --HOLE-- [fill = 0]
                  00005a98    00000024     sysbios.aem4f : BIOS.obj (.text:ti_sysbios_family_arm_m3_Hwi_doTaskRestore__I)
                  00005abc    00000024     empty_pem4f.oem4f (.text:ti_sysbios_gates_GateMutex_Object__delete__S)
                  00005ae0    00000024     sysbios.aem4f : BIOS.obj (.text:ti_sysbios_knl_Clock_Module_startup__E)
                  00005b04    00000024     ti.targets.arm.rtsarm.aem4f : System.oem4f (.text:xdc_runtime_System_vprintf__E)
                  00005b28    00000022     sysbios.aem4f : BIOS.obj (.text:ti_sysbios_family_arm_lm4_Timer_write__I)
                  00005b4a    00000022     empty_pem4f.oem4f (.text:xdc_runtime_SysMin_output__I)
                  00005b6c    00000020     empty_pem4f.oem4f (.text:ti_sysbios_BIOS_rtsLock__I)
                  00005b8c    00000020     sysbios.aem4f : m3_Hwi_asm.obj (.text:ti_sysbios_family_arm_m3_Hwi_excHandlerAsm__I)
                  00005bac    00000004     --HOLE-- [fill = 0]
                  00005bb0    00000020                   : BIOS.obj (.text:ti_sysbios_family_arm_m3_Hwi_excHandler__I)
                  00005bd0    00000020     empty_pem4f.oem4f (.text:ti_sysbios_gates_GateHwi_Object__delete__S)
                  00005bf0    00000020     sysbios.aem4f : BIOS.obj (.text:ti_sysbios_knl_Idle_run__E)
                  00005c10    00000020     empty_pem4f.oem4f (.text:ti_sysbios_knl_Semaphore_Object__destruct__S)
                  00005c30    00000020     empty_pem4f.oem4f (.text:ti_uia_loggers_LoggerStopMode_Object__delete__S)
                  00005c50    00000020     ti.targets.arm.rtsarm.aem4f : Registry.oem4f (.text:xdc_runtime_Registry_findById__E)
                  00005c70    00000020                                 : SysMin.oem4f (.text:xdc_runtime_SysMin_Module_startup__E)
                  00005c90    0000001e     empty_pem4f.oem4f (.text:ti_sysbios_BIOS_errorRaiseHook__I)
                  00005cae    0000001e     sysbios.aem4f : m3_Hwi_asm_switch.obj (.text:ti_sysbios_family_xxx_Hwi_switchAndRunFunc)
                  00005ccc    00000004     --HOLE-- [fill = 0]
                  00005cd0    0000001c                   : BIOS.obj (.text:ti_sysbios_gates_GateMutex_Instance_init__E)
                  00005cec    0000001c     empty_pem4f.oem4f (.text:ti_sysbios_knl_Queue_Object__destruct__S)
                  00005d08    0000001c     sysbios.aem4f : BIOS.obj (.text:ti_sysbios_knl_Task_enter__I)
                  00005d24    0000001c     ti.uia.loggers.aem4f : LoggerStopMode.oem4f (.text:ti_uia_loggers_LoggerStopMode_Instance_init__E)
                  00005d40    0000001c     ti.targets.arm.rtsarm.aem4f : Error.oem4f (.text:xdc_runtime_Error_raiseX__E)
                  00005d5c    0000001c     empty_pem4f.oem4f (.text:xdc_runtime_HeapStd_Object__delete__S)
                  00005d78    0000001c     ti.targets.arm.rtsarm.aem4f : Memory.oem4f (.text:xdc_runtime_Memory_valloc__E)
                  00005d94    0000001c                                 : SysMin.oem4f (.text:xdc_runtime_SysMin_exit__E)
                  00005db0    0000001c                                 : System.oem4f (.text:xdc_runtime_System_abort__E)
                  00005dcc    0000001a     empty_pem4f.oem4f (.text:ti_sysbios_family_arm_m3_Hwi_Handle__label__S)
                  00005de6    0000001a     empty_pem4f.oem4f (.text:ti_sysbios_gates_GateHwi_Handle__label__S)
                  00005e00    0000001a     empty_pem4f.oem4f (.text:ti_sysbios_gates_GateMutex_Handle__label__S)
                  00005e1a    0000001a     empty_pem4f.oem4f (.text:ti_sysbios_knl_Swi_Handle__label__S)
                  00005e34    0000001a     empty_pem4f.oem4f (.text:ti_sysbios_knl_Task_Handle__label__S)
                  00005e4e    00000002     --HOLE-- [fill = 0]
                  00005e50    0000001a     sysbios.aem4f : BIOS.obj (.text:ti_sysbios_knl_Task_sleepTimeout__I)
                  00005e6a    0000001a     empty_pem4f.oem4f (.text:ti_uia_loggers_LoggerStopMode_Handle__label__S)
                  00005e84    0000001a     empty_pem4f.oem4f (.text:xdc_runtime_HeapStd_Handle__label__S)
                  00005e9e    0000001a     empty_pem4f.oem4f (.text:xdc_runtime_System_aprintf__E)
                  00005eb8    0000001a     empty_pem4f.oem4f (.text:xdc_runtime_System_printf__E)
                  00005ed2    00000018     driverlib.lib : gpio.obj (.text:GPIOPinTypeGPIOOutput)
                  00005eea    00000002     --HOLE-- [fill = 0]
                  00005eec    00000018     rtsv7M4_T_le_v4SPD16_eabi.lib : args_main.c.obj (.text:_args_main)
                  00005f04    00000018     empty_pem4f.oem4f (.text:ti_sysbios_BIOS_rtsUnlock__I)
                  00005f1c    00000018     empty_pem4f.oem4f (.text:ti_sysbios_family_arm_lm4_Timer_Module__startupDone__F)
                  00005f34    00000018     empty_pem4f.oem4f (.text:ti_sysbios_family_arm_m3_Hwi_Module__startupDone__F)
                  00005f4c    00000018     sysbios.aem4f : m3_TaskSupport_asm.obj (.text:ti_sysbios_family_arm_m3_TaskSupport_swap__E)
                  00005f64    00000004     --HOLE-- [fill = 0]
                  00005f68    00000018                   : BIOS.obj (.text:ti_sysbios_gates_GateMutex_leave__E)
                  00005f80    00000018     ti.targets.arm.rtsarm.aem4f : Error.oem4f (.text:xdc_runtime_Error_check__E)
                  00005f98    00000018                                 : System.oem4f (.text:xdc_runtime_System_exit__E)
                  00005fb0    00000018                                 : Text.oem4f (.text:xdc_runtime_Text_ropeText__E)
                  00005fc8    00000016     empty_pem4f.oem4f (.text:ti_sysbios_BIOS_exitFunc__I)
                  00005fde    00000016     ti.uia.loggers.aem4f : LoggerStopMode.oem4f (.text:ti_uia_loggers_LoggerStopMode_disable__E)
                  00005ff4    00000016                          : LoggerStopMode.oem4f (.text:ti_uia_loggers_LoggerStopMode_enable__E)
                  0000600a    00000014     rtsv7M4_T_le_v4SPD16_eabi.lib : strlen.c.obj (.text:strlen)
                  0000601e    00000002     --HOLE-- [fill = 0]
                  00006020    00000014     empty_pem4f.oem4f (.text:ti_sysbios_family_arm_m3_Hwi_Object__get__S)
                  00006034    00000004     --HOLE-- [fill = 0]
                  00006038    00000014     sysbios.aem4f : BIOS.obj (.text:ti_sysbios_family_arm_m3_Hwi_switchFromBootStack__E)
                  0000604c    00000014     empty_pem4f.oem4f (.text:ti_sysbios_knl_Swi_Object__get__S)
                  00006060    00000014     empty_pem4f.oem4f (.text:ti_sysbios_knl_Task_Object__get__S)
                  00006074    00000012     driverlib.lib : timer.obj (.text:TimerLoadSet)
                  00006086    00000002     --HOLE-- [fill = 0]
                  00006088    00000012     sysbios.aem4f : BIOS.obj (.text:ti_sysbios_hal_Hwi_Module_startup__E)
                  0000609a    00000012     empty_pem4f.oem4f (.text:xdc_runtime_Startup_exec__I)
                  000060ac    00000004     --HOLE-- [fill = 0]
                  000060b0    00000010     sysbios.aem4f : BIOS.obj (.text:ti_sysbios_BIOS_getCpuFreq__E)
                  000060c0    00000010                   : BIOS.obj (.text:ti_sysbios_BIOS_setThreadType__E)
                  000060d0    00000010                   : BIOS.obj (.text:ti_sysbios_BIOS_start__E)
                  000060e0    00000010                   : BIOS.obj (.text:ti_sysbios_family_arm_lm4_TimestampProvider_rolloverFunc__E)
                  000060f0    00000010                   : m3_TaskSupport_asm.obj (.text:ti_sysbios_family_arm_m3_TaskSupport_glue)
                  00006100    00000010                   : BIOS.obj (.text:ti_sysbios_gates_GateMutex_Instance_finalize__E)
                  00006110    00000010     empty_pem4f.oem4f (.text:ti_sysbios_heaps_HeapMem_Object__get__S)
                  00006120    00000010     sysbios.aem4f : BIOS.obj (.text:ti_sysbios_knl_Semaphore_Instance_finalize__E)
                  00006130    00000010                   : BIOS.obj (.text:ti_sysbios_knl_Swi_disable__E)
                  00006140    00000010                   : BIOS.obj (.text:ti_sysbios_knl_Task_disable__E)
                  00006150    00000010     empty_pem4f.oem4f (.text:ti_uia_loggers_LoggerStopMode_Object__get__S)
                  00006160    00000010     ti.uia.loggers.aem4f : LoggerStopMode.oem4f (.text:ti_uia_loggers_LoggerStopMode_isEmpty__E)
                  00006170    00000010     ti.targets.arm.rtsarm.aem4f : Gate.oem4f (.text:xdc_runtime_Gate_leaveSystem__E)
                  00006180    00000010                                 : Memory.oem4f (.text:xdc_runtime_Memory_free__E)
                  00006190    00000010                                 : SysMin.oem4f (.text:xdc_runtime_SysMin_ready__E)
                  000061a0    00000010                                 : System.oem4f (.text:xdc_runtime_System_vsnprintf__E)
                  000061b0    00000010     empty_pem4f.oem4f (.text:xdc_runtime_Text_visitRope__I)
                  000061c0    0000000e     rtsv7M4_T_le_v4SPD16_eabi.lib : copy_decompress_none.c.obj (.text:decompress:none:__TI_decompress_none)
                  000061ce    00000002     --HOLE-- [fill = 0]
                  000061d0    0000000e     sysbios.aem4f : BIOS.obj (.text:ti_sysbios_knl_Idle_loop__E)
                  000061de    00000002     --HOLE-- [fill = 0]
                  000061e0    0000000e                   : BIOS.obj (.text:ti_sysbios_knl_Queue_empty__E)
                  000061ee    0000000e     ti.targets.arm.rtsarm.aem4f : HeapStd.oem4f (.text:xdc_runtime_HeapStd_getStats__E)
                  000061fc    0000000c     empty_pem4f.oem4f (.text:.bootCodeSection:ti_catalog_arm_cortexm4_tiva_ce_Boot_init__I)
                  00006208    0000000c     rtsv7M4_T_le_v4SPD16_eabi.lib : _lock.c.obj (.text:_register_lock)
                  00006214    0000000c                                   : _lock.c.obj (.text:_register_unlock)
                  00006220    0000000c                                   : copy_zero_init.c.obj (.text:decompress:ZI:__TI_zero_init)
                  0000622c    0000000c     main.obj (.text:main)
                  00006238    0000000c     sysbios.aem4f : BIOS.obj (.text:ti_sysbios_family_arm_lm4_Timer_getMaxTicks__E)
                  00006244    00000004     --HOLE-- [fill = 0]
                  00006248    0000000c                   : BIOS.obj (.text:ti_sysbios_family_arm_lm4_TimestampProvider_startTimer__E)
                  00006254    00000004     --HOLE-- [fill = 0]
                  00006258    0000000c                   : BIOS.obj (.text:ti_sysbios_family_arm_m3_Hwi_disableFxn__E)
                  00006264    00000004     --HOLE-- [fill = 0]
                  00006268    0000000c                   : BIOS.obj (.text:ti_sysbios_family_arm_m3_TaskSupport_checkStack__E)
                  00006274    00000004     --HOLE-- [fill = 0]
                  00006278    0000000c                   : BIOS.obj (.text:ti_sysbios_gates_GateHwi_enter__E)
                  00006284    0000000c     empty_pem4f.oem4f (.text:ti_sysbios_knl_Queue_Object__get__S)
                  00006290    0000000c     sysbios.aem4f : BIOS.obj (.text:ti_sysbios_utils_Load_taskRegHook__E)
                  0000629c    0000000c     ti.targets.arm.rtsarm.aem4f : Error.oem4f (.text:xdc_runtime_Error_init__E)
                  000062a8    0000000c                                 : Gate.oem4f (.text:xdc_runtime_Gate_enterSystem__E)
                  000062b4    0000000c                                 : Memory.oem4f (.text:xdc_runtime_Memory_calloc__E)
                  000062c0    0000000c                                 : Memory.oem4f (.text:xdc_runtime_Memory_getMaxDefaultTypeAlign__E)
                  000062cc    0000000a     empty_pem4f.oem4f (.text:xdc_runtime_IHeap_alloc)
                  000062d6    0000000a     empty_pem4f.oem4f (.text:xdc_runtime_IHeap_free)
                  000062e0    00000008     sysbios.aem4f : BIOS.obj (.text:ti_sysbios_family_arm_lm4_Timer_masterDisable__I)
                  000062e8    00000008                   : BIOS.obj (.text:ti_sysbios_family_arm_m3_Hwi_doSwiRestore__I)
                  000062f0    00000008                   : BIOS.obj (.text:ti_sysbios_family_arm_m3_Hwi_startup__E)
                  000062f8    00000006     driverlib.lib : sysctl.obj (.text:SysCtlDelay)
                  000062fe    00000006     Boot.aem4f : Boot_sysctl.oem4f (.text:ti_catalog_arm_cortexm4_tiva_ce_Boot_sysCtlDelayI__I)
                  00006304    00000004     --HOLE-- [fill = 0]
                  00006308    00000006     sysbios.aem4f : BIOS.obj (.text:ti_sysbios_family_arm_lm4_TimestampProvider_Module_startup__E)
                  0000630e    00000002     --HOLE-- [fill = 0]
                  00006310    00000006                   : BIOS.obj (.text:ti_sysbios_family_arm_m3_Hwi_restoreFxn__E)
                  00006316    00000002     --HOLE-- [fill = 0]
                  00006318    00000006                   : BIOS.obj (.text:ti_sysbios_gates_GateHwi_leave__E)
                  0000631e    00000002     --HOLE-- [fill = 0]
                  00006320    00000006                   : BIOS.obj (.text:ti_sysbios_knl_Queue_Instance_init__E)
                  00006326    00000002     --HOLE-- [fill = 0]
                  00006328    00000006                   : BIOS.obj (.text:ti_sysbios_knl_Swi_startup__E)
                  0000632e    00000006     ti.targets.arm.rtsarm.aem4f : System.oem4f (.text:xdc_runtime_System_Module_startup__E)
                  00006334    00000004     --HOLE-- [fill = 0]
                  00006338    00000004     sysbios.aem4f : BIOS.obj (.text:ti_sysbios_family_arm_lm4_Timer_getPeriod__E)
                  0000633c    00000004     --HOLE-- [fill = 0]
                  00006340    00000004                   : BIOS.obj (.text:ti_sysbios_gates_GateHwi_query__E)
                  00006344    00000004     --HOLE-- [fill = 0]
                  00006348    00000004                   : BIOS.obj (.text:ti_sysbios_gates_GateMutex_query__E)
                  0000634c    00000004     --HOLE-- [fill = 0]
                  00006350    00000004                   : BIOS.obj (.text:ti_sysbios_knl_Task_startup__E)
                  00006354    00000004     --HOLE-- [fill = 0]
                  00006358    00000002                   : BIOS.obj (.text:ti_sysbios_gates_GateHwi_Instance_init__E)

.const     0    0000635c    0000270a     
                  0000635c    00001fb9     empty_pem4f.oem4f (.const:xdc_runtime_Text_charTab__A)
                  00008315    00000001     empty_pem4f.oem4f (.const:xdc_runtime_Error_policy__C)
                  00008316    00000108     empty_pem4f.oem4f (.const:xdc_runtime_Text_nodeTab__A)
                  0000841e    00000002     empty_pem4f.oem4f (.const:ti_catalog_arm_cortexm4_tiva_ce_Boot_Module__id__C)
                  00008420    0000006c     driverlib.lib : sysctl.obj (.const:g_pui32Xtals)
                  0000848c    00000060     empty_pem4f.oem4f (.const:ti_uia_loggers_LoggerStopMode_Module__FXNS__C)
                  000084ec    00000048     empty_pem4f.oem4f (.const:.string)
                  00008534    00000028     empty_pem4f.oem4f (.const:ti_uia_loggers_LoggerStopMode_Object__PARAMS__C)
                  0000855c    00000028     empty_pem4f.oem4f (.const:xdc_runtime_HeapStd_Module__FXNS__C)
                  00008584    00000028     empty_pem4f.oem4f (.const:xdc_runtime_Startup_sfxnTab__A)
                  000085ac    00000024     empty_pem4f.oem4f (.const:ti_sysbios_gates_GateHwi_Module__FXNS__C)
                  000085d0    00000024     empty_pem4f.oem4f (.const:ti_sysbios_gates_GateMutex_Module__FXNS__C)
                  000085f4    00000024     empty_pem4f.oem4f (.const:ti_sysbios_knl_Semaphore_Object__PARAMS__C)
                  00008618    00000020     empty_pem4f.oem4f (.const:ti_sysbios_gates_GateHwi_Object__DESC__C)
                  00008638    00000020     empty_pem4f.oem4f (.const:ti_sysbios_gates_GateMutex_Object__DESC__C)
                  00008658    00000020     empty_pem4f.oem4f (.const:ti_sysbios_knl_Queue_Object__DESC__C)
                  00008678    00000020     empty_pem4f.oem4f (.const:ti_sysbios_knl_Semaphore_Object__DESC__C)
                  00008698    00000020     empty_pem4f.oem4f (.const:ti_uia_loggers_LoggerStopMode_Object__DESC__C)
                  000086b8    00000020     empty_pem4f.oem4f (.const:xdc_runtime_HeapStd_Object__DESC__C)
                  000086d8    0000001c     empty_pem4f.oem4f (.const:xdc_runtime_HeapStd_Object__PARAMS__C)
                  000086f4    00000018     empty_pem4f.oem4f (.const:ti_sysbios_gates_GateHwi_Object__PARAMS__C)
                  0000870c    00000018     empty_pem4f.oem4f (.const:ti_sysbios_gates_GateMutex_Object__PARAMS__C)
                  00008724    00000018     empty_pem4f.oem4f (.const:ti_sysbios_knl_Queue_Object__PARAMS__C)
                  0000873c    00000018     empty_pem4f.oem4f (.const:ti_sysbios_knl_Task_hooks__A)
                  00008754    00000014     empty_pem4f.oem4f (.const:xdc_runtime_Startup_firstFxns__A)
                  00008768    00000014     empty_pem4f.oem4f (.const:xdc_runtime_Startup_sfxnRts__A)
                  0000877c    00000008     empty_pem4f.oem4f (.const:ti_sysbios_family_arm_m3_Hwi_excHookFuncs__A)
                  00008784    00000008     empty_pem4f.oem4f (.const:ti_sysbios_knl_Idle_funcList__A)
                  0000878c    00000008     empty_pem4f.oem4f (.const:ti_sysbios_knl_Idle_funcList__C)
                  00008794    00000008     empty_pem4f.oem4f (.const:ti_sysbios_knl_Task_hooks__C)
                  0000879c    00000008     empty_pem4f.oem4f (.const:xdc_runtime_Startup_firstFxns__C)
                  000087a4    00000008     empty_pem4f.oem4f (.const:xdc_runtime_Startup_lastFxns__C)
                  000087ac    00000004     empty_pem4f.oem4f (.const:ti_catalog_arm_cortexm4_tiva_ce_Boot_A_mustUseEnhancedClockMode__C)
                  000087b0    00000004     empty_pem4f.oem4f (.const:ti_catalog_arm_cortexm4_tiva_ce_Boot_Module__diagsEnabled__C)
                  000087b4    00000004     empty_pem4f.oem4f (.const:ti_catalog_arm_cortexm4_tiva_ce_Boot_Module__diagsIncluded__C)
                  000087b8    00000004     empty_pem4f.oem4f (.const:ti_catalog_arm_cortexm4_tiva_ce_Boot_Module__diagsMask__C)
                  000087bc    00000004     empty_pem4f.oem4f (.const:ti_sysbios_family_arm_lm4_Timer_enableFunc__C)
                  000087c0    00000004     empty_pem4f.oem4f (.const:ti_sysbios_family_arm_lm4_Timer_numTimerDevices__C)
                  000087c4    00000004     empty_pem4f.oem4f (.const:ti_sysbios_family_arm_lm4_Timer_startupNeeded__C)
                  000087c8    00000004     empty_pem4f.oem4f (.const:ti_sysbios_family_arm_m3_Hwi_E_NMI__C)
                  000087cc    00000004     empty_pem4f.oem4f (.const:ti_sysbios_family_arm_m3_Hwi_E_busFault__C)
                  000087d0    00000004     empty_pem4f.oem4f (.const:ti_sysbios_family_arm_m3_Hwi_E_debugMon__C)
                  000087d4    00000004     empty_pem4f.oem4f (.const:ti_sysbios_family_arm_m3_Hwi_E_hardFault__C)
                  000087d8    00000004     empty_pem4f.oem4f (.const:ti_sysbios_family_arm_m3_Hwi_E_memFault__C)
                  000087dc    00000004     empty_pem4f.oem4f (.const:ti_sysbios_family_arm_m3_Hwi_E_noIsr__C)
                  000087e0    00000004     empty_pem4f.oem4f (.const:ti_sysbios_family_arm_m3_Hwi_E_reserved__C)
                  000087e4    00000004     empty_pem4f.oem4f (.const:ti_sysbios_family_arm_m3_Hwi_E_svCall__C)
                  000087e8    00000004     empty_pem4f.oem4f (.const:ti_sysbios_family_arm_m3_Hwi_E_usageFault__C)
                  000087ec    00000004     empty_pem4f.oem4f (.const:ti_sysbios_family_arm_m3_Hwi_LD_end__C)
                  000087f0    00000004     empty_pem4f.oem4f (.const:ti_sysbios_family_arm_m3_Hwi_LM_begin__C)
                  000087f4    00000004     empty_pem4f.oem4f (.const:ti_sysbios_family_arm_m3_Hwi_Module__diagsEnabled__C)
                  000087f8    00000004     empty_pem4f.oem4f (.const:ti_sysbios_family_arm_m3_Hwi_Module__diagsIncluded__C)
                  000087fc    00000004     empty_pem4f.oem4f (.const:ti_sysbios_family_arm_m3_Hwi_Module__diagsMask__C)
                  00008800    00000004     empty_pem4f.oem4f (.const:ti_sysbios_family_arm_m3_Hwi_Module__loggerFxn1__C)
                  00008804    00000004     empty_pem4f.oem4f (.const:ti_sysbios_family_arm_m3_Hwi_Module__loggerFxn8__C)
                  00008808    00000004     empty_pem4f.oem4f (.const:ti_sysbios_family_arm_m3_Hwi_Module__loggerObj__C)
                  0000880c    00000004     empty_pem4f.oem4f (.const:ti_sysbios_family_arm_m3_Hwi_NUM_INTERRUPTS__C)
                  00008810    00000004     empty_pem4f.oem4f (.const:ti_sysbios_family_arm_m3_Hwi_Object__count__C)
                  00008814    00000004     empty_pem4f.oem4f (.const:ti_sysbios_family_arm_m3_Hwi_ccr__C)
                  00008818    00000004     empty_pem4f.oem4f (.const:ti_sysbios_family_arm_m3_Hwi_excHandlerFunc__C)
                  0000881c    00000004     empty_pem4f.oem4f (.const:ti_sysbios_family_arm_m3_Hwi_excHookFuncs__C)
                  00008820    00000004     empty_pem4f.oem4f (.const:ti_sysbios_family_arm_m3_Hwi_nullIsrFunc__C)
                  00008824    00000004     empty_pem4f.oem4f (.const:ti_sysbios_family_arm_m3_Hwi_priGroup__C)
                  00008828    00000004     empty_pem4f.oem4f (.const:ti_sysbios_gates_GateMutex_A_badContext__C)
                  0000882c    00000004     empty_pem4f.oem4f (.const:ti_sysbios_gates_GateMutex_Instance_State_sem__O)
                  00008830    00000004     empty_pem4f.oem4f (.const:ti_sysbios_gates_GateMutex_Module__diagsEnabled__C)
                  00008834    00000004     empty_pem4f.oem4f (.const:ti_sysbios_gates_GateMutex_Module__diagsIncluded__C)
                  00008838    00000004     empty_pem4f.oem4f (.const:ti_sysbios_gates_GateMutex_Module__diagsMask__C)
                  0000883c    00000004     empty_pem4f.oem4f (.const:ti_sysbios_hal_Hwi_E_stackOverflow__C)
                  00008840    00000004     empty_pem4f.oem4f (.const:ti_sysbios_heaps_HeapMem_Object__count__C)
                  00008844    00000004     empty_pem4f.oem4f (.const:ti_sysbios_knl_Clock_LM_begin__C)
                  00008848    00000004     empty_pem4f.oem4f (.const:ti_sysbios_knl_Clock_LM_tick__C)
                  0000884c    00000004     empty_pem4f.oem4f (.const:ti_sysbios_knl_Clock_LW_delayed__C)
                  00008850    00000004     empty_pem4f.oem4f (.const:ti_sysbios_knl_Clock_Module_State_clockQ__O)
                  00008854    00000004     empty_pem4f.oem4f (.const:ti_sysbios_knl_Clock_Module__diagsEnabled__C)
                  00008858    00000004     empty_pem4f.oem4f (.const:ti_sysbios_knl_Clock_Module__diagsIncluded__C)
                  0000885c    00000004     empty_pem4f.oem4f (.const:ti_sysbios_knl_Clock_Module__diagsMask__C)
                  00008860    00000004     empty_pem4f.oem4f (.const:ti_sysbios_knl_Clock_Module__loggerFxn1__C)
                  00008864    00000004     empty_pem4f.oem4f (.const:ti_sysbios_knl_Clock_Module__loggerFxn2__C)
                  00008868    00000004     empty_pem4f.oem4f (.const:ti_sysbios_knl_Clock_Module__loggerObj__C)
                  0000886c    00000004     empty_pem4f.oem4f (.const:ti_sysbios_knl_Semaphore_A_badContext__C)
                  00008870    00000004     empty_pem4f.oem4f (.const:ti_sysbios_knl_Semaphore_A_noEvents__C)
                  00008874    00000004     empty_pem4f.oem4f (.const:ti_sysbios_knl_Semaphore_A_overflow__C)
                  00008878    00000004     empty_pem4f.oem4f (.const:ti_sysbios_knl_Semaphore_A_pendTaskDisabled__C)
                  0000887c    00000004     empty_pem4f.oem4f (.const:ti_sysbios_knl_Semaphore_Instance_State_pendQ__O)
                  00008880    00000004     empty_pem4f.oem4f (.const:ti_sysbios_knl_Semaphore_LM_pend__C)
                  00008884    00000004     empty_pem4f.oem4f (.const:ti_sysbios_knl_Semaphore_LM_post__C)
                  00008888    00000004     empty_pem4f.oem4f (.const:ti_sysbios_knl_Semaphore_Module__diagsEnabled__C)
                  0000888c    00000004     empty_pem4f.oem4f (.const:ti_sysbios_knl_Semaphore_Module__diagsIncluded__C)
                  00008890    00000004     empty_pem4f.oem4f (.const:ti_sysbios_knl_Semaphore_Module__diagsMask__C)
                  00008894    00000004     empty_pem4f.oem4f (.const:ti_sysbios_knl_Semaphore_Module__loggerFxn2__C)
                  00008898    00000004     empty_pem4f.oem4f (.const:ti_sysbios_knl_Semaphore_Module__loggerFxn4__C)
                  0000889c    00000004     empty_pem4f.oem4f (.const:ti_sysbios_knl_Semaphore_Module__loggerObj__C)
                  000088a0    00000004     empty_pem4f.oem4f (.const:ti_sysbios_knl_Swi_LD_end__C)
                  000088a4    00000004     empty_pem4f.oem4f (.const:ti_sysbios_knl_Swi_LM_begin__C)
                  000088a8    00000004     empty_pem4f.oem4f (.const:ti_sysbios_knl_Swi_LM_post__C)
                  000088ac    00000004     empty_pem4f.oem4f (.const:ti_sysbios_knl_Swi_Module__diagsEnabled__C)
                  000088b0    00000004     empty_pem4f.oem4f (.const:ti_sysbios_knl_Swi_Module__diagsIncluded__C)
                  000088b4    00000004     empty_pem4f.oem4f (.const:ti_sysbios_knl_Swi_Module__diagsMask__C)
                  000088b8    00000004     empty_pem4f.oem4f (.const:ti_sysbios_knl_Swi_Module__loggerFxn1__C)
                  000088bc    00000004     empty_pem4f.oem4f (.const:ti_sysbios_knl_Swi_Module__loggerFxn4__C)
                  000088c0    00000004     empty_pem4f.oem4f (.const:ti_sysbios_knl_Swi_Module__loggerObj__C)
                  000088c4    00000004     empty_pem4f.oem4f (.const:ti_sysbios_knl_Swi_Object__count__C)
                  000088c8    00000004     empty_pem4f.oem4f (.const:ti_sysbios_knl_Task_A_badTimeout__C)
                  000088cc    00000004     empty_pem4f.oem4f (.const:ti_sysbios_knl_Task_A_sleepTaskDisabled__C)
                  000088d0    00000004     empty_pem4f.oem4f (.const:ti_sysbios_knl_Task_E_spOutOfBounds__C)
                  000088d4    00000004     empty_pem4f.oem4f (.const:ti_sysbios_knl_Task_E_stackOverflow__C)
                  000088d8    00000004     empty_pem4f.oem4f (.const:ti_sysbios_knl_Task_LD_block__C)
                  000088dc    00000004     empty_pem4f.oem4f (.const:ti_sysbios_knl_Task_LD_exit__C)
                  000088e0    00000004     empty_pem4f.oem4f (.const:ti_sysbios_knl_Task_LD_ready__C)
                  000088e4    00000004     empty_pem4f.oem4f (.const:ti_sysbios_knl_Task_LM_sleep__C)
                  000088e8    00000004     empty_pem4f.oem4f (.const:ti_sysbios_knl_Task_LM_switch__C)
                  000088ec    00000004     empty_pem4f.oem4f (.const:ti_sysbios_knl_Task_Module_State_inactiveQ__O)
                  000088f0    00000004     empty_pem4f.oem4f (.const:ti_sysbios_knl_Task_Module__diagsEnabled__C)
                  000088f4    00000004     empty_pem4f.oem4f (.const:ti_sysbios_knl_Task_Module__diagsIncluded__C)
                  000088f8    00000004     empty_pem4f.oem4f (.const:ti_sysbios_knl_Task_Module__diagsMask__C)
                  000088fc    00000004     empty_pem4f.oem4f (.const:ti_sysbios_knl_Task_Module__loggerFxn2__C)
                  00008900    00000004     empty_pem4f.oem4f (.const:ti_sysbios_knl_Task_Module__loggerFxn4__C)
                  00008904    00000004     empty_pem4f.oem4f (.const:ti_sysbios_knl_Task_Module__loggerObj__C)
                  00008908    00000004     empty_pem4f.oem4f (.const:ti_sysbios_knl_Task_Object__count__C)
                  0000890c    00000004     empty_pem4f.oem4f (.const:ti_sysbios_knl_Task_Object__heap__C)
                  00008910    00000004     empty_pem4f.oem4f (.const:ti_sysbios_knl_Task_allBlockedFunc__C)
                  00008914    00000004     empty_pem4f.oem4f (.const:ti_sysbios_knl_Task_numConstructedTasks__C)
                  00008918    00000004     empty_pem4f.oem4f (.const:ti_sysbios_utils_Load_LS_cpuLoad__C)
                  0000891c    00000004     empty_pem4f.oem4f (.const:ti_sysbios_utils_Load_LS_taskLoad__C)
                  00008920    00000004     empty_pem4f.oem4f (.const:ti_sysbios_utils_Load_Module_State_taskList__O)
                  00008924    00000004     empty_pem4f.oem4f (.const:ti_sysbios_utils_Load_Module__diagsEnabled__C)
                  00008928    00000004     empty_pem4f.oem4f (.const:ti_sysbios_utils_Load_Module__diagsIncluded__C)
                  0000892c    00000004     empty_pem4f.oem4f (.const:ti_sysbios_utils_Load_Module__diagsMask__C)
                  00008930    00000004     empty_pem4f.oem4f (.const:ti_sysbios_utils_Load_Module__loggerFxn1__C)
                  00008934    00000004     empty_pem4f.oem4f (.const:ti_sysbios_utils_Load_Module__loggerFxn4__C)
                  00008938    00000004     empty_pem4f.oem4f (.const:ti_sysbios_utils_Load_Module__loggerObj__C)
                  0000893c    00000004     empty_pem4f.oem4f (.const:ti_sysbios_utils_Load_postUpdate__C)
                  00008940    00000004     empty_pem4f.oem4f (.const:ti_sysbios_utils_Load_windowInMs__C)
                  00008944    00000004     empty_pem4f.oem4f (.const:ti_uia_loggers_LoggerStopMode_Module__diagsEnabled__C)
                  00008948    00000004     empty_pem4f.oem4f (.const:ti_uia_loggers_LoggerStopMode_Module__diagsIncluded__C)
                  0000894c    00000004     empty_pem4f.oem4f (.const:ti_uia_loggers_LoggerStopMode_Module__diagsMask__C)
                  00008950    00000004     empty_pem4f.oem4f (.const:ti_uia_loggers_LoggerStopMode_Object__count__C)
                  00008954    00000004     empty_pem4f.oem4f (.const:ti_uia_runtime_ILoggerSnapshot_Interface__BASE__C)
                  00008958    00000004     empty_pem4f.oem4f (.const:ti_uia_runtime_IUIATransfer_Interface__BASE__C)
                  0000895c    00000004     empty_pem4f.oem4f (.const:xdc_runtime_Assert_E_assertFailed__C)
                  00008960    00000004     empty_pem4f.oem4f (.const:xdc_runtime_Core_A_initializedParams__C)
                  00008964    00000004     empty_pem4f.oem4f (.const:xdc_runtime_Core_Module__diagsEnabled__C)
                  00008968    00000004     empty_pem4f.oem4f (.const:xdc_runtime_Core_Module__diagsIncluded__C)
                  0000896c    00000004     empty_pem4f.oem4f (.const:xdc_runtime_Core_Module__diagsMask__C)
                  00008970    00000004     empty_pem4f.oem4f (.const:xdc_runtime_Error_E_memory__C)
                  00008974    00000004     empty_pem4f.oem4f (.const:xdc_runtime_Error_Module__diagsEnabled__C)
                  00008978    00000004     empty_pem4f.oem4f (.const:xdc_runtime_Error_Module__diagsIncluded__C)
                  0000897c    00000004     empty_pem4f.oem4f (.const:xdc_runtime_Error_Module__diagsMask__C)
                  00008980    00000004     empty_pem4f.oem4f (.const:xdc_runtime_Error_Module__loggerFxn8__C)
                  00008984    00000004     empty_pem4f.oem4f (.const:xdc_runtime_Error_Module__loggerObj__C)
                  00008988    00000004     empty_pem4f.oem4f (.const:xdc_runtime_Error_policyFxn__C)
                  0000898c    00000004     empty_pem4f.oem4f (.const:xdc_runtime_Error_raiseHook__C)
                  00008990    00000004     empty_pem4f.oem4f (.const:xdc_runtime_HeapStd_A_align__C)
                  00008994    00000004     empty_pem4f.oem4f (.const:xdc_runtime_HeapStd_A_invalidTotalFreeSize__C)
                  00008998    00000004     empty_pem4f.oem4f (.const:xdc_runtime_HeapStd_A_zeroSize__C)
                  0000899c    00000004     empty_pem4f.oem4f (.const:xdc_runtime_HeapStd_E_noRTSMemory__C)
                  000089a0    00000004     empty_pem4f.oem4f (.const:xdc_runtime_HeapStd_Module__diagsEnabled__C)
                  000089a4    00000004     empty_pem4f.oem4f (.const:xdc_runtime_HeapStd_Module__diagsIncluded__C)
                  000089a8    00000004     empty_pem4f.oem4f (.const:xdc_runtime_HeapStd_Module__diagsMask__C)
                  000089ac    00000004     empty_pem4f.oem4f (.const:xdc_runtime_IFilterLogger_Interface__BASE__C)
                  000089b0    00000004     empty_pem4f.oem4f (.const:xdc_runtime_IGateProvider_Interface__BASE__C)
                  000089b4    00000004     empty_pem4f.oem4f (.const:xdc_runtime_IHeap_Interface__BASE__C)
                  000089b8    00000004     empty_pem4f.oem4f (.const:xdc_runtime_ILogger_Interface__BASE__C)
                  000089bc    00000004     empty_pem4f.oem4f (.const:xdc_runtime_IModule_Interface__BASE__C)
                  000089c0    00000004     empty_pem4f.oem4f (.const:xdc_runtime_Log_L_error__C)
                  000089c4    00000004     empty_pem4f.oem4f (.const:xdc_runtime_Log_L_info__C)
                  000089c8    00000004     empty_pem4f.oem4f (.const:xdc_runtime_Main_Module__diagsEnabled__C)
                  000089cc    00000004     empty_pem4f.oem4f (.const:xdc_runtime_Main_Module__diagsIncluded__C)
                  000089d0    00000004     empty_pem4f.oem4f (.const:xdc_runtime_Main_Module__diagsMask__C)
                  000089d4    00000004     empty_pem4f.oem4f (.const:xdc_runtime_Main_Module__loggerFxn4__C)
                  000089d8    00000004     empty_pem4f.oem4f (.const:xdc_runtime_Main_Module__loggerObj__C)
                  000089dc    00000004     empty_pem4f.oem4f (.const:xdc_runtime_Memory_defaultHeapInstance__C)
                  000089e0    00000004     empty_pem4f.oem4f (.const:xdc_runtime_Startup_execImpl__C)
                  000089e4    00000004     empty_pem4f.oem4f (.const:xdc_runtime_Startup_lastFxns__A)
                  000089e8    00000004     empty_pem4f.oem4f (.const:xdc_runtime_Startup_maxPasses__C)
                  000089ec    00000004     empty_pem4f.oem4f (.const:xdc_runtime_Startup_sfxnRts__C)
                  000089f0    00000004     empty_pem4f.oem4f (.const:xdc_runtime_Startup_sfxnTab__C)
                  000089f4    00000004     empty_pem4f.oem4f (.const:xdc_runtime_SysMin_bufSize__C)
                  000089f8    00000004     empty_pem4f.oem4f (.const:xdc_runtime_SysMin_outputFunc__C)
                  000089fc    00000004     empty_pem4f.oem4f (.const:xdc_runtime_System_Module__gateObj__C)
                  00008a00    00000004     empty_pem4f.oem4f (.const:xdc_runtime_System_abortFxn__C)
                  00008a04    00000004     empty_pem4f.oem4f (.const:xdc_runtime_System_exitFxn__C)
                  00008a08    00000004     empty_pem4f.oem4f (.const:xdc_runtime_System_extendFxn__C)
                  00008a0c    00000004     empty_pem4f.oem4f (.const:xdc_runtime_System_maxAtexitHandlers__C)
                  00008a10    00000004     empty_pem4f.oem4f (.const:xdc_runtime_Text_charTab__C)
                  00008a14    00000004     empty_pem4f.oem4f (.const:xdc_runtime_Text_nameEmpty__C)
                  00008a18    00000004     empty_pem4f.oem4f (.const:xdc_runtime_Text_nameStatic__C)
                  00008a1c    00000004     empty_pem4f.oem4f (.const:xdc_runtime_Text_nameUnknown__C)
                  00008a20    00000004     empty_pem4f.oem4f (.const:xdc_runtime_Text_nodeTab__C)
                  00008a24    00000004     empty_pem4f.oem4f (.const:xdc_runtime_Text_visitRopeFxn__C)
                  00008a28    00000002     empty_pem4f.oem4f (.const:ti_sysbios_family_arm_lm4_TimestampProvider_useClockTimer__C)
                  00008a2a    00000002     empty_pem4f.oem4f (.const:ti_sysbios_family_arm_m3_Hwi_Module__id__C)
                  00008a2c    00000002     empty_pem4f.oem4f (.const:ti_sysbios_family_arm_m3_Hwi_Module__loggerDefined__C)
                  00008a2e    00000002     empty_pem4f.oem4f (.const:ti_sysbios_gates_GateMutex_Module__id__C)
                  00008a30    00000002     empty_pem4f.oem4f (.const:ti_sysbios_hal_Hwi_Module__id__C)
                  00008a32    00000002     empty_pem4f.oem4f (.const:ti_sysbios_knl_Clock_Module__id__C)
                  00008a34    00000002     empty_pem4f.oem4f (.const:ti_sysbios_knl_Clock_Module__loggerDefined__C)
                  00008a36    00000002     empty_pem4f.oem4f (.const:ti_sysbios_knl_Semaphore_Module__id__C)
                  00008a38    00000002     empty_pem4f.oem4f (.const:ti_sysbios_knl_Semaphore_Module__loggerDefined__C)
                  00008a3a    00000002     empty_pem4f.oem4f (.const:ti_sysbios_knl_Swi_Module__id__C)
                  00008a3c    00000002     empty_pem4f.oem4f (.const:ti_sysbios_knl_Swi_Module__loggerDefined__C)
                  00008a3e    00000002     empty_pem4f.oem4f (.const:ti_sysbios_knl_Task_Module__id__C)
                  00008a40    00000002     empty_pem4f.oem4f (.const:ti_sysbios_knl_Task_Module__loggerDefined__C)
                  00008a42    00000002     empty_pem4f.oem4f (.const:ti_sysbios_utils_Load_Module__id__C)
                  00008a44    00000002     empty_pem4f.oem4f (.const:ti_sysbios_utils_Load_Module__loggerDefined__C)
                  00008a46    00000002     empty_pem4f.oem4f (.const:ti_sysbios_utils_Load_autoAddTasks__C)
                  00008a48    00000002     empty_pem4f.oem4f (.const:ti_sysbios_utils_Load_updateInIdle__C)
                  00008a4a    00000002     empty_pem4f.oem4f (.const:ti_uia_loggers_LoggerStopMode_Module__id__C)
                  00008a4c    00000002     empty_pem4f.oem4f (.const:ti_uia_loggers_LoggerStopMode_isTimestampEnabled__C)
                  00008a4e    00000002     empty_pem4f.oem4f (.const:xdc_runtime_Core_Module__id__C)
                  00008a50    00000002     empty_pem4f.oem4f (.const:xdc_runtime_Error_Module__loggerDefined__C)
                  00008a52    00000002     empty_pem4f.oem4f (.const:xdc_runtime_Error_maxDepth__C)
                  00008a54    00000002     empty_pem4f.oem4f (.const:xdc_runtime_HeapStd_Module__id__C)
                  00008a56    00000002     empty_pem4f.oem4f (.const:xdc_runtime_Main_Module__id__C)
                  00008a58    00000002     empty_pem4f.oem4f (.const:xdc_runtime_Main_Module__loggerDefined__C)
                  00008a5a    00000002     empty_pem4f.oem4f (.const:xdc_runtime_Memory_Module__id__C)
                  00008a5c    00000002     empty_pem4f.oem4f (.const:xdc_runtime_SysMin_flushAtExit__C)
                  00008a5e    00000002     empty_pem4f.oem4f (.const:xdc_runtime_Text_charCnt__C)
                  00008a60    00000002     empty_pem4f.oem4f (.const:xdc_runtime_Text_isLoaded__C)
                  00008a62    00000002     empty_pem4f.oem4f (.const:xdc_runtime_Text_registryModsLastId__C)
                  00008a64    00000002     empty_pem4f.oem4f (.const:xdc_runtime_Text_unnamedModsLastId__C)

.cinit     0    00008a68    00000298     
                  00008a68    0000025e     (.cinit..data.load) [load image, compression = lzss]
                  00008cc6    00000002     --HOLE-- [fill = 0]
                  00008cc8    0000000c     (__TI_handler_table)
                  00008cd4    00000004     --HOLE-- [fill = 0]
                  00008cd8    00000008     (.cinit..bss.load) [load image, compression = zero_init]
                  00008ce0    00000008     (.cinit..vecs.load) [load image, compression = zero_init]
                  00008ce8    00000018     (__TI_cinit_table)

.bss       0    20000380    00002430     UNINITIALIZED
                  20000380    00001000     empty_pem4f.oem4f (.bss:taskStackSection)
                  20001380    00000400     (.common:ti_uia_loggers_LoggerStopMode_Instance_State_1_packetArray__A)
                  20001780    00000400     (.common:ti_uia_loggers_LoggerStopMode_Instance_State_2_packetArray__A)
                  20001b80    00000400     (.common:xdc_runtime_SysMin_Module_State_0_outbuf__A)
                  20001f80    00000360     (.common:ti_sysbios_family_arm_m3_Hwi_dispatchTable)
                  200022e0    00000008     (.common:parmbuf)
                  200022e8    00000004     (.common:ti_sysbios_knl_Task_Instance_State_0_hookEnv__A)
                  200022ec    00000004     (.common:ti_sysbios_knl_Task_Instance_State_1_hookEnv__A)
                  200022f0    00000010     --HOLE--
                  20002300    00000200     (.common:ti_uia_loggers_LoggerStopMode_Instance_State_0_packetArray__A)
                  20002500    00000120     rtsv7M4_T_le_v4SPD16_eabi.lib : trgmsg.c.obj (.bss:_CIOBUF_)
                  20002620    00000060     --HOLE--
                  20002680    00000030     (.common:ti_uia_loggers_LoggerStopMode_Instance_State_0_hdr__A)
                  200026b0    00000050     --HOLE--
                  20002700    00000030     (.common:ti_uia_loggers_LoggerStopMode_Instance_State_1_hdr__A)
                  20002730    00000050     --HOLE--
                  20002780    00000030     (.common:ti_uia_loggers_LoggerStopMode_Instance_State_2_hdr__A)

.data      0    200027b0    00000638     UNINITIALIZED
                  200027b0    000000a0     empty_pem4f.oem4f (.data:ti_sysbios_knl_Task_Object__table__V)
                  20002850    0000009c     empty_pem4f.oem4f (.data:ti_uia_loggers_LoggerStopMode_Object__table__V)
                  200028ec    00000098     empty_pem4f.oem4f (.data:ti_sysbios_utils_Load_Module__state__V)
                  20002984    00000080     empty_pem4f.oem4f (.data:ti_sysbios_family_arm_lm4_Timer_Object__table__V)
                  20002a04    00000080     empty_pem4f.oem4f (.data:ti_sysbios_knl_Swi_Module_State_0_readyQ__A)
                  20002a84    00000080     empty_pem4f.oem4f (.data:ti_sysbios_knl_Task_Module_State_0_readyQ__A)
                  20002b04    00000044     empty_pem4f.oem4f (.data:ti_sysbios_knl_Task_Module__state__V)
                  20002b48    00000038     empty_pem4f.oem4f (.data:ti_sysbios_gates_GateMutex_Object__table__V)
                  20002b80    00000038     empty_pem4f.oem4f (.data:ti_sysbios_utils_Load_Module_State_0_taskEnv__A)
                  20002bb8    00000034     empty_pem4f.oem4f (.data:ti_sysbios_family_arm_m3_Hwi_Module__state__V)
                  20002bec    00000030     empty_pem4f.oem4f (.data:ti_sysbios_family_arm_lm4_Timer_Module_State_0_device__A)
                  20002c1c    00000030     empty_pem4f.oem4f (.data:ti_sysbios_family_arm_m3_Hwi_Object__table__V)
                  20002c4c    00000030     empty_pem4f.oem4f (.data:ti_sysbios_knl_Swi_Object__table__V)
                  20002c7c    0000002c     empty_pem4f.oem4f (.data:ti_sysbios_knl_Clock_Module__state__V)
                  20002ca8    00000024     empty_pem4f.oem4f (.data:ti_sysbios_BIOS_Module__state__V)
                  20002ccc    00000020     empty_pem4f.oem4f (.data:xdc_runtime_System_Module_State_0_atexitHandlers__A)
                  20002cec    0000001c     empty_pem4f.oem4f (.data:ti_sysbios_knl_Swi_Module__state__V)
                  20002d08    00000018     empty_pem4f.oem4f (.data:ti_sysbios_family_arm_lm4_Timer_Module_State_0_handles__A)
                  20002d20    0000000c     empty_pem4f.oem4f (.data:ti_sysbios_family_arm_lm4_Timer_Module__state__V)
                  20002d2c    0000000c     empty_pem4f.oem4f (.data:ti_sysbios_knl_Task_Module__root__V)
                  20002d38    0000000c     empty_pem4f.oem4f (.data:ti_uia_runtime_QueueDescriptor_Module__state__V)
                  20002d44    0000000c     empty_pem4f.oem4f (.data:xdc_runtime_HeapStd_Object__table__V)
                  20002d50    0000000c     empty_pem4f.oem4f (.data:xdc_runtime_SysMin_Module__state__V)
                  20002d5c    00000008     rtsv7M4_T_le_v4SPD16_eabi.lib : _lock.c.obj (.data:$O1$$)
                  20002d64    00000008     ti.uia.runtime.aem4f : QueueDescriptor.oem4f (.data)
                  20002d6c    00000008     empty_pem4f.oem4f (.data:ti_sysbios_family_arm_lm4_TimestampProvider_Module__state__V)
                  20002d74    00000008     empty_pem4f.oem4f (.data:ti_sysbios_gates_GateHwi_Module__root__V)
                  20002d7c    00000008     empty_pem4f.oem4f (.data:ti_sysbios_gates_GateMutex_Module__root__V)
                  20002d84    00000008     empty_pem4f.oem4f (.data:ti_sysbios_knl_Queue_Module__root__V)
                  20002d8c    00000008     empty_pem4f.oem4f (.data:ti_sysbios_knl_Semaphore_Module__root__V)
                  20002d94    00000008     empty_pem4f.oem4f (.data:ti_uia_loggers_LoggerStopMode_Module__root__V)
                  20002d9c    00000008     empty_pem4f.oem4f (.data:xdc_runtime_HeapStd_Module__root__V)
                  20002da4    00000008     empty_pem4f.oem4f (.data:xdc_runtime_Registry_Module__state__V)
                  20002dac    00000008     empty_pem4f.oem4f (.data:xdc_runtime_Startup_Module__state__V)
                  20002db4    00000008     empty_pem4f.oem4f (.data:xdc_runtime_System_Module__state__V)
                  20002dbc    00000004     rtsv7M4_T_le_v4SPD16_eabi.lib : stkdepth_vars.c.obj (.data)
                  20002dc0    00000004     empty_pem4f.oem4f (.data:ti_sysbios_family_arm_m3_Hwi_Module_State_0_excContext__A)
                  20002dc4    00000004     empty_pem4f.oem4f (.data:ti_sysbios_family_arm_m3_Hwi_Module_State_0_excStack__A)
                  20002dc8    00000004     empty_pem4f.oem4f (.data:ti_sysbios_gates_GateHwi_Object__table__V)
                  20002dcc    00000004     empty_pem4f.oem4f (.data:ti_sysbios_knl_Task_Module_State_0_idleTask__A)
                  20002dd0    00000004     empty_pem4f.oem4f (.data:ti_sysbios_utils_Load_Module_State_0_runningTask__A)
                  20002dd4    00000004     empty_pem4f.oem4f (.data:ti_sysbios_utils_Load_Module_State_0_taskStartTime__A)
                  20002dd8    00000004     empty_pem4f.oem4f (.data:xdc_runtime_HeapStd_Module__state__V)
                  20002ddc    00000004     empty_pem4f.oem4f (.data:xdc_runtime_Memory_Module__state__V)
                  20002de0    00000002     main.obj (.data)
                  20002de2    00000002     empty_pem4f.oem4f (.data:ti_sysbios_family_arm_m3_Hwi_Module_State_0_excActive__A)
                  20002de4    00000002     empty_pem4f.oem4f (.data:xdc_runtime_Error_Module__state__V)
                  20002de6    00000002     empty_pem4f.oem4f (.data:xdc_runtime_Main_Module__root__V)

.stack     0    20002de8    00000400     UNINITIALIZED
                  20002de8    00000400     --HOLE--

.bootVecs 
*          0    00000000    00000008     DSECT
                  00000000    00000008     boot.aem4f : boot.oem4f (.bootVecs)

.vecs      0    20000000    00000360     UNINITIALIZED
                  20000000    00000360     empty_pem4f.oem4f (.vecs)

xdc.meta   0    00000000    000000e4     COPY SECTION
                  00000000    000000e4     empty_pem4f.oem4f (xdc.meta)

MODULE SUMMARY

       Module                       code    ro data   rw data
       ------                       ----    -------   -------
    .\
       main.obj                     316     0         2      
    +--+----------------------------+-------+---------+---------+
       Total:                       316     0         2      
                                                             
    C:\Users\perez\workspace_v9\blink_TM4C_TASK\Debug\configPkg\package\cfg\
       empty_pem4f.oem4f            3114    9946      11130  
    +--+----------------------------+-------+---------+---------+
       Total:                       3114    9946      11130  
                                                             
    C:/ti/tirtos_tivac_2_16_00_08/products/TivaWare_C_Series-2.1.1.71b/driverlib/ccs/Debug/driverlib.lib
       sysctl.obj                   566     108       0      
       gpio.obj                     382     0         0      
       timer.obj                    114     0         0      
    +--+----------------------------+-------+---------+---------+
       Total:                       1062    108       0      
                                                             
    C:\Users\perez\workspace_v9\blink_TM4C_TASK\src\sysbios\sysbios.aem4f
       BIOS.obj                     13238   0         0      
       m3_Hwi_asm.obj               314     0         0      
       m3_TaskSupport_asm.obj       180     0         0      
       m3_Hwi_asm_switch.obj        118     0         0      
    +--+----------------------------+-------+---------+---------+
       Total:                       13850   0         0      
                                                             
    C:\ti\ccs910\ccs\tools\compiler\ti-cgt-arm_18.12.2.LTS\lib\rtsv7M4_T_le_v4SPD16_eabi.lib
       trgmsg.c.obj                 108     0         288    
       memcpy_t2.asm.obj            156     0         0      
       memset_t2.asm.obj            122     0         0      
       copy_decompress_lzss.c.obj   104     0         0      
       hostwrite.c.obj              88      0         0      
       cpy_tbl.c.obj                76      0         0      
       u_divt2.asm.obj              64      0         0      
       _lock.c.obj                  26      0         8      
       args_main.c.obj              24      0         0      
       strlen.c.obj                 20      0         0      
       copy_decompress_none.c.obj   14      0         0      
       copy_zero_init.c.obj         12      0         0      
       hostopen.c.obj               0       0         8      
       exit.c.obj                   4       0         0      
       stkdepth_vars.c.obj          0       0         4      
       div0.asm.obj                 2       0         0      
    +--+----------------------------+-------+---------+---------+
       Total:                       820     0         308    
                                                             
    C:\ti\tirtos_tivac_2_16_00_08\products\bios_6_45_01_29\packages\ti\catalog\arm\cortexm4\tiva\ce\lib\Boot.aem4f
       Boot_sysctl.oem4f            262     0         0      
       Boot.oem4f                   152     0         0      
    +--+----------------------------+-------+---------+---------+
       Total:                       414     0         0      
                                                             
    C:\ti\tirtos_tivac_2_16_00_08\products\bios_6_45_01_29\packages\ti\targets\arm\rtsarm\lib\auto_init.aem4f
       auto_init.oem4f              160     0         0      
    +--+----------------------------+-------+---------+---------+
       Total:                       160     0         0      
                                                             
    C:\ti\tirtos_tivac_2_16_00_08\products\bios_6_45_01_29\packages\ti\targets\arm\rtsarm\lib\boot.aem4f
       boot.oem4f                   88      0         0      
    +--+----------------------------+-------+---------+---------+
       Total:                       88      0         0      
                                                             
    C:\ti\tirtos_tivac_2_16_00_08\products\bios_6_45_01_29\packages\ti\targets\arm\rtsarm\lib\ti.targets.arm.rtsarm.aem4f
       System.oem4f                 1255    0         0      
       HeapStd.oem4f                714     0         0      
       Text.oem4f                   672     0         0      
       Error.oem4f                  524     0         0      
       Core-mem.oem4f               358     0         0      
       Startup.oem4f                328     0         0      
       SysMin.oem4f                 248     0         0      
       Core-smem.oem4f              204     0         0      
       Memory.oem4f                 176     0         0      
       Assert.oem4f                 84      0         0      
       Core-params.oem4f            70      0         0      
       Core-label.oem4f             52      0         0      
       Registry.oem4f               32      0         0      
       Gate.oem4f                   28      0         0      
    +--+----------------------------+-------+---------+---------+
       Total:                       4745    0         0      
                                                             
    C:\ti\tirtos_tivac_2_16_00_08\products\uia_2_00_05_50\packages\ti\uia\loggers\lib\release\ti.uia.loggers.aem4f
       LoggerStopMode.oem4f         552     0         0      
    +--+----------------------------+-------+---------+---------+
       Total:                       552     0         0      
                                                             
    C:\ti\tirtos_tivac_2_16_00_08\products\uia_2_00_05_50\packages\ti\uia\runtime\lib\release\ti.uia.runtime.aem4f
       QueueDescriptor.oem4f        116     0         8      
    +--+----------------------------+-------+---------+---------+
       Total:                       116     0         8      
                                                             
       Stack:                       0       0         1024   
       Linker Generated:            0       658       0      
    +--+----------------------------+-------+---------+---------+
       Grand Total:                 25237   10712     12472  


LINKER GENERATED COPY TABLES

__TI_cinit_table @ 00008ce8 records: 3, size/record: 8, table size: 24
	.data: load addr=00008a68, load size=0000025e bytes, run addr=200027b0, run size=00000638 bytes, compression=lzss
	.bss: load addr=00008cd8, load size=00000008 bytes, run addr=20000380, run size=00002430 bytes, compression=zero_init
	.vecs: load addr=00008ce0, load size=00000008 bytes, run addr=20000000, run size=00000360 bytes, compression=zero_init


LINKER GENERATED HANDLER TABLE

__TI_handler_table @ 00008cc8 records: 3, size/record: 4, table size: 12
	index: 0, handler: __TI_decompress_lzss
	index: 1, handler: __TI_decompress_none
	index: 2, handler: __TI_zero_init


GLOBAL SYMBOLS: SORTED ALPHABETICALLY BY Name 

address   name                                                              
-------   ----                                                              
000007bd  C$$EXIT                                                           
0000545b  C$$IO$$                                                           
00005959  GPIODirModeSet                                                    
00001c21  GPIOPadConfigSet                                                  
0000450b  GPIOPinRead                                                       
00005ed3  GPIOPinTypeGPIOOutput                                             
000056eb  GPIOPinWrite                                                      
00004bc1  HOSTwrite                                                         
UNDEFED   SHT$$INIT_ARRAY$$Base                                             
UNDEFED   SHT$$INIT_ARRAY$$Limit                                            
00002099  SysCtlClockGet                                                    
00002b81  SysCtlClockSet                                                    
000062f9  SysCtlDelay                                                       
00005549  SysCtlPeripheralEnable                                            
000048cd  TimerConfigure                                                    
00006075  TimerLoadSet                                                      
00000000  __ASM__                                                           
20002500  __CIOBUF_                                                         
00000062  __ISA__                                                           
00000075  __PLAT__                                                          
200031e8  __STACK_END                                                       
00000400  __STACK_SIZE                                                      
20002ee8  __STACK_TOP                                                       
00000096  __TARG__                                                          
00008ce8  __TI_CINIT_Base                                                   
00008d00  __TI_CINIT_Limit                                                  
00008cc8  __TI_Handler_Table_Base                                           
00008cd4  __TI_Handler_Table_Limit                                          
00003d29  __TI_auto_init                                                    
000046c5  __TI_decompress_lzss                                              
000061c1  __TI_decompress_none                                              
[...]
000087e0  ti_sysbios_family_arm_m3_Hwi_E_reserved__C                        
000087e4  ti_sysbios_family_arm_m3_Hwi_E_svCall__C                          
000087e8  ti_sysbios_family_arm_m3_Hwi_E_usageFault__C                      
000087ec  ti_sysbios_family_arm_m3_Hwi_LD_end__C                            
000087f0  ti_sysbios_family_arm_m3_Hwi_LM_begin__C                          
000087f4  ti_sysbios_family_arm_m3_Hwi_Module__diagsEnabled__C              
000087f8  ti_sysbios_family_arm_m3_Hwi_Module__diagsIncluded__C             
000087fc  ti_sysbios_family_arm_m3_Hwi_Module__diagsMask__C                 
00008800  ti_sysbios_family_arm_m3_Hwi_Module__loggerFxn1__C                
00008804  ti_sysbios_family_arm_m3_Hwi_Module__loggerFxn8__C                
00008808  ti_sysbios_family_arm_m3_Hwi_Module__loggerObj__C                 
0000880c  ti_sysbios_family_arm_m3_Hwi_NUM_INTERRUPTS__C                    
00008810  ti_sysbios_family_arm_m3_Hwi_Object__count__C                     
00008814  ti_sysbios_family_arm_m3_Hwi_ccr__C                               
00008818  ti_sysbios_family_arm_m3_Hwi_excHandlerFunc__C                    
0000881c  ti_sysbios_family_arm_m3_Hwi_excHookFuncs__C                      
00008820  ti_sysbios_family_arm_m3_Hwi_nullIsrFunc__C                       
00008824  ti_sysbios_family_arm_m3_Hwi_priGroup__C                          
00008828  ti_sysbios_gates_GateMutex_A_badContext__C                        
0000882c  ti_sysbios_gates_GateMutex_Instance_State_sem__O                  
00008830  ti_sysbios_gates_GateMutex_Module__diagsEnabled__C                
00008834  ti_sysbios_gates_GateMutex_Module__diagsIncluded__C               
00008838  ti_sysbios_gates_GateMutex_Module__diagsMask__C                   
0000883c  ti_sysbios_hal_Hwi_E_stackOverflow__C                             
00008840  ti_sysbios_heaps_HeapMem_Object__count__C                         
00008844  ti_sysbios_knl_Clock_LM_begin__C                                  
00008848  ti_sysbios_knl_Clock_LM_tick__C                                   
0000884c  ti_sysbios_knl_Clock_LW_delayed__C                                
00008850  ti_sysbios_knl_Clock_Module_State_clockQ__O                       
00008854  ti_sysbios_knl_Clock_Module__diagsEnabled__C                      
00008858  ti_sysbios_knl_Clock_Module__diagsIncluded__C                     
0000885c  ti_sysbios_knl_Clock_Module__diagsMask__C                         
00008860  ti_sysbios_knl_Clock_Module__loggerFxn1__C                        
00008864  ti_sysbios_knl_Clock_Module__loggerFxn2__C                        
00008868  ti_sysbios_knl_Clock_Module__loggerObj__C                         
0000886c  ti_sysbios_knl_Semaphore_A_badContext__C                          
00008870  ti_sysbios_knl_Semaphore_A_noEvents__C                            
00008874  ti_sysbios_knl_Semaphore_A_overflow__C                            
00008878  ti_sysbios_knl_Semaphore_A_pendTaskDisabled__C                    
0000887c  ti_sysbios_knl_Semaphore_Instance_State_pendQ__O                  
00008880  ti_sysbios_knl_Semaphore_LM_pend__C                               
00008884  ti_sysbios_knl_Semaphore_LM_post__C                               
00008888  ti_sysbios_knl_Semaphore_Module__diagsEnabled__C                  
0000888c  ti_sysbios_knl_Semaphore_Module__diagsIncluded__C                 
00008890  ti_sysbios_knl_Semaphore_Module__diagsMask__C                     
00008894  ti_sysbios_knl_Semaphore_Module__loggerFxn2__C                    
00008898  ti_sysbios_knl_Semaphore_Module__loggerFxn4__C                    
0000889c  ti_sysbios_knl_Semaphore_Module__loggerObj__C                     
000088a0  ti_sysbios_knl_Swi_LD_end__C                                      
000088a4  ti_sysbios_knl_Swi_LM_begin__C                                    
000088a8  ti_sysbios_knl_Swi_LM_post__C                                     
000088ac  ti_sysbios_knl_Swi_Module__diagsEnabled__C                        
000088b0  ti_sysbios_knl_Swi_Module__diagsIncluded__C                       
000088b4  ti_sysbios_knl_Swi_Module__diagsMask__C                           
000088b8  ti_sysbios_knl_Swi_Module__loggerFxn1__C                          
000088bc  ti_sysbios_knl_Swi_Module__loggerFxn4__C                          
000088c0  ti_sysbios_knl_Swi_Module__loggerObj__C                           
000088c4  ti_sysbios_knl_Swi_Object__count__C                               
000088c8  ti_sysbios_knl_Task_A_badTimeout__C                               
000088cc  ti_sysbios_knl_Task_A_sleepTaskDisabled__C                        
000088d0  ti_sysbios_knl_Task_E_spOutOfBounds__C                            
000088d4  ti_sysbios_knl_Task_E_stackOverflow__C                            
000088d8  ti_sysbios_knl_Task_LD_block__C                                   
000088dc  ti_sysbios_knl_Task_LD_exit__C                                    
000088e0  ti_sysbios_knl_Task_LD_ready__C                                   
000088e4  ti_sysbios_knl_Task_LM_sleep__C                                   
000088e8  ti_sysbios_knl_Task_LM_switch__C                                  
000088ec  ti_sysbios_knl_Task_Module_State_inactiveQ__O                     
000088f0  ti_sysbios_knl_Task_Module__diagsEnabled__C                       
000088f4  ti_sysbios_knl_Task_Module__diagsIncluded__C                      
000088f8  ti_sysbios_knl_Task_Module__diagsMask__C                          
000088fc  ti_sysbios_knl_Task_Module__loggerFxn2__C                         
00008900  ti_sysbios_knl_Task_Module__loggerFxn4__C                         
00008904  ti_sysbios_knl_Task_Module__loggerObj__C                          
00008908  ti_sysbios_knl_Task_Object__count__C                              
0000890c  ti_sysbios_knl_Task_Object__heap__C                               
00008910  ti_sysbios_knl_Task_allBlockedFunc__C                             
00008914  ti_sysbios_knl_Task_numConstructedTasks__C                        
00008918  ti_sysbios_utils_Load_LS_cpuLoad__C                               
0000891c  ti_sysbios_utils_Load_LS_taskLoad__C                              
00008920  ti_sysbios_utils_Load_Module_State_taskList__O                    
00008924  ti_sysbios_utils_Load_Module__diagsEnabled__C                     
00008928  ti_sysbios_utils_Load_Module__diagsIncluded__C                    
0000892c  ti_sysbios_utils_Load_Module__diagsMask__C                        
00008930  ti_sysbios_utils_Load_Module__loggerFxn1__C                       
00008934  ti_sysbios_utils_Load_Module__loggerFxn4__C                       
00008938  ti_sysbios_utils_Load_Module__loggerObj__C                        
0000893c  ti_sysbios_utils_Load_postUpdate__C                               
00008940  ti_sysbios_utils_Load_windowInMs__C                               
00008944  ti_uia_loggers_LoggerStopMode_Module__diagsEnabled__C             
00008948  ti_uia_loggers_LoggerStopMode_Module__diagsIncluded__C            
0000894c  ti_uia_loggers_LoggerStopMode_Module__diagsMask__C                
00008950  ti_uia_loggers_LoggerStopMode_Object__count__C                    
00008954  ti_uia_runtime_ILoggerSnapshot_Interface__BASE__C                 
00008958  ti_uia_runtime_IUIATransfer_Interface__BASE__C                    
0000895c  xdc_runtime_Assert_E_assertFailed__C                              
00008960  xdc_runtime_Core_A_initializedParams__C                           
00008964  xdc_runtime_Core_Module__diagsEnabled__C                          
00008968  xdc_runtime_Core_Module__diagsIncluded__C                         
0000896c  xdc_runtime_Core_Module__diagsMask__C                             
00008970  xdc_runtime_Error_E_memory__C                                     
00008974  xdc_runtime_Error_Module__diagsEnabled__C                         
00008978  xdc_runtime_Error_Module__diagsIncluded__C                        
0000897c  xdc_runtime_Error_Module__diagsMask__C                            
00008980  xdc_runtime_Error_Module__loggerFxn8__C                           
00008984  xdc_runtime_Error_Module__loggerObj__C                            
00008988  xdc_runtime_Error_policyFxn__C                                    
0000898c  xdc_runtime_Error_raiseHook__C                                    
00008990  xdc_runtime_HeapStd_A_align__C                                    
00008994  xdc_runtime_HeapStd_A_invalidTotalFreeSize__C                     
00008998  xdc_runtime_HeapStd_A_zeroSize__C                                 
0000899c  xdc_runtime_HeapStd_E_noRTSMemory__C                              
000089a0  xdc_runtime_HeapStd_Module__diagsEnabled__C                       
000089a4  xdc_runtime_HeapStd_Module__diagsIncluded__C                      
000089a8  xdc_runtime_HeapStd_Module__diagsMask__C                          
000089ac  xdc_runtime_IFilterLogger_Interface__BASE__C                      
000089b0  xdc_runtime_IGateProvider_Interface__BASE__C                      
000089b4  xdc_runtime_IHeap_Interface__BASE__C                              
000089b8  xdc_runtime_ILogger_Interface__BASE__C                            
000089bc  xdc_runtime_IModule_Interface__BASE__C                            
000089c0  xdc_runtime_Log_L_error__C                                        
000089c4  xdc_runtime_Log_L_info__C                                         
000089c8  xdc_runtime_Main_Module__diagsEnabled__C                          
000089cc  xdc_runtime_Main_Module__diagsIncluded__C                         
000089d0  xdc_runtime_Main_Module__diagsMask__C                             
000089d4  xdc_runtime_Main_Module__loggerFxn4__C                            
000089d8  xdc_runtime_Main_Module__loggerObj__C                             
000089dc  xdc_runtime_Memory_defaultHeapInstance__C                         
000089e0  xdc_runtime_Startup_execImpl__C                                   
000089e4  xdc_runtime_Startup_lastFxns__A                                   
000089e8  xdc_runtime_Startup_maxPasses__C                                  
000089ec  xdc_runtime_Startup_sfxnRts__C                                    
000089f0  xdc_runtime_Startup_sfxnTab__C                                    
000089f4  xdc_runtime_SysMin_bufSize__C                                     
000089f8  xdc_runtime_SysMin_outputFunc__C                                  
000089fc  xdc_runtime_System_Module__gateObj__C                             
00008a00  xdc_runtime_System_abortFxn__C                                    
00008a04  xdc_runtime_System_exitFxn__C                                     
00008a08  xdc_runtime_System_extendFxn__C                                   
00008a0c  xdc_runtime_System_maxAtexitHandlers__C                           
00008a10  xdc_runtime_Text_charTab__C                                       
00008a14  xdc_runtime_Text_nameEmpty__C                                     
00008a18  xdc_runtime_Text_nameStatic__C                                    
00008a1c  xdc_runtime_Text_nameUnknown__C                                   
00008a20  xdc_runtime_Text_nodeTab__C                                       
00008a24  xdc_runtime_Text_visitRopeFxn__C                                  
00008a28  ti_sysbios_family_arm_lm4_TimestampProvider_useClockTimer__C      
00008a2a  ti_sysbios_family_arm_m3_Hwi_Module__id__C                        
00008a2c  ti_sysbios_family_arm_m3_Hwi_Module__loggerDefined__C             
00008a2e  ti_sysbios_gates_GateMutex_Module__id__C                          
00008a30  ti_sysbios_hal_Hwi_Module__id__C                                  
00008a32  ti_sysbios_knl_Clock_Module__id__C                                
00008a34  ti_sysbios_knl_Clock_Module__loggerDefined__C                     
00008a36  ti_sysbios_knl_Semaphore_Module__id__C                            
00008a38  ti_sysbios_knl_Semaphore_Module__loggerDefined__C                 
00008a3a  ti_sysbios_knl_Swi_Module__id__C                                  
00008a3c  ti_sysbios_knl_Swi_Module__loggerDefined__C                       
00008a3e  ti_sysbios_knl_Task_Module__id__C                                 
00008a40  ti_sysbios_knl_Task_Module__loggerDefined__C                      
00008a42  ti_sysbios_utils_Load_Module__id__C                               
00008a44  ti_sysbios_utils_Load_Module__loggerDefined__C                    
00008a46  ti_sysbios_utils_Load_autoAddTasks__C                             
00008a48  ti_sysbios_utils_Load_updateInIdle__C                             
00008a4a  ti_uia_loggers_LoggerStopMode_Module__id__C                       
00008a4c  ti_uia_loggers_LoggerStopMode_isTimestampEnabled__C               
00008a4e  xdc_runtime_Core_Module__id__C                                    
00008a50  xdc_runtime_Error_Module__loggerDefined__C                        
00008a52  xdc_runtime_Error_maxDepth__C                                     
00008a54  xdc_runtime_HeapStd_Module__id__C                                 
00008a56  xdc_runtime_Main_Module__id__C                                    
00008a58  xdc_runtime_Main_Module__loggerDefined__C                         
00008a5a  xdc_runtime_Memory_Module__id__C                                  
00008a5c  xdc_runtime_SysMin_flushAtExit__C                                 
00008a5e  xdc_runtime_Text_charCnt__C                                       
00008a60  xdc_runtime_Text_isLoaded__C                                      
00008a62  xdc_runtime_Text_registryModsLastId__C                            
00008a64  xdc_runtime_Text_unnamedModsLastId__C                             
00008a68  __TI_static_base__                                                
00008cc8  __TI_Handler_Table_Base                                           
00008cd4  __TI_Handler_Table_Limit                                          
00008ce8  __TI_CINIT_Base                                                   
00008d00  __TI_CINIT_Limit                                                  
20000000  ti_sysbios_family_arm_m3_Hwi_ramVectors                           
20000380  ti_sysbios_knl_Task_Instance_State_0_stack__A                     
20000b80  ti_sysbios_knl_Task_Instance_State_1_stack__A                     
20001380  ti_uia_loggers_LoggerStopMode_Instance_State_1_packetArray__A     
20001780  ti_uia_loggers_LoggerStopMode_Instance_State_2_packetArray__A     
20001b80  xdc_runtime_SysMin_Module_State_0_outbuf__A                       
20001f80  ti_sysbios_family_arm_m3_Hwi_dispatchTable                        
200022e0  parmbuf                                                           
200022e8  ti_sysbios_knl_Task_Instance_State_0_hookEnv__A                   
200022ec  ti_sysbios_knl_Task_Instance_State_1_hookEnv__A                   
20002300  ti_uia_loggers_LoggerStopMode_Instance_State_0_packetArray__A     
20002500  __CIOBUF_                                                         
20002680  ti_uia_loggers_LoggerStopMode_Instance_State_0_hdr__A             
20002700  ti_uia_loggers_LoggerStopMode_Instance_State_1_hdr__A             
20002780  ti_uia_loggers_LoggerStopMode_Instance_State_2_hdr__A             
200027b0  ti_sysbios_knl_Task_Object__table__V                              
20002850  ti_uia_loggers_LoggerStopMode_Object__table__V                    
200028ec  ti_sysbios_utils_Load_Module__state__V                            
20002984  ti_sysbios_family_arm_lm4_Timer_Object__table__V                  
20002a04  ti_sysbios_knl_Swi_Module_State_0_readyQ__A                       
20002a84  ti_sysbios_knl_Task_Module_State_0_readyQ__A                      
20002b04  ti_sysbios_knl_Task_Module__state__V                              
20002b48  ti_sysbios_gates_GateMutex_Object__table__V                       
20002b80  ti_sysbios_utils_Load_Module_State_0_taskEnv__A                   
20002bb8  ti_sysbios_family_arm_m3_Hwi_Module__state__V                     
20002bec  ti_sysbios_family_arm_lm4_Timer_Module_State_0_device__A          
20002c1c  ti_sysbios_family_arm_m3_Hwi_Object__table__V                     
20002c4c  ti_sysbios_knl_Swi_Object__table__V                               
20002c7c  ti_sysbios_knl_Clock_Module__state__V                             
20002ca8  ti_sysbios_BIOS_Module__state__V                                  
20002ccc  xdc_runtime_System_Module_State_0_atexitHandlers__A               
20002cec  ti_sysbios_knl_Swi_Module__state__V                               
20002d08  ti_sysbios_family_arm_lm4_Timer_Module_State_0_handles__A         
20002d20  ti_sysbios_family_arm_lm4_Timer_Module__state__V                  
20002d2c  ti_sysbios_knl_Task_Module__root__V                               
20002d38  ti_uia_runtime_QueueDescriptor_Module__state__V                   
20002d44  xdc_runtime_HeapStd_Object__table__V                              
20002d50  xdc_runtime_SysMin_Module__state__V                               
20002d5c  _lock                                                             
20002d60  _unlock                                                           
20002d64  ti_uia_runtime_QueueDescriptor_gPtrToFirstDescriptor              
20002d68  ti_uia_runtime_QueueDescriptor_gUpdateCount                       
20002d6c  ti_sysbios_family_arm_lm4_TimestampProvider_Module__state__V      
20002d74  ti_sysbios_gates_GateHwi_Module__root__V                          
20002d7c  ti_sysbios_gates_GateMutex_Module__root__V                        
20002d84  ti_sysbios_knl_Queue_Module__root__V                              
20002d8c  ti_sysbios_knl_Semaphore_Module__root__V                          
20002d94  ti_uia_loggers_LoggerStopMode_Module__root__V                     
20002d9c  xdc_runtime_HeapStd_Module__root__V                               
20002da4  xdc_runtime_Registry_Module__state__V                             
20002dac  xdc_runtime_Startup_Module__state__V                              
20002db4  xdc_runtime_System_Module__state__V                               
20002dbc  main_func_sp                                                      
20002dc0  ti_sysbios_family_arm_m3_Hwi_Module_State_0_excContext__A         
20002dc4  ti_sysbios_family_arm_m3_Hwi_Module_State_0_excStack__A           
20002dc8  ti_sysbios_gates_GateHwi_Object__table__V                         
20002dcc  ti_sysbios_knl_Task_Module_State_0_idleTask__A                    
20002dd0  ti_sysbios_utils_Load_Module_State_0_runningTask__A               
20002dd4  ti_sysbios_utils_Load_Module_State_0_taskStartTime__A             
20002dd8  xdc_runtime_HeapStd_Module__state__V                              
20002ddc  xdc_runtime_Memory_Module__state__V                               
20002de0  i16ToggleCount                                                    
20002de2  ti_sysbios_family_arm_m3_Hwi_Module_State_0_excActive__A          
20002de4  xdc_runtime_Error_Module__state__V                                
20002de6  xdc_runtime_Main_Module__root__V                                  
20002de8  __stack                                                           
20002ee8  __STACK_TOP                                                       
200031e8  __STACK_END                                                       
e000e000  ti_sysbios_family_arm_m3_Hwi_nvic                                 
ffffffff  __TI_pprof_out_hndl                                               
ffffffff  __TI_prof_data_size                                               
ffffffff  __TI_prof_data_start                                              
ffffffff  __binit__                                                         
ffffffff  __c_args__                                                        
ffffffff  binit                                                             
UNDEFED   SHT$$INIT_ARRAY$$Base                                             
UNDEFED   SHT$$INIT_ARRAY$$Limit                                            

[668 symbols]
